Archive member included to satisfy reference by file (symbol)

../../../libDaisy//build/libdaisy.a(daisy_seed.o)
                              build/LoopyTunes.o (daisy::DaisySeed::StartAudio(void (*)(float const* const*, float**, unsigned int)))
../../../libDaisy//build/libdaisy.a(codec_ak4556.o)
                              ../../../libDaisy//build/libdaisy.a(daisy_seed.o) (daisy::Ak4556::Init(dsy_gpio_pin))
../../../libDaisy//build/libdaisy.a(codec_wm8731.o)
                              ../../../libDaisy//build/libdaisy.a(daisy_seed.o) (daisy::Wm8731::Init(daisy::Wm8731::Config const&, daisy::I2CHandle))
../../../libDaisy//build/libdaisy.a(sdram.o)
                              ../../../libDaisy//build/libdaisy.a(daisy_seed.o) (SdramHandle::Init())
../../../libDaisy//build/libdaisy.a(audio.o)
                              ../../../libDaisy//build/libdaisy.a(daisy_seed.o) (daisy::AudioHandle::Init(daisy::AudioHandle::Config const&, daisy::SaiHandle))
../../../libDaisy//build/libdaisy.a(switch.o)
                              build/LoopyTunes.o (daisy::Switch::Init(dsy_gpio_pin, float))
../../../libDaisy//build/libdaisy.a(adc.o)
                              build/LoopyTunes.o (daisy::AdcChannelConfig::InitSingle(dsy_gpio_pin, daisy::AdcChannelConfig::ConversionSpeed))
../../../libDaisy//build/libdaisy.a(gpio.o)
                              ../../../libDaisy//build/libdaisy.a(daisy_seed.o) (daisy::GPIO::Init(daisy::Pin, daisy::GPIO::Mode, daisy::GPIO::Pull, daisy::GPIO::Speed))
../../../libDaisy//build/libdaisy.a(i2c.o)
                              ../../../libDaisy//build/libdaisy.a(daisy_seed.o) (daisy::I2CHandle::Init(daisy::I2CHandle::Config const&))
../../../libDaisy//build/libdaisy.a(qspi.o)
                              ../../../libDaisy//build/libdaisy.a(daisy_seed.o) (daisy::QSPIHandle::Init(daisy::QSPIHandle::Config const&))
../../../libDaisy//build/libdaisy.a(sai.o)
                              ../../../libDaisy//build/libdaisy.a(daisy_seed.o) (daisy::SaiHandle::Init(daisy::SaiHandle::Config const&))
../../../libDaisy//build/libdaisy.a(system.o)
                              ../../../libDaisy//build/libdaisy.a(daisy_seed.o) (daisy::System::DeInit())
../../../libDaisy//build/libdaisy.a(usbd_conf.o)
                              ../../../libDaisy//build/libdaisy.a(system.o) (hpcd_USB_OTG_HS)
../../../libDaisy//build/libdaisy.a(usbh_conf.o)
                              ../../../libDaisy//build/libdaisy.a(system.o) (hhcd_USB_OTG_HS)
../../../libDaisy//build/libdaisy.a(hal_map.o)
                              ../../../libDaisy//build/libdaisy.a(gpio.o) (dsy_hal_map_get_port)
../../../libDaisy//build/libdaisy.a(stm32h7xx_hal.o)
                              ../../../libDaisy//build/libdaisy.a(system.o) (HAL_Init)
../../../libDaisy//build/libdaisy.a(stm32h7xx_hal_adc.o)
                              ../../../libDaisy//build/libdaisy.a(adc.o) (HAL_ADC_ConfigChannel)
../../../libDaisy//build/libdaisy.a(stm32h7xx_hal_adc_ex.o)
                              ../../../libDaisy//build/libdaisy.a(adc.o) (HAL_ADCEx_Calibration_Start)
../../../libDaisy//build/libdaisy.a(stm32h7xx_hal_cortex.o)
                              ../../../libDaisy//build/libdaisy.a(stm32h7xx_hal.o) (HAL_NVIC_SetPriorityGrouping)
../../../libDaisy//build/libdaisy.a(stm32h7xx_hal_dma.o)
                              ../../../libDaisy//build/libdaisy.a(adc.o) (HAL_DMA_Init)
../../../libDaisy//build/libdaisy.a(stm32h7xx_hal_gpio.o)
                              ../../../libDaisy//build/libdaisy.a(sdram.o) (HAL_GPIO_Init)
../../../libDaisy//build/libdaisy.a(stm32h7xx_hal_hcd.o)
                              ../../../libDaisy//build/libdaisy.a(usbh_conf.o) (HAL_HCD_HC_Init)
../../../libDaisy//build/libdaisy.a(stm32h7xx_hal_i2c.o)
                              ../../../libDaisy//build/libdaisy.a(i2c.o) (HAL_I2C_Init)
../../../libDaisy//build/libdaisy.a(stm32h7xx_hal_i2c_ex.o)
                              ../../../libDaisy//build/libdaisy.a(i2c.o) (HAL_I2CEx_ConfigAnalogFilter)
../../../libDaisy//build/libdaisy.a(stm32h7xx_hal_pcd.o)
                              ../../../libDaisy//build/libdaisy.a(usbd_conf.o) (HAL_PCD_Init)
../../../libDaisy//build/libdaisy.a(stm32h7xx_hal_pcd_ex.o)
                              ../../../libDaisy//build/libdaisy.a(usbd_conf.o) (HAL_PCDEx_SetTxFiFo)
../../../libDaisy//build/libdaisy.a(stm32h7xx_hal_pwr_ex.o)
                              ../../../libDaisy//build/libdaisy.a(system.o) (HAL_PWREx_ConfigSupply)
../../../libDaisy//build/libdaisy.a(stm32h7xx_hal_qspi.o)
                              ../../../libDaisy//build/libdaisy.a(qspi.o) (HAL_QSPI_Init)
../../../libDaisy//build/libdaisy.a(stm32h7xx_hal_rcc.o)
                              ../../../libDaisy//build/libdaisy.a(system.o) (HAL_RCC_OscConfig)
../../../libDaisy//build/libdaisy.a(stm32h7xx_hal_rcc_ex.o)
                              ../../../libDaisy//build/libdaisy.a(system.o) (HAL_RCCEx_PeriphCLKConfig)
[...]
Memory Configuration

Name             Origin             Length             Attributes
FLASH            0x0000000008000000 0x0000000000020000 xr
DTCMRAM          0x0000000020000000 0x0000000000020000 xrw
SRAM             0x0000000024000000 0x0000000000080000 xrw
RAM_D2_DMA       0x0000000030000000 0x0000000000008000 xrw
RAM_D2           0x0000000030008000 0x0000000000040000 xrw
RAM_D3           0x0000000038000000 0x0000000000010000 xrw
BACKUP_SRAM      0x0000000038800000 0x0000000000001000 xrw
ITCMRAM          0x0000000000000000 0x0000000000010000 xrw
SDRAM            0x00000000c0000000 0x0000000004000000 xrw
QSPIFLASH        0x0000000090040000 0x00000000007c0000 xr
*default*        0x0000000000000000 0xffffffffffffffff

Linker script and memory map

LOAD /Library/DaisyToolchain/0.2.0/arm/bin/../lib/gcc/arm-none-eabi/10.3.1/thumb/v7e-m+dp/hard/crti.o
LOAD /Library/DaisyToolchain/0.2.0/arm/bin/../lib/gcc/arm-none-eabi/10.3.1/thumb/v7e-m+dp/hard/crtbegin.o
LOAD /Library/DaisyToolchain/0.2.0/arm/bin/../lib/gcc/arm-none-eabi/10.3.1/../../../../arm-none-eabi/lib/thumb/v7e-m+dp/hard/crt0.o
LOAD build/startup_stm32h750xx.o
LOAD build/LoopyTunes.o
LOAD build/Mixer.o
LOAD build/Track.o
LOAD build/Delay.o
LOAD build/Waveshaper.o
LOAD build/PitchShift.o
LOAD build/Filter.o
LOAD build/Reverb.o
LOAD build/revmodel.o
LOAD build/comb.o
LOAD build/allpass.o
LOAD build/MixerView.o
LOAD build/TrackView.o
LOAD build/AudioSlider.o
LOAD build/DelayView.o
LOAD build/FilterView.o
LOAD build/PitchShiftView.o
LOAD build/ReverbView.o
LOAD build/SteppedSlider.o
LOAD build/WaveshaperView.o
LOAD ../../../libDaisy//build/libdaisy.a
LOAD /Library/DaisyToolchain/0.2.0/arm/bin/../lib/gcc/arm-none-eabi/10.3.1/../../../../arm-none-eabi/lib/thumb/v7e-m+dp/hard/libnosys.a
LOAD ../../../DaisySP//build/libdaisysp.a
LOAD /Library/DaisyToolchain/0.2.0/arm/bin/../lib/gcc/arm-none-eabi/10.3.1/../../../../arm-none-eabi/lib/thumb/v7e-m+dp/hard/libstdc++_nano.a
LOAD /Library/DaisyToolchain/0.2.0/arm/bin/../lib/gcc/arm-none-eabi/10.3.1/../../../../arm-none-eabi/lib/thumb/v7e-m+dp/hard/libm.a
LOAD /Library/DaisyToolchain/0.2.0/arm/bin/../lib/gcc/arm-none-eabi/10.3.1/../../../../arm-none-eabi/lib/thumb/v7e-m+dp/hard/libc_nano.a
START GROUP
LOAD /Library/DaisyToolchain/0.2.0/arm/bin/../lib/gcc/arm-none-eabi/10.3.1/thumb/v7e-m+dp/hard/libgcc.a
LOAD /Library/DaisyToolchain/0.2.0/arm/bin/../lib/gcc/arm-none-eabi/10.3.1/../../../../arm-none-eabi/lib/thumb/v7e-m+dp/hard/libc_nano.a
END GROUP
START GROUP
LOAD /Library/DaisyToolchain/0.2.0/arm/bin/../lib/gcc/arm-none-eabi/10.3.1/thumb/v7e-m+dp/hard/libgcc.a
LOAD /Library/DaisyToolchain/0.2.0/arm/bin/../lib/gcc/arm-none-eabi/10.3.1/../../../../arm-none-eabi/lib/thumb/v7e-m+dp/hard/libc_nano.a
LOAD /Library/DaisyToolchain/0.2.0/arm/bin/../lib/gcc/arm-none-eabi/10.3.1/../../../../arm-none-eabi/lib/thumb/v7e-m+dp/hard/libnosys.a
END GROUP
START GROUP
LOAD /Library/DaisyToolchain/0.2.0/arm/bin/../lib/gcc/arm-none-eabi/10.3.1/thumb/v7e-m+dp/hard/libgcc.a
LOAD /Library/DaisyToolchain/0.2.0/arm/bin/../lib/gcc/arm-none-eabi/10.3.1/../../../../arm-none-eabi/lib/thumb/v7e-m+dp/hard/libc_nano.a
LOAD /Library/DaisyToolchain/0.2.0/arm/bin/../lib/gcc/arm-none-eabi/10.3.1/../../../../arm-none-eabi/lib/thumb/v7e-m+dp/hard/libnosys.a
END GROUP
LOAD /Library/DaisyToolchain/0.2.0/arm/bin/../lib/gcc/arm-none-eabi/10.3.1/thumb/v7e-m+dp/hard/crtend.o
LOAD /Library/DaisyToolchain/0.2.0/arm/bin/../lib/gcc/arm-none-eabi/10.3.1/thumb/v7e-m+dp/hard/crtn.o
                0x0000000020020000                _estack = 0x20020000

.isr_vector     0x0000000090040000      0x298
                0x0000000090040000                . = ALIGN (0x4)
 *(.isr_vector)
 .isr_vector    0x0000000090040000      0x298 build/startup_stm32h750xx.o
                0x0000000090040000                g_pfnVectors
                0x0000000090040298                . = ALIGN (0x4)

.text           0x00000000900402a0    0x17624
                0x00000000900402a0                . = ALIGN (0x4)
                0x00000000900402a0                _stext = .
 *(.text)
 .text          0x00000000900402a0       0x40 /Library/DaisyToolchain/0.2.0/arm/bin/../lib/gcc/arm-none-eabi/10.3.1/thumb/v7e-m+dp/hard/crtbegin.o
 .text          0x00000000900402e0       0x10 /Library/DaisyToolchain/0.2.0/arm/bin/../lib/gcc/arm-none-eabi/10.3.1/../../../../arm-none-eabi/lib/thumb/v7e-m+dp/hard/libc_nano.a(lib_a-strlen.o)
                0x00000000900402e0                strlen
 .text          0x00000000900402f0       0xa0 /Library/DaisyToolchain/0.2.0/arm/bin/../lib/gcc/arm-none-eabi/10.3.1/../../../../arm-none-eabi/lib/thumb/v7e-m+dp/hard/libc_nano.a(lib_a-memchr.o)
                0x00000000900402f0                memchr
 .text          0x0000000090040390       0x30 /Library/DaisyToolchain/0.2.0/arm/bin/../lib/gcc/arm-none-eabi/10.3.1/thumb/v7e-m+dp/hard/libgcc.a(_aeabi_uldivmod.o)
                0x0000000090040390                __aeabi_uldivmod
 .text          0x00000000900403c0      0x2d0 /Library/DaisyToolchain/0.2.0/arm/bin/../lib/gcc/arm-none-eabi/10.3.1/thumb/v7e-m+dp/hard/libgcc.a(_udivmoddi4.o)
                0x00000000900403c0                __udivmoddi4
 .text          0x0000000090040690        0x4 /Library/DaisyToolchain/0.2.0/arm/bin/../lib/gcc/arm-none-eabi/10.3.1/thumb/v7e-m+dp/hard/libgcc.a(_dvmd_tls.o)
                0x0000000090040690                __aeabi_ldiv0
                0x0000000090040690                __aeabi_idiv0
 *(.text*)
 .text.Default_Handler
                0x0000000090040694        0x2 build/startup_stm32h750xx.o
                0x0000000090040694                SAI1_IRQHandler
                0x0000000090040694                HASH_RNG_IRQHandler
                0x0000000090040694                EXTI2_IRQHandler
                0x0000000090040694                TIM8_CC_IRQHandler
                0x0000000090040694                HRTIM1_Master_IRQHandler
                0x0000000090040694                DebugMon_Handler
                0x0000000090040694                TIM1_CC_IRQHandler
                0x0000000090040694                BDMA_Channel6_IRQHandler
                0x0000000090040694                DMA2_Stream5_IRQHandler
                0x0000000090040694                HRTIM1_FLT_IRQHandler
                0x0000000090040694                JPEG_IRQHandler
                0x0000000090040694                BDMA_Channel1_IRQHandler
                0x0000000090040694                HRTIM1_TIMD_IRQHandler
                0x0000000090040694                TAMP_STAMP_IRQHandler
                0x0000000090040694                PendSV_Handler
                0x0000000090040694                NMI_Handler
                0x0000000090040694                EXTI3_IRQHandler
                0x0000000090040694                LPTIM4_IRQHandler
                0x0000000090040694                TIM8_TRG_COM_TIM14_IRQHandler
                0x0000000090040694                LPTIM2_IRQHandler
                0x0000000090040694                DFSDM1_FLT1_IRQHandler
                0x0000000090040694                DMAMUX2_OVR_IRQHandler
                0x0000000090040694                TIM8_UP_TIM13_IRQHandler
                0x0000000090040694                I2C3_ER_IRQHandler
                0x0000000090040694                DFSDM1_FLT2_IRQHandler
                0x0000000090040694                MDMA_IRQHandler
                0x0000000090040694                LPTIM3_IRQHandler
                0x0000000090040694                HSEM1_IRQHandler
                0x0000000090040694                EXTI0_IRQHandler
                0x0000000090040694                FPU_IRQHandler
                0x0000000090040694                OTG_HS_WKUP_IRQHandler
                0x0000000090040694                FDCAN1_IT1_IRQHandler
                0x0000000090040694                UsageFault_Handler
                0x0000000090040694                LTDC_ER_IRQHandler
                0x0000000090040694                HRTIM1_TIME_IRQHandler
                0x0000000090040694                TIM6_DAC_IRQHandler
                0x0000000090040694                DCMI_IRQHandler
                0x0000000090040694                HRTIM1_TIMC_IRQHandler
                0x0000000090040694                SAI2_IRQHandler
                0x0000000090040694                DFSDM1_FLT3_IRQHandler
                0x0000000090040694                TIM17_IRQHandler
                0x0000000090040694                CRYP_IRQHandler
                0x0000000090040694                BDMA_Channel7_IRQHandler
                0x0000000090040694                LPTIM5_IRQHandler
                0x0000000090040694                ADC3_IRQHandler
                0x0000000090040694                DMA2_Stream0_IRQHandler
                0x0000000090040694                BDMA_Channel2_IRQHandler
                0x0000000090040694                DMAMUX1_OVR_IRQHandler
                0x0000000090040694                TIM16_IRQHandler
                0x0000000090040694                BDMA_Channel5_IRQHandler
                0x0000000090040694                RCC_IRQHandler
                0x0000000090040694                TIM8_BRK_TIM12_IRQHandler
                0x0000000090040694                TIM1_TRG_COM_IRQHandler
                0x0000000090040694                Default_Handler
                0x0000000090040694                ECC_IRQHandler
                0x0000000090040694                CEC_IRQHandler
                0x0000000090040694                EXTI15_10_IRQHandler
                0x0000000090040694                BDMA_Channel0_IRQHandler
                0x0000000090040694                ADC_IRQHandler
                0x0000000090040694                DMA1_Stream7_IRQHandler
                0x0000000090040694                HRTIM1_TIMA_IRQHandler
                0x0000000090040694                TIM7_IRQHandler
                0x0000000090040694                SDMMC1_IRQHandler
                0x0000000090040694                DMA2_Stream7_IRQHandler
                0x0000000090040694                TIM15_IRQHandler
                0x0000000090040694                PVD_AVD_IRQHandler
                0x0000000090040694                EXTI9_5_IRQHandler
                0x0000000090040694                RTC_WKUP_IRQHandler
                0x0000000090040694                LTDC_IRQHandler
                0x0000000090040694                SAI3_IRQHandler
                0x0000000090040694                ETH_WKUP_IRQHandler
                0x0000000090040694                SPDIF_RX_IRQHandler
                0x0000000090040694                MemManage_Handler
                0x0000000090040694                SVC_Handler
                0x0000000090040694                CRS_IRQHandler
                0x0000000090040694                EXTI4_IRQHandler
                0x0000000090040694                HRTIM1_TIMB_IRQHandler
                0x0000000090040694                FDCAN2_IT1_IRQHandler
                0x0000000090040694                ETH_IRQHandler
                0x0000000090040694                TIM1_UP_IRQHandler
                0x0000000090040694                BDMA_Channel4_IRQHandler
                0x0000000090040694                WWDG_IRQHandler
                0x0000000090040694                SPI6_IRQHandler
                0x0000000090040694                I2C4_EV_IRQHandler
                0x0000000090040694                MDIOS_IRQHandler
                0x0000000090040694                FDCAN2_IT0_IRQHandler
                0x0000000090040694                FDCAN1_IT0_IRQHandler
                0x0000000090040694                OTG_FS_WKUP_IRQHandler
                0x0000000090040694                DMA2D_IRQHandler
                0x0000000090040694                TIM1_BRK_IRQHandler
                0x0000000090040694                EXTI1_IRQHandler
                0x0000000090040694                SDMMC2_IRQHandler
                0x0000000090040694                OTG_FS_EP1_OUT_IRQHandler
                0x0000000090040694                BDMA_Channel3_IRQHandler
                0x0000000090040694                MDIOS_WKUP_IRQHandler
                0x0000000090040694                DFSDM1_FLT0_IRQHandler
                0x0000000090040694                SAI4_IRQHandler
                0x0000000090040694                I2C2_ER_IRQHandler
                0x0000000090040694                DMA2_Stream1_IRQHandler
                0x0000000090040694                FLASH_IRQHandler
                0x0000000090040694                BusFault_Handler
                0x0000000090040694                OTG_FS_IRQHandler
                0x0000000090040694                WAKEUP_PIN_IRQHandler
                0x0000000090040694                OTG_FS_EP1_IN_IRQHandler
                0x0000000090040694                I2C1_ER_IRQHandler
                0x0000000090040694                FMC_IRQHandler
                0x0000000090040694                FDCAN_CAL_IRQHandler
                0x0000000090040694                SWPMI1_IRQHandler
                0x0000000090040694                COMP1_IRQHandler
                0x0000000090040694                LPTIM1_IRQHandler
                0x0000000090040694                I2C4_ER_IRQHandler
                0x0000000090040694                DMA2_Stream6_IRQHandler
                0x0000000090040694                RTC_Alarm_IRQHandler
 *fill*         0x0000000090040696        0x2 
 .text.Reset_Handler
                0x0000000090040698       0x38 build/startup_stm32h750xx.o
                0x0000000090040698                Reset_Handler
 .text._ZN5daisy9DaisySeedD2Ev
                0x00000000900406d0        0x2 build/LoopyTunes.o
                0x00000000900406d0                daisy::DaisySeed::~DaisySeed()
                0x00000000900406d0                daisy::DaisySeed::~DaisySeed()
 .text._Z11navCallbackv
                0x00000000900406d2        0x2 build/LoopyTunes.o
                0x00000000900406d2                navCallback()
 .text.__tcf_0  0x00000000900406d4        0x2 build/LoopyTunes.o
 .text.__tcf_2  0x00000000900406d6        0x2 build/LoopyTunes.o
 .text._ZNSt17_Function_handlerIFvvEPS0_E10_M_managerERSt9_Any_dataRKS3_St18_Manager_operation
                0x00000000900406d8       0x14 build/LoopyTunes.o
                0x00000000900406d8                std::_Function_handler<void (), void (*)()>::_M_manager(std::_Any_data&, std::_Any_data const&, std::_Manager_operation)
 .text._ZNSt17_Function_handlerIFvvEPS0_E9_M_invokeERKSt9_Any_data
                0x00000000900406ec        0x4 build/LoopyTunes.o
                0x00000000900406ec                std::_Function_handler<void (), void (*)()>::_M_invoke(std::_Any_data const&)
 .text.__tcf_3  0x00000000900406f0        0x2 build/LoopyTunes.o
 .text.__tcf_1  0x00000000900406f2        0x2 build/LoopyTunes.o
 .text._ZNSt14_Function_baseD2Ev
                0x00000000900406f4       0x12 build/LoopyTunes.o
                0x00000000900406f4                std::_Function_base::~_Function_base()
                0x00000000900406f4                std::_Function_base::~_Function_base()
 .text._ZN12KeypadDriverD2Ev
                0x0000000090040706       0x26 build/LoopyTunes.o
                0x0000000090040706                KeypadDriver::~KeypadDriver()
                0x0000000090040706                KeypadDriver::~KeypadDriver()
 .text._ZN13EncoderDriverD2Ev
                0x000000009004072c       0x1c build/LoopyTunes.o
                0x000000009004072c                EncoderDriver::~EncoderDriver()
                0x000000009004072c                EncoderDriver::~EncoderDriver()
 .text._ZN5TrackD2Ev
                0x0000000090040748       0xa8 build/LoopyTunes.o
                0x0000000090040748                Track::~Track()
                0x0000000090040748                Track::~Track()
 .text._ZN5Mixer12MixerChannelC2Ev
                0x00000000900407f0       0x6c build/LoopyTunes.o
                0x00000000900407f0                Mixer::MixerChannel::MixerChannel()
                0x00000000900407f0                Mixer::MixerChannel::MixerChannel()
 .text._ZN5Mixer12MixerChannelD2Ev
                0x000000009004085c       0x1a build/LoopyTunes.o
                0x000000009004085c                Mixer::MixerChannel::~MixerChannel()
                0x000000009004085c                Mixer::MixerChannel::~MixerChannel()
 .text._ZN5MixerD2Ev
                0x0000000090040876       0x3e build/LoopyTunes.o
                0x0000000090040876                Mixer::~Mixer()
                0x0000000090040876                Mixer::~Mixer()
 .text._Z4initv
                0x00000000900408b4      0x1c8 build/LoopyTunes.o
                0x00000000900408b4                init()
 .text.startup.main
                0x0000000090040a7c       0xa0 build/LoopyTunes.o
                0x0000000090040a7c                main
 .text._ZNKSt8functionIFvfEEclEf
                0x0000000090040b1c       0x1a build/LoopyTunes.o
                0x0000000090040b1c                std::function<void (float)>::operator()(float) const
 .text._ZN13EncoderDriver4tickEv
                0x0000000090040b36       0xf6 build/LoopyTunes.o
                0x0000000090040b36                EncoderDriver::tick()
 .text._Z13AudioCallbackPKPKfPPfj
                0x0000000090040c2c       0x58 build/LoopyTunes.o
                0x0000000090040c2c                AudioCallback(float const* const*, float**, unsigned int)
 .text.startup._GLOBAL__sub_I_hw
                0x0000000090040c84      0x11c build/LoopyTunes.o
 .text._ZNSt17_Function_handlerIFvfEZN5Mixer4initEPN5daisy9DaisySeedEPPfS6_S6_S6_EUlfE_E9_M_invokeERKSt9_Any_dataOf
                0x0000000090040da0        0xe build/Mixer.o
 .text._ZNSt17_Function_handlerIFvfEZN5Mixer4initEPN5daisy9DaisySeedEPPfS6_S6_S6_EUlfE0_E9_M_invokeERKSt9_Any_dataOf
                0x0000000090040dae        0xe build/Mixer.o
 .text._ZNSt17_Function_handlerIFvfEZN5Mixer4initEPN5daisy9DaisySeedEPPfS6_S6_S6_EUlfE1_E9_M_invokeERKSt9_Any_dataOf
                0x0000000090040dbc       0x10 build/Mixer.o
 .text._ZNSt17_Function_handlerIFvfEZN5Mixer4initEPN5daisy9DaisySeedEPPfS6_S6_S6_EUlfE2_E9_M_invokeERKSt9_Any_dataOf
                0x0000000090040dcc       0x10 build/Mixer.o
 .text._ZNSt17_Function_handlerIFvfEZN5Mixer4initEPN5daisy9DaisySeedEPPfS6_S6_S6_EUlfE3_E9_M_invokeERKSt9_Any_dataOf
                0x0000000090040ddc       0x10 build/Mixer.o
 .text._ZNSt17_Function_handlerIFvfEZN5Mixer4initEPN5daisy9DaisySeedEPPfS6_S6_S6_EUlfE3_E10_M_managerERSt9_Any_dataRKS9_St18_Manager_operation
                0x0000000090040dec       0x14 build/Mixer.o
 .text._ZNSt17_Function_handlerIFvfEZN5Mixer4initEPN5daisy9DaisySeedEPPfS6_S6_S6_EUlfE2_E10_M_managerERSt9_Any_dataRKS9_St18_Manager_operation
                0x0000000090040e00       0x14 build/Mixer.o
 .text._ZNSt17_Function_handlerIFvfEZN5Mixer4initEPN5daisy9DaisySeedEPPfS6_S6_S6_EUlfE1_E10_M_managerERSt9_Any_dataRKS9_St18_Manager_operation
                0x0000000090040e14       0x14 build/Mixer.o
 .text._ZNSt17_Function_handlerIFvfEZN5Mixer4initEPN5daisy9DaisySeedEPPfS6_S6_S6_EUlfE0_E10_M_managerERSt9_Any_dataRKS9_St18_Manager_operation
                0x0000000090040e28       0x14 build/Mixer.o
 .text._ZNSt17_Function_handlerIFvfEZN5Mixer4initEPN5daisy9DaisySeedEPPfS6_S6_S6_EUlfE_E10_M_managerERSt9_Any_dataRKS9_St18_Manager_operation
                0x0000000090040e3c       0x14 build/Mixer.o
 .text._ZNSt8functionIFvfEEaSERKS1_.isra.0
                0x0000000090040e50       0x54 build/Mixer.o
 *fill*         0x0000000090040ea4        0x4 
 .text._ZN5Mixer12MixerChannel9getCurValEij
                0x0000000090040ea8       0x4c build/Mixer.o
                0x0000000090040ea8                Mixer::MixerChannel::getCurVal(int, unsigned int)
 .text._ZN5Mixer4initEPN5daisy9DaisySeedEPPfS4_S4_S4_
                0x0000000090040ef4      0x270 build/Mixer.o
                0x0000000090040ef4                Mixer::init(daisy::DaisySeed*, float**, float**, float**, float**)
 .text._ZN5Mixer15initMixChannelsEPPfS1_S1_S1_S1_
                0x0000000090041164      0x3a8 build/Mixer.o
                0x0000000090041164                Mixer::initMixChannels(float**, float**, float**, float**, float**)
 .text._ZN5Mixer6initFXEP13EncoderDriverPPN7daisysp9DelayLineIfLj240000EEES6_S6_S6_
                0x000000009004150c       0x46 build/Mixer.o
                0x000000009004150c                Mixer::initFX(EncoderDriver*, daisysp::DelayLine<float, 240000u>**, daisysp::DelayLine<float, 240000u>**, daisysp::DelayLine<float, 240000u>**, daisysp::DelayLine<float, 240000u>**)
 .text._ZN5Mixer17processInputBlockEPKfS1_j
                0x0000000090041552       0x4a build/Mixer.o
                0x0000000090041552                Mixer::processInputBlock(float const*, float const*, unsigned int)
 .text._ZN5Mixer9setMixDivEv
                0x000000009004159c       0x68 build/Mixer.o
                0x000000009004159c                Mixer::setMixDiv()
 .text._ZN5Mixer9mixOutputEj
                0x0000000090041604       0xdc build/Mixer.o
                0x0000000090041604                Mixer::mixOutput(unsigned int)
 .text._ZN5Mixer18processOutputBlockEPfS0_j
                0x00000000900416e0       0xa2 build/Mixer.o
                0x00000000900416e0                Mixer::processOutputBlock(float*, float*, unsigned int)
 .text._ZN14AudioParameterIfE4tickEv
                0x0000000090041782       0x78 build/Mixer.o
                0x0000000090041782                AudioParameter<float>::tick()
 .text._ZN5Mixer4tickEv
                0x00000000900417fa       0x5a build/Mixer.o
                0x00000000900417fa                Mixer::tick()
 .text._ZNSt17_Function_handlerIFvvEZN5Track4initEPPfi12dsy_gpio_pinS4_EUlvE0_E10_M_managerERSt9_Any_dataRKS7_St18_Manager_operation
                0x0000000090041854       0x14 build/Track.o
 .text._ZNSt17_Function_handlerIFvvEZN5Track4initEPPfi12dsy_gpio_pinS4_EUlvE_E10_M_managerERSt9_Any_dataRKS7_St18_Manager_operation
                0x0000000090041868       0x14 build/Track.o
 .text._ZN15BinaryParameter4initE12dsy_gpio_pinfSt8functionIFvvEE
                0x000000009004187c       0x64 build/Track.o
                0x000000009004187c                BinaryParameter::init(dsy_gpio_pin, float, std::function<void ()>)
 .text._ZN15BinaryParameter4tickEv
                0x00000000900418e0       0x28 build/Track.o
                0x00000000900418e0                BinaryParameter::tick()
 .text._ZN5Track6initFXEP13EncoderDriverPPN7daisysp9DelayLineIfLj240000EEE
                0x0000000090041908       0x5c build/Track.o
                0x0000000090041908                Track::initFX(EncoderDriver*, daisysp::DelayLine<float, 240000u>**)
 .text._ZN5Track4tickEv
                0x0000000090041964       0x14 build/Track.o
                0x0000000090041964                Track::tick()
 .text._ZN5Track11resetBufferEv
                0x0000000090041978       0x22 build/Track.o
                0x0000000090041978                Track::resetBuffer()
 *fill*         0x000000009004199a        0x2 
 .text._ZN5Track4initEPPfi12dsy_gpio_pinS2_
                0x000000009004199c       0x90 build/Track.o
                0x000000009004199c                Track::init(float**, int, dsy_gpio_pin, dsy_gpio_pin)
 .text._ZN5Track14setIsRecordingEv
                0x0000000090041a2c       0x22 build/Track.o
                0x0000000090041a2c                Track::setIsRecording()
 .text._ZNSt17_Function_handlerIFvvEZN5Track4initEPPfi12dsy_gpio_pinS4_EUlvE_E9_M_invokeERKSt9_Any_data
                0x0000000090041a4e        0x6 build/Track.o
 .text._ZN5Track12setIsPlayingEv
                0x0000000090041a54       0x1c build/Track.o
                0x0000000090041a54                Track::setIsPlaying()
 .text._ZNSt17_Function_handlerIFvvEZN5Track4initEPPfi12dsy_gpio_pinS4_EUlvE0_E9_M_invokeERKSt9_Any_data
                0x0000000090041a70        0x6 build/Track.o
 .text._ZN5Track17incrementWritePosEv
                0x0000000090041a76       0x10 build/Track.o
                0x0000000090041a76                Track::incrementWritePos()
 .text._ZN5Track16incrementReadPosEv
                0x0000000090041a86       0x22 build/Track.o
                0x0000000090041a86                Track::incrementReadPos()
 .text._ZN5Track17processInputBlockEPKfS1_j
                0x0000000090041aa8       0x46 build/Track.o
                0x0000000090041aa8                Track::processInputBlock(float const*, float const*, unsigned int)
 .text._ZN5Track18processOutputBlockEPPfj
                0x0000000090041aee       0x3c build/Track.o
                0x0000000090041aee                Track::processOutputBlock(float**, unsigned int)
 .text._ZNSt17_Function_handlerIFvfEZN5Delay4initEP13EncoderDriveriPPN7daisysp9DelayLineIfLj240000EEEEUlfE_E9_M_invokeERKSt9_Any_dataOf
                0x0000000090041b2a        0x8 build/Delay.o
 .text._ZNSt17_Function_handlerIFvfEZN5Delay4initEP13EncoderDriveriPPN7daisysp9DelayLineIfLj240000EEEEUlfE1_E9_M_invokeERKSt9_Any_dataOf
                0x0000000090041b32        0x8 build/Delay.o
 .text._ZNSt17_Function_handlerIFvfEZN5Delay4initEP13EncoderDriveriPPN7daisysp9DelayLineIfLj240000EEEEUlfE1_E10_M_managerERSt9_Any_dataRKSB_St18_Manager_operation
                0x0000000090041b3a       0x14 build/Delay.o
 .text._ZNSt17_Function_handlerIFvfEZN5Delay4initEP13EncoderDriveriPPN7daisysp9DelayLineIfLj240000EEEEUlfE0_E10_M_managerERSt9_Any_dataRKSB_St18_Manager_operation
                0x0000000090041b4e       0x14 build/Delay.o
 .text._ZNSt17_Function_handlerIFvfEZN5Delay4initEP13EncoderDriveriPPN7daisysp9DelayLineIfLj240000EEEEUlfE_E10_M_managerERSt9_Any_dataRKSB_St18_Manager_operation
                0x0000000090041b62       0x14 build/Delay.o
 *fill*         0x0000000090041b76        0x2 
 .text._ZNSt17_Function_handlerIFvfEZN5Delay4initEP13EncoderDriveriPPN7daisysp9DelayLineIfLj240000EEEEUlfE0_E9_M_invokeERKSt9_Any_dataOf
                0x0000000090041b78       0x38 build/Delay.o
 .text._ZNSt8functionIFvfEEaSERKS1_.isra.0
                0x0000000090041bb0       0x54 build/Delay.o
 .text._ZN5Delay16setDefaultValuesEv
                0x0000000090041c04       0x24 build/Delay.o
                0x0000000090041c04                Delay::setDefaultValues()
 .text._ZNSt6vectorIP16SteppedParameterSaIS1_EE17_M_realloc_insertIJRKS1_EEEvN9__gnu_cxx17__normal_iteratorIPS1_S3_EEDpOT_
                0x0000000090041c28       0xa0 build/Delay.o
                0x0000000090041c28                void std::vector<SteppedParameter*, std::allocator<SteppedParameter*> >::_M_realloc_insert<SteppedParameter* const&>(__gnu_cxx::__normal_iterator<SteppedParameter**, std::vector<SteppedParameter*, std::allocator<SteppedParameter*> > >, SteppedParameter* const&)
 .text._ZNSt6vectorIP16SteppedParameterSaIS1_EE9push_backERKS1_
                0x0000000090041cc8       0x1c build/Delay.o
                0x0000000090041cc8                std::vector<SteppedParameter*, std::allocator<SteppedParameter*> >::push_back(SteppedParameter* const&)
 .text._ZN5Delay4initEP13EncoderDriveriPPN7daisysp9DelayLineIfLj240000EEE
                0x0000000090041ce4      0x128 build/Delay.o
                0x0000000090041ce4                Delay::init(EncoderDriver*, int, daisysp::DelayLine<float, 240000u>**)
 .text._ZNSt17_Function_handlerIFvfEZN10Waveshaper4initEP13EncoderDriveriEUlfE_E9_M_invokeERKSt9_Any_dataOf
                0x0000000090041e0c        0xa build/Waveshaper.o
 .text._ZNSt17_Function_handlerIFvfEZN10Waveshaper4initEP13EncoderDriveriEUlfE1_E9_M_invokeERKSt9_Any_dataOf
                0x0000000090041e16        0xa build/Waveshaper.o
 .text._ZNSt17_Function_handlerIFvfEZN10Waveshaper4initEP13EncoderDriveriEUlfE1_E10_M_managerERSt9_Any_dataRKS6_St18_Manager_operation
                0x0000000090041e20       0x14 build/Waveshaper.o
 .text._ZNSt17_Function_handlerIFvfEZN10Waveshaper4initEP13EncoderDriveriEUlfE0_E10_M_managerERSt9_Any_dataRKS6_St18_Manager_operation
                0x0000000090041e34       0x14 build/Waveshaper.o
 .text._ZNSt17_Function_handlerIFvfEZN10Waveshaper4initEP13EncoderDriveriEUlfE_E10_M_managerERSt9_Any_dataRKS6_St18_Manager_operation
                0x0000000090041e48       0x14 build/Waveshaper.o
 .text._ZNSt8functionIFvfEEaSERKS1_.isra.0
                0x0000000090041e5c       0x54 build/Waveshaper.o
 .text._ZN10Waveshaper17scaleControlParamEv
                0x0000000090041eb0       0x7a build/Waveshaper.o
                0x0000000090041eb0                Waveshaper::scaleControlParam()
 .text._ZN10Waveshaper16setDefaultValuesEv
                0x0000000090041f2a       0x22 build/Waveshaper.o
                0x0000000090041f2a                Waveshaper::setDefaultValues()
 .text._ZNSt17_Function_handlerIFvfEZN10Waveshaper4initEP13EncoderDriveriEUlfE0_E9_M_invokeERKSt9_Any_dataOf
                0x0000000090041f4c       0x10 build/Waveshaper.o
 .text._ZN10Waveshaper4initEP13EncoderDriveri
                0x0000000090041f5c      0x190 build/Waveshaper.o
                0x0000000090041f5c                Waveshaper::init(EncoderDriver*, int)
 .text._ZNSt17_Function_handlerIFvfEZN10PitchShift4initEP13EncoderDriveriEUlfE_E9_M_invokeERKSt9_Any_dataOf
                0x00000000900420ec        0xc build/PitchShift.o
 .text._ZNSt17_Function_handlerIFvfEZN10PitchShift4initEP13EncoderDriveriEUlfE0_E10_M_managerERSt9_Any_dataRKS6_St18_Manager_operation
                0x00000000900420f8       0x14 build/PitchShift.o
 .text._ZNSt17_Function_handlerIFvfEZN10PitchShift4initEP13EncoderDriveriEUlfE_E10_M_managerERSt9_Any_dataRKS6_St18_Manager_operation
                0x000000009004210c       0x14 build/PitchShift.o
 .text._ZN7daisysp12PitchShifter16SetTranspositionERKf.isra.0
                0x0000000090042120       0xf0 build/PitchShift.o
 .text._ZNSt17_Function_handlerIFvfEZN10PitchShift4initEP13EncoderDriveriEUlfE0_E9_M_invokeERKSt9_Any_dataOf
                0x0000000090042210        0xc build/PitchShift.o
 .text._ZNSt8functionIFvfEEaSERKS1_.isra.0
                0x000000009004221c       0x54 build/PitchShift.o
 .text._ZN10PitchShift16setDefaultValuesEv
                0x0000000090042270       0x4c build/PitchShift.o
                0x0000000090042270                PitchShift::setDefaultValues()
 .text._ZN10PitchShift4initEP13EncoderDriveri
                0x00000000900422bc      0x1d4 build/PitchShift.o
                0x00000000900422bc                PitchShift::init(EncoderDriver*, int)
 .text._ZNSt17_Function_handlerIFvfEZN6Filter4initEP13EncoderDriveriEUlfE0_E10_M_managerERSt9_Any_dataRKS6_St18_Manager_operation
                0x0000000090042490       0x14 build/Filter.o
 .text._ZNSt17_Function_handlerIFvfEZN6Filter4initEP13EncoderDriveriEUlfE_E10_M_managerERSt9_Any_dataRKS6_St18_Manager_operation
                0x00000000900424a4       0x14 build/Filter.o
 .text._ZNSt17_Function_handlerIFvfEZN6Filter4initEP13EncoderDriveriEUlfE_E9_M_invokeERKSt9_Any_dataOf
                0x00000000900424b8       0x18 build/Filter.o
 .text._ZNSt17_Function_handlerIFvfEZN6Filter4initEP13EncoderDriveriEUlfE0_E9_M_invokeERKSt9_Any_dataOf
                0x00000000900424d0       0x44 build/Filter.o
 .text._ZNSt8functionIFvfEEaSERKS1_.isra.0
                0x0000000090042514       0x54 build/Filter.o
 .text._ZN6Filter16setDefaultValuesEv
                0x0000000090042568       0x1c build/Filter.o
                0x0000000090042568                Filter::setDefaultValues()
 .text._ZN6Filter4initEP13EncoderDriveri
                0x0000000090042584       0xb0 build/Filter.o
                0x0000000090042584                Filter::init(EncoderDriver*, int)
 .text._ZNSt17_Function_handlerIFvfEZN6Reverb4initEP13EncoderDriveriEUlfE3_E10_M_managerERSt9_Any_dataRKS6_St18_Manager_operation
                0x0000000090042634       0x14 build/Reverb.o
 .text._ZNSt17_Function_handlerIFvfEZN6Reverb4initEP13EncoderDriveriEUlfE2_E10_M_managerERSt9_Any_dataRKS6_St18_Manager_operation
                0x0000000090042648       0x14 build/Reverb.o
 .text._ZNSt17_Function_handlerIFvfEZN6Reverb4initEP13EncoderDriveriEUlfE1_E10_M_managerERSt9_Any_dataRKS6_St18_Manager_operation
                0x000000009004265c       0x14 build/Reverb.o
 .text._ZNSt17_Function_handlerIFvfEZN6Reverb4initEP13EncoderDriveriEUlfE0_E10_M_managerERSt9_Any_dataRKS6_St18_Manager_operation
                0x0000000090042670       0x14 build/Reverb.o
 .text._ZNSt17_Function_handlerIFvfEZN6Reverb4initEP13EncoderDriveriEUlfE_E10_M_managerERSt9_Any_dataRKS6_St18_Manager_operation
                0x0000000090042684       0x14 build/Reverb.o
 .text._ZNSt17_Function_handlerIFvfEZN6Reverb4initEP13EncoderDriveriEUlfE3_E9_M_invokeERKSt9_Any_dataOf
                0x0000000090042698        0xc build/Reverb.o
 .text._ZNSt17_Function_handlerIFvfEZN6Reverb4initEP13EncoderDriveriEUlfE2_E9_M_invokeERKSt9_Any_dataOf
                0x00000000900426a4        0xc build/Reverb.o
 .text._ZNSt17_Function_handlerIFvfEZN6Reverb4initEP13EncoderDriveriEUlfE1_E9_M_invokeERKSt9_Any_dataOf
                0x00000000900426b0        0xc build/Reverb.o
 .text._ZNSt17_Function_handlerIFvfEZN6Reverb4initEP13EncoderDriveriEUlfE0_E9_M_invokeERKSt9_Any_dataOf
                0x00000000900426bc        0xc build/Reverb.o
 .text._ZNSt8functionIFvfEEaSERKS1_.isra.0
                0x00000000900426c8       0x54 build/Reverb.o
 .text._ZN6Reverb9setAmountEf
                0x000000009004271c       0x2c build/Reverb.o
                0x000000009004271c                Reverb::setAmount(float)
 .text._ZN6Reverb16setDefaultValuesEv
                0x0000000090042748       0x4c build/Reverb.o
                0x0000000090042748                Reverb::setDefaultValues()
 .text._ZNSt17_Function_handlerIFvfEZN6Reverb4initEP13EncoderDriveriEUlfE_E9_M_invokeERKSt9_Any_dataOf
                0x0000000090042794        0xa build/Reverb.o
 *fill*         0x000000009004279e        0x2 
 .text._ZN6Reverb4initEP13EncoderDriveri
                0x00000000900427a0      0x1a0 build/Reverb.o
                0x00000000900427a0                Reverb::init(EncoderDriver*, int)
 .text._ZN8revmodel4muteEv
                0x0000000090042940       0x50 build/revmodel.o
                0x0000000090042940                revmodel::mute()
 .text._ZN8revmodel6updateEv
                0x0000000090042990       0xa0 build/revmodel.o
                0x0000000090042990                revmodel::update()
 .text._ZN8revmodelC2Ev
                0x0000000090042a30      0x2a4 build/revmodel.o
                0x0000000090042a30                revmodel::revmodel()
                0x0000000090042a30                revmodel::revmodel()
 .text._ZN8revmodel11setroomsizeEf
                0x0000000090042cd4       0x1c build/revmodel.o
                0x0000000090042cd4                revmodel::setroomsize(float)
 .text._ZN8revmodel7setdampEf
                0x0000000090042cf0       0x14 build/revmodel.o
                0x0000000090042cf0                revmodel::setdamp(float)
 .text._ZN8revmodel6setwetEf
                0x0000000090042d04       0x10 build/revmodel.o
                0x0000000090042d04                revmodel::setwet(float)
 .text._ZN8revmodel6setdryEf
                0x0000000090042d14        0xa build/revmodel.o
                0x0000000090042d14                revmodel::setdry(float)
 .text._ZN8revmodel8setwidthEf
                0x0000000090042d1e        0x8 build/revmodel.o
                0x0000000090042d1e                revmodel::setwidth(float)
 .text._ZN8revmodel7setmodeEf
                0x0000000090042d26        0x8 build/revmodel.o
                0x0000000090042d26                revmodel::setmode(float)
 .text._ZN4combC2Ev
                0x0000000090042d2e        0xa build/comb.o
                0x0000000090042d2e                comb::comb()
                0x0000000090042d2e                comb::comb()
 .text._ZN4comb9setbufferEPfi
                0x0000000090042d38        0x6 build/comb.o
                0x0000000090042d38                comb::setbuffer(float*, int)
 .text._ZN4comb4muteEv
                0x0000000090042d3e       0x1a build/comb.o
                0x0000000090042d3e                comb::mute()
 .text._ZN4comb7setdampEf
                0x0000000090042d58       0x12 build/comb.o
                0x0000000090042d58                comb::setdamp(float)
 .text._ZN4comb11setfeedbackEf
                0x0000000090042d6a        0x6 build/comb.o
                0x0000000090042d6a                comb::setfeedback(float)
 .text._ZN7allpassC2Ev
                0x0000000090042d70        0x6 build/allpass.o
                0x0000000090042d70                allpass::allpass()
                0x0000000090042d70                allpass::allpass()
 .text._ZN7allpass9setbufferEPfi
                0x0000000090042d76        0x6 build/allpass.o
                0x0000000090042d76                allpass::setbuffer(float*, int)
 .text._ZN7allpass4muteEv
                0x0000000090042d7c       0x1a build/allpass.o
                0x0000000090042d7c                allpass::mute()
 .text._ZN7allpass11setfeedbackEf
                0x0000000090042d96        0x6 build/allpass.o
                0x0000000090042d96                allpass::setfeedback(float)
 .text._ZN9MixerView4initEPN5daisy9DaisySeedEP13EncoderDriverP8UiDriverP12KeypadDriver
                0x0000000090042d9c       0x90 build/MixerView.o
                0x0000000090042d9c                MixerView::init(daisy::DaisySeed*, EncoderDriver*, UiDriver*, KeypadDriver*)
 .text._ZN9TrackView4initEiP13EncoderDriverP8UiDriverP12KeypadDriver
                0x0000000090042e2c       0x68 build/TrackView.o
                0x0000000090042e2c                TrackView::init(int, EncoderDriver*, UiDriver*, KeypadDriver*)
 .text._ZN11AudioSlider4initEiPN5daisy9DaisySeedE
                0x0000000090042e94        0xe build/AudioSlider.o
                0x0000000090042e94                AudioSlider::init(int, daisy::DaisySeed*)
 .text._ZN9DelayView4initEiP13EncoderDriverP8UiDriverP12KeypadDriver
                0x0000000090042ea2       0x40 build/DelayView.o
                0x0000000090042ea2                DelayView::init(int, EncoderDriver*, UiDriver*, KeypadDriver*)
 .text._ZN10FilterView4initEiP13EncoderDriverP8UiDriverP12KeypadDriver
                0x0000000090042ee2       0x40 build/FilterView.o
                0x0000000090042ee2                FilterView::init(int, EncoderDriver*, UiDriver*, KeypadDriver*)
 .text._ZN14PitchShiftView4initEiP13EncoderDriverP8UiDriverP12KeypadDriver
                0x0000000090042f22       0x30 build/PitchShiftView.o
                0x0000000090042f22                PitchShiftView::init(int, EncoderDriver*, UiDriver*, KeypadDriver*)
 .text._ZN10ReverbView4initEiP13EncoderDriverP8UiDriverP12KeypadDriver
                0x0000000090042f52       0x30 build/ReverbView.o
                0x0000000090042f52                ReverbView::init(int, EncoderDriver*, UiDriver*, KeypadDriver*)
 .text._ZN13SteppedSlider4initEiP13EncoderDriverP8UiDriver
                0x0000000090042f82       0x22 build/SteppedSlider.o
                0x0000000090042f82                SteppedSlider::init(int, EncoderDriver*, UiDriver*)
 .text._ZN14WaveshaperView4initEiP13EncoderDriverP8UiDriverP12KeypadDriver
                0x0000000090042fa4       0x40 build/WaveshaperView.o
                0x0000000090042fa4                WaveshaperView::init(int, EncoderDriver*, UiDriver*, KeypadDriver*)
 .text._ZN5daisy9DaisySeed10StartAudioEPFvPKPKfPPfjE
                0x0000000090042fe4        0x8 ../../../libDaisy//build/libdaisy.a(daisy_seed.o)
                0x0000000090042fe4                daisy::DaisySeed::StartAudio(void (*)(float const* const*, float**, unsigned int))
 .text._ZN5daisy9DaisySeed18SetAudioSampleRateENS_9SaiHandle6Config10SampleRateE
                0x0000000090042fec       0x38 ../../../libDaisy//build/libdaisy.a(daisy_seed.o)
                0x0000000090042fec                daisy::DaisySeed::SetAudioSampleRate(daisy::SaiHandle::Config::SampleRate)
 .text._ZN5daisy9DaisySeed17SetAudioBlockSizeEj
                0x0000000090043024       0x38 ../../../libDaisy//build/libdaisy.a(daisy_seed.o)
                0x0000000090043024                daisy::DaisySeed::SetAudioBlockSize(unsigned int)
 .text._ZN5daisy9DaisySeed17CheckBoardVersionEv
                0x000000009004305c       0x6c ../../../libDaisy//build/libdaisy.a(daisy_seed.o)
                0x000000009004305c                daisy::DaisySeed::CheckBoardVersion()
 .text._ZN5daisy9DaisySeed14ConfigureAudioEv
                0x00000000900430c8      0x10c ../../../libDaisy//build/libdaisy.a(daisy_seed.o)
                0x00000000900430c8                daisy::DaisySeed::ConfigureAudio()
 .text._ZN5daisy9DaisySeed4InitEb
                0x00000000900431d4      0x108 ../../../libDaisy//build/libdaisy.a(daisy_seed.o)
                0x00000000900431d4                daisy::DaisySeed::Init(bool)
 .text._ZN5daisy6Ak45564InitE12dsy_gpio_pin
                0x00000000900432dc       0x44 ../../../libDaisy//build/libdaisy.a(codec_ak4556.o)
                0x00000000900432dc                daisy::Ak4556::Init(dsy_gpio_pin)
 .text._ZN5daisy6Wm873120WriteControlRegisterEht
                0x0000000090043320       0x3c ../../../libDaisy//build/libdaisy.a(codec_wm8731.o)
                0x0000000090043320                daisy::Wm8731::WriteControlRegister(unsigned char, unsigned short)
 .text._ZN5daisy6Wm87314InitERKNS0_6ConfigENS_9I2CHandleE
                0x000000009004335c      0x1bc ../../../libDaisy//build/libdaisy.a(codec_wm8731.o)
                0x000000009004335c                daisy::Wm8731::Init(daisy::Wm8731::Config const&, daisy::I2CHandle)
 .text._ZN11SdramHandle10DeviceInitEv
                0x0000000090043518       0x98 ../../../libDaisy//build/libdaisy.a(sdram.o)
                0x0000000090043518                SdramHandle::DeviceInit()
 .text._ZN11SdramHandle4InitEv
                0x00000000900435b0       0x7c ../../../libDaisy//build/libdaisy.a(sdram.o)
                0x00000000900435b0                SdramHandle::Init()
 .text.HAL_SDRAM_MspInit
                0x000000009004362c      0x1a8 ../../../libDaisy//build/libdaisy.a(sdram.o)
                0x000000009004362c                HAL_SDRAM_MspInit
 .text._ZN5daisy11AudioHandle4Impl16InternalCallbackEPlS2_j
                0x00000000900437d4      0xbbc ../../../libDaisy//build/libdaisy.a(audio.o)
                0x00000000900437d4                daisy::AudioHandle::Impl::InternalCallback(long*, long*, unsigned int)
 .text._ZN5daisy11AudioHandle4InitERKNS0_6ConfigENS_9SaiHandleE
                0x0000000090044390       0x70 ../../../libDaisy//build/libdaisy.a(audio.o)
                0x0000000090044390                daisy::AudioHandle::Init(daisy::AudioHandle::Config const&, daisy::SaiHandle)
 .text._ZNK5daisy11AudioHandle9GetConfigEv
                0x0000000090044400        0x8 ../../../libDaisy//build/libdaisy.a(audio.o)
                0x0000000090044400                daisy::AudioHandle::GetConfig() const
 .text._ZN5daisy11AudioHandle12SetBlockSizeEj
                0x0000000090044408       0x1c ../../../libDaisy//build/libdaisy.a(audio.o)
                0x0000000090044408                daisy::AudioHandle::SetBlockSize(unsigned int)
 .text._ZN5daisy11AudioHandle13GetSampleRateEv
                0x0000000090044424        0x8 ../../../libDaisy//build/libdaisy.a(audio.o)
                0x0000000090044424                daisy::AudioHandle::GetSampleRate()
 .text._ZN5daisy11AudioHandle13SetSampleRateENS_9SaiHandle6Config10SampleRateE
                0x000000009004442c       0x88 ../../../libDaisy//build/libdaisy.a(audio.o)
                0x000000009004442c                daisy::AudioHandle::SetSampleRate(daisy::SaiHandle::Config::SampleRate)
 .text._ZN5daisy11AudioHandle5StartEPFvPKPKfPPfjE
                0x00000000900444b4       0x44 ../../../libDaisy//build/libdaisy.a(audio.o)
                0x00000000900444b4                daisy::AudioHandle::Start(void (*)(float const* const*, float**, unsigned int))
 .text.startup._GLOBAL__sub_I__ZN5daisy11AudioHandle4Impl4InitENS0_6ConfigENS_9SaiHandleE
                0x00000000900444f8       0x24 ../../../libDaisy//build/libdaisy.a(audio.o)
 .text._ZN5daisy6Switch4InitE12dsy_gpio_pinf
                0x000000009004451c       0x34 ../../../libDaisy//build/libdaisy.a(switch.o)
                0x000000009004451c                daisy::Switch::Init(dsy_gpio_pin, float)
 .text._ZN5daisy6Switch8DebounceEv
                0x0000000090044550       0x5c ../../../libDaisy//build/libdaisy.a(switch.o)
                0x0000000090044550                daisy::Switch::Debounce()
 .text._ZN5daisy16AdcChannelConfig10InitSingleE12dsy_gpio_pinNS0_15ConversionSpeedE
                0x00000000900445ac       0x28 ../../../libDaisy//build/libdaisy.a(adc.o)
                0x00000000900445ac                daisy::AdcChannelConfig::InitSingle(dsy_gpio_pin, daisy::AdcChannelConfig::ConversionSpeed)
 .text._ZN5daisy9AdcHandle4InitEPNS_16AdcChannelConfigEjNS0_12OverSamplingE
                0x00000000900445d4      0x41c ../../../libDaisy//build/libdaisy.a(adc.o)
                0x00000000900445d4                daisy::AdcHandle::Init(daisy::AdcChannelConfig*, unsigned int, daisy::AdcHandle::OverSampling)
 .text._ZN5daisy9AdcHandle5StartEv
                0x00000000900449f0       0x2c ../../../libDaisy//build/libdaisy.a(adc.o)
                0x00000000900449f0                daisy::AdcHandle::Start()
 .text._ZNK5daisy9AdcHandle8GetFloatEh
                0x0000000090044a1c       0x20 ../../../libDaisy//build/libdaisy.a(adc.o)
                0x0000000090044a1c                daisy::AdcHandle::GetFloat(unsigned char) const
 .text.HAL_ADC_MspInit
                0x0000000090044a3c       0x98 ../../../libDaisy//build/libdaisy.a(adc.o)
                0x0000000090044a3c                HAL_ADC_MspInit
 .text.DMA1_Stream2_IRQHandler
                0x0000000090044ad4        0xc ../../../libDaisy//build/libdaisy.a(adc.o)
                0x0000000090044ad4                DMA1_Stream2_IRQHandler
 .text.HAL_ADC_ConvCpltCallback
                0x0000000090044ae0      0x148 ../../../libDaisy//build/libdaisy.a(adc.o)
                0x0000000090044ae0                HAL_ADC_ConvCpltCallback
 .text.HAL_ADC_ErrorCallback
                0x0000000090044c28        0x4 ../../../libDaisy//build/libdaisy.a(adc.o)
                0x0000000090044c28                HAL_ADC_ErrorCallback
 .text._ZN5daisy4GPIO4InitENS_3PinENS0_4ModeENS0_4PullENS0_5SpeedE
                0x0000000090044c2c      0x1cc ../../../libDaisy//build/libdaisy.a(gpio.o)
                0x0000000090044c2c                daisy::GPIO::Init(daisy::Pin, daisy::GPIO::Mode, daisy::GPIO::Pull, daisy::GPIO::Speed)
 .text._ZN5daisy4GPIO4ReadEv
                0x0000000090044df8       0x18 ../../../libDaisy//build/libdaisy.a(gpio.o)
                0x0000000090044df8                daisy::GPIO::Read()
 .text._ZN5daisy4GPIO5WriteEb
                0x0000000090044e10       0x14 ../../../libDaisy//build/libdaisy.a(gpio.o)
                0x0000000090044e10                daisy::GPIO::Write(bool)
 .text.dsy_gpio_init
                0x0000000090044e24      0x1b8 ../../../libDaisy//build/libdaisy.a(gpio.o)
                0x0000000090044e24                dsy_gpio_init
 .text.dsy_gpio_read
                0x0000000090044fdc       0x1c ../../../libDaisy//build/libdaisy.a(gpio.o)
                0x0000000090044fdc                dsy_gpio_read
 .text.dsy_gpio_write
                0x0000000090044ff8       0x24 ../../../libDaisy//build/libdaisy.a(gpio.o)
                0x0000000090044ff8                dsy_gpio_write
 .text._ZN5daisy9I2CHandle4Impl8InitPinsEv
                0x000000009004501c       0x58 ../../../libDaisy//build/libdaisy.a(i2c.o)
                0x000000009004501c                daisy::I2CHandle::Impl::InitPins()
 .text.HAL_I2C_MspInit
                0x0000000090045074      0x1b4 ../../../libDaisy//build/libdaisy.a(i2c.o)
                0x0000000090045074                HAL_I2C_MspInit
 .text.dsy_i2c_global_init
                0x0000000090045228       0x78 ../../../libDaisy//build/libdaisy.a(i2c.o)
                0x0000000090045228                dsy_i2c_global_init
 .text.DMA1_Stream6_IRQHandler
                0x00000000900452a0       0x34 ../../../libDaisy//build/libdaisy.a(i2c.o)
                0x00000000900452a0                DMA1_Stream6_IRQHandler
 .text.I2C1_EV_IRQHandler
                0x00000000900452d4        0xc ../../../libDaisy//build/libdaisy.a(i2c.o)
                0x00000000900452d4                I2C1_EV_IRQHandler
 .text.I2C2_EV_IRQHandler
                0x00000000900452e0        0xc ../../../libDaisy//build/libdaisy.a(i2c.o)
                0x00000000900452e0                I2C2_EV_IRQHandler
 .text.I2C3_EV_IRQHandler
                0x00000000900452ec        0xc ../../../libDaisy//build/libdaisy.a(i2c.o)
                0x00000000900452ec                I2C3_EV_IRQHandler
 .text._ZN5daisy9I2CHandle4InitERKNS0_6ConfigE
                0x00000000900452f8      0x12c ../../../libDaisy//build/libdaisy.a(i2c.o)
                0x00000000900452f8                daisy::I2CHandle::Init(daisy::I2CHandle::Config const&)
 .text._ZN5daisy9I2CHandle16TransmitBlockingEtPhtm
                0x0000000090045424       0x50 ../../../libDaisy//build/libdaisy.a(i2c.o)
                0x0000000090045424                daisy::I2CHandle::TransmitBlocking(unsigned short, unsigned char*, unsigned short, unsigned long)
 .text.startup._GLOBAL__sub_I__ZN5daisy9I2CHandle4Impl10GlobalInitEv
                0x0000000090045474       0x18 ../../../libDaisy//build/libdaisy.a(i2c.o)
 .text._ZN5daisy10QSPIHandle4Impl11WriteEnableEv
                0x000000009004548c       0x8c ../../../libDaisy//build/libdaisy.a(qspi.o)
                0x000000009004548c                daisy::QSPIHandle::Impl::WriteEnable()
 .text._ZN5daisy10QSPIHandle4Impl17DummyCyclesConfigENS0_6Config6DeviceE
                0x0000000090045518      0x118 ../../../libDaisy//build/libdaisy.a(qspi.o)
                0x0000000090045518                daisy::QSPIHandle::Impl::DummyCyclesConfig(daisy::QSPIHandle::Config::Device)
 .text._ZN5daisy10QSPIHandle4Impl10QuadEnableEv
                0x0000000090045630      0x158 ../../../libDaisy//build/libdaisy.a(qspi.o)
                0x0000000090045630                daisy::QSPIHandle::Impl::QuadEnable()
 .text._ZN5daisy10QSPIHandle4InitERKNS0_6ConfigE
                0x0000000090045788      0x198 ../../../libDaisy//build/libdaisy.a(qspi.o)
                0x0000000090045788                daisy::QSPIHandle::Init(daisy::QSPIHandle::Config const&)
 .text.HAL_QSPI_MspInit
                0x0000000090045920      0x11c ../../../libDaisy//build/libdaisy.a(qspi.o)
                0x0000000090045920                HAL_QSPI_MspInit
 .text.HAL_QSPI_MspDeInit
                0x0000000090045a3c       0x54 ../../../libDaisy//build/libdaisy.a(qspi.o)
                0x0000000090045a3c                HAL_QSPI_MspDeInit
 .text.QUADSPI_IRQHandler
                0x0000000090045a90        0xc ../../../libDaisy//build/libdaisy.a(qspi.o)
                0x0000000090045a90                QUADSPI_IRQHandler
 .text.startup._GLOBAL__sub_I__ZN5daisy10QSPIHandle4Impl4InitERKNS0_6ConfigE
                0x0000000090045a9c       0x28 ../../../libDaisy//build/libdaisy.a(qspi.o)
 .text._ZN5daisy9SaiHandle4Impl7InitDmaENS1_15PeripheralBlockE
                0x0000000090045ac4       0xa0 ../../../libDaisy//build/libdaisy.a(sai.o)
                0x0000000090045ac4                daisy::SaiHandle::Impl::InitDma(daisy::SaiHandle::Impl::PeripheralBlock)
 .text._ZN5daisy9SaiHandle4Impl8InitPinsEv
                0x0000000090045b64       0xa8 ../../../libDaisy//build/libdaisy.a(sai.o)
                0x0000000090045b64                daisy::SaiHandle::Impl::InitPins()
 .text.HAL_SAI_MspInit
                0x0000000090045c0c      0x164 ../../../libDaisy//build/libdaisy.a(sai.o)
                0x0000000090045c0c                HAL_SAI_MspInit
 .text.DMA1_Stream0_IRQHandler
                0x0000000090045d70        0xc ../../../libDaisy//build/libdaisy.a(sai.o)
                0x0000000090045d70                DMA1_Stream0_IRQHandler
 .text.DMA1_Stream1_IRQHandler
                0x0000000090045d7c        0xc ../../../libDaisy//build/libdaisy.a(sai.o)
                0x0000000090045d7c                DMA1_Stream1_IRQHandler
 .text.DMA1_Stream3_IRQHandler
                0x0000000090045d88        0xc ../../../libDaisy//build/libdaisy.a(sai.o)
                0x0000000090045d88                DMA1_Stream3_IRQHandler
 .text.DMA1_Stream4_IRQHandler
                0x0000000090045d94        0xc ../../../libDaisy//build/libdaisy.a(sai.o)
                0x0000000090045d94                DMA1_Stream4_IRQHandler
 .text.HAL_SAI_RxHalfCpltCallback
                0x0000000090045da0       0x78 ../../../libDaisy//build/libdaisy.a(sai.o)
                0x0000000090045da0                HAL_SAI_RxHalfCpltCallback
 .text.HAL_SAI_RxCpltCallback
                0x0000000090045e18       0x70 ../../../libDaisy//build/libdaisy.a(sai.o)
                0x0000000090045e18                HAL_SAI_RxCpltCallback
 .text._ZN5daisy9SaiHandle4InitERKNS0_6ConfigE
                0x0000000090045e88      0x1f0 ../../../libDaisy//build/libdaisy.a(sai.o)
                0x0000000090045e88                daisy::SaiHandle::Init(daisy::SaiHandle::Config const&)
 .text._ZNK5daisy9SaiHandle9GetConfigEv
                0x0000000090046078        0x4 ../../../libDaisy//build/libdaisy.a(sai.o)
                0x0000000090046078                daisy::SaiHandle::GetConfig() const
 .text._ZN5daisy9SaiHandle8StartDmaEPlS1_jPFvS1_S1_jE
                0x000000009004607c       0xbc ../../../libDaisy//build/libdaisy.a(sai.o)
                0x000000009004607c                daisy::SaiHandle::StartDma(long*, long*, unsigned int, void (*)(long*, long*, unsigned int))
 .text._ZN5daisy9SaiHandle13GetSampleRateEv
                0x0000000090046138       0x24 ../../../libDaisy//build/libdaisy.a(sai.o)
                0x0000000090046138                daisy::SaiHandle::GetSampleRate()
 .text._ZNK5daisy9SaiHandle9GetOffsetEv
                0x000000009004615c        0x8 ../../../libDaisy//build/libdaisy.a(sai.o)
                0x000000009004615c                daisy::SaiHandle::GetOffset() const
 .text._ZN5daisy11TimerHandleD2Ev
                0x0000000090046164        0x4 ../../../libDaisy//build/libdaisy.a(system.o)
                0x0000000090046164                daisy::TimerHandle::~TimerHandle()
                0x0000000090046164                daisy::TimerHandle::~TimerHandle()
 .text.SysTick_Handler
                0x0000000090046168       0x10 ../../../libDaisy//build/libdaisy.a(system.o)
                0x0000000090046168                SysTick_Handler
 .text.OTG_HS_EP1_OUT_IRQHandler
                0x0000000090046178       0x24 ../../../libDaisy//build/libdaisy.a(system.o)
                0x0000000090046178                OTG_HS_EP1_OUT_IRQHandler
 .text.OTG_HS_EP1_IN_IRQHandler
                0x000000009004619c       0x24 ../../../libDaisy//build/libdaisy.a(system.o)
                0x000000009004619c                OTG_HS_EP1_IN_IRQHandler
 .text.OTG_HS_IRQHandler
                0x00000000900461c0       0x24 ../../../libDaisy//build/libdaisy.a(system.o)
                0x00000000900461c0                OTG_HS_IRQHandler
 .text.HardFault_Handler
                0x00000000900461e4       0xe0 ../../../libDaisy//build/libdaisy.a(system.o)
                0x00000000900461e4                HardFault_Handler
 .text._ZN5daisy6System6GetNowEv
                0x00000000900462c4        0x4 ../../../libDaisy//build/libdaisy.a(system.o)
                0x00000000900462c4                daisy::System::GetNow()
 .text._ZN5daisy6System5DelayEm
                0x00000000900462c8        0x4 ../../../libDaisy//build/libdaisy.a(system.o)
                0x00000000900462c8                daisy::System::Delay(unsigned long)
 .text._ZN5daisy6System20GetBootloaderVersionEv
                0x00000000900462cc       0x34 ../../../libDaisy//build/libdaisy.a(system.o)
                0x00000000900462cc                daisy::System::GetBootloaderVersion()
 .text._ZN5daisy6System15ConfigureClocksEv
                0x0000000090046300      0x194 ../../../libDaisy//build/libdaisy.a(system.o)
                0x0000000090046300                daisy::System::ConfigureClocks()
 .text._ZN5daisy6System12ConfigureMpuEv
                0x0000000090046494       0x7c ../../../libDaisy//build/libdaisy.a(system.o)
                0x0000000090046494                daisy::System::ConfigureMpu()
 .text._ZN5daisy6System4InitERKNS0_6ConfigE
                0x0000000090046510       0xec ../../../libDaisy//build/libdaisy.a(system.o)
                0x0000000090046510                daisy::System::Init(daisy::System::Config const&)
 .text._ZN5daisy6System12GetPClk1FreqEv
                0x00000000900465fc        0x4 ../../../libDaisy//build/libdaisy.a(system.o)
                0x00000000900465fc                daisy::System::GetPClk1Freq()
 .text._ZN5daisy6System22GetProgramMemoryRegionEv
                0x0000000090046600       0x78 ../../../libDaisy//build/libdaisy.a(system.o)
                0x0000000090046600                daisy::System::GetProgramMemoryRegion()
 .text.startup._GLOBAL__sub_I__ZN5daisy9boot_infoE
                0x0000000090046678       0x1c ../../../libDaisy//build/libdaisy.a(system.o)
 .text.HAL_PCD_SetupStageCallback
                0x0000000090046694        0xc ../../../libDaisy//build/libdaisy.a(usbd_conf.o)
                0x0000000090046694                HAL_PCD_SetupStageCallback
 .text.HAL_PCD_DataOutStageCallback
                0x00000000900466a0       0x14 ../../../libDaisy//build/libdaisy.a(usbd_conf.o)
                0x00000000900466a0                HAL_PCD_DataOutStageCallback
 .text.HAL_PCD_DataInStageCallback
                0x00000000900466b4       0x14 ../../../libDaisy//build/libdaisy.a(usbd_conf.o)
                0x00000000900466b4                HAL_PCD_DataInStageCallback
 .text.HAL_PCD_SOFCallback
                0x00000000900466c8        0x8 ../../../libDaisy//build/libdaisy.a(usbd_conf.o)
                0x00000000900466c8                HAL_PCD_SOFCallback
 .text.HAL_PCD_ResetCallback
                0x00000000900466d0       0x24 ../../../libDaisy//build/libdaisy.a(usbd_conf.o)
                0x00000000900466d0                HAL_PCD_ResetCallback
 .text.HAL_PCD_SuspendCallback
                0x00000000900466f4       0x30 ../../../libDaisy//build/libdaisy.a(usbd_conf.o)
                0x00000000900466f4                HAL_PCD_SuspendCallback
 .text.HAL_PCD_ResumeCallback
                0x0000000090046724        0x8 ../../../libDaisy//build/libdaisy.a(usbd_conf.o)
                0x0000000090046724                HAL_PCD_ResumeCallback
 .text.HAL_PCD_ISOOUTIncompleteCallback
                0x000000009004672c        0x8 ../../../libDaisy//build/libdaisy.a(usbd_conf.o)
                0x000000009004672c                HAL_PCD_ISOOUTIncompleteCallback
 .text.HAL_PCD_ISOINIncompleteCallback
                0x0000000090046734        0x8 ../../../libDaisy//build/libdaisy.a(usbd_conf.o)
                0x0000000090046734                HAL_PCD_ISOINIncompleteCallback
 .text.HAL_PCD_ConnectCallback
                0x000000009004673c        0x8 ../../../libDaisy//build/libdaisy.a(usbd_conf.o)
                0x000000009004673c                HAL_PCD_ConnectCallback
 .text.HAL_PCD_DisconnectCallback
                0x0000000090046744        0x8 ../../../libDaisy//build/libdaisy.a(usbd_conf.o)
                0x0000000090046744                HAL_PCD_DisconnectCallback
 .text.USBD_LL_OpenEP
                0x000000009004674c       0x24 ../../../libDaisy//build/libdaisy.a(usbd_conf.o)
                0x000000009004674c                USBD_LL_OpenEP
 .text.USBD_LL_StallEP
                0x0000000090046770       0x1c ../../../libDaisy//build/libdaisy.a(usbd_conf.o)
                0x0000000090046770                USBD_LL_StallEP
 .text.USBD_LL_ClearStallEP
                0x000000009004678c       0x1c ../../../libDaisy//build/libdaisy.a(usbd_conf.o)
                0x000000009004678c                USBD_LL_ClearStallEP
 .text.USBD_LL_IsStallEP
                0x00000000900467a8       0x28 ../../../libDaisy//build/libdaisy.a(usbd_conf.o)
                0x00000000900467a8                USBD_LL_IsStallEP
 .text.USBD_LL_SetUSBAddress
                0x00000000900467d0       0x1c ../../../libDaisy//build/libdaisy.a(usbd_conf.o)
                0x00000000900467d0                USBD_LL_SetUSBAddress
 .text.USBD_LL_Transmit
                0x00000000900467ec       0x1c ../../../libDaisy//build/libdaisy.a(usbd_conf.o)
                0x00000000900467ec                USBD_LL_Transmit
 .text.USBD_LL_PrepareReceive
                0x0000000090046808       0x1c ../../../libDaisy//build/libdaisy.a(usbd_conf.o)
                0x0000000090046808                USBD_LL_PrepareReceive
 .text.HAL_HCD_SOF_Callback
                0x0000000090046824        0x8 ../../../libDaisy//build/libdaisy.a(usbh_conf.o)
                0x0000000090046824                HAL_HCD_SOF_Callback
 .text.HAL_HCD_Connect_Callback
                0x000000009004682c        0x8 ../../../libDaisy//build/libdaisy.a(usbh_conf.o)
                0x000000009004682c                HAL_HCD_Connect_Callback
 .text.HAL_HCD_Disconnect_Callback
                0x0000000090046834        0x8 ../../../libDaisy//build/libdaisy.a(usbh_conf.o)
                0x0000000090046834                HAL_HCD_Disconnect_Callback
 .text.HAL_HCD_HC_NotifyURBChange_Callback
                0x000000009004683c        0x4 ../../../libDaisy//build/libdaisy.a(usbh_conf.o)
                0x000000009004683c                HAL_HCD_HC_NotifyURBChange_Callback
 .text.HAL_HCD_PortEnabled_Callback
                0x0000000090046840        0x8 ../../../libDaisy//build/libdaisy.a(usbh_conf.o)
                0x0000000090046840                HAL_HCD_PortEnabled_Callback
 .text.HAL_HCD_PortDisabled_Callback
                0x0000000090046848        0x8 ../../../libDaisy//build/libdaisy.a(usbh_conf.o)
                0x0000000090046848                HAL_HCD_PortDisabled_Callback
 .text.USBH_LL_Stop
                0x0000000090046850       0x1c ../../../libDaisy//build/libdaisy.a(usbh_conf.o)
                0x0000000090046850                USBH_LL_Stop
 .text.dsy_hal_map_get_port
                0x000000009004686c       0x10 ../../../libDaisy//build/libdaisy.a(hal_map.o)
                0x000000009004686c                dsy_hal_map_get_port
 .text.dsy_hal_map_get_pin
                0x000000009004687c       0x10 ../../../libDaisy//build/libdaisy.a(hal_map.o)
                0x000000009004687c                dsy_hal_map_get_pin
 .text.dsy_hal_map_gpio_clk_enable
                0x000000009004688c      0x150 ../../../libDaisy//build/libdaisy.a(hal_map.o)
                0x000000009004688c                dsy_hal_map_gpio_clk_enable
 .text.HAL_MspInit
                0x00000000900469dc        0x4 ../../../libDaisy//build/libdaisy.a(stm32h7xx_hal.o)
                0x00000000900469dc                HAL_MspInit
 .text.HAL_InitTick
                0x00000000900469e0       0x4c ../../../libDaisy//build/libdaisy.a(stm32h7xx_hal.o)
                0x00000000900469e0                HAL_InitTick
 .text.HAL_Init
                0x0000000090046a2c       0x60 ../../../libDaisy//build/libdaisy.a(stm32h7xx_hal.o)
                0x0000000090046a2c                HAL_Init
 .text.HAL_IncTick
                0x0000000090046a8c       0x18 ../../../libDaisy//build/libdaisy.a(stm32h7xx_hal.o)
                0x0000000090046a8c                HAL_IncTick
 .text.HAL_GetTick
                0x0000000090046aa4        0xc ../../../libDaisy//build/libdaisy.a(stm32h7xx_hal.o)
                0x0000000090046aa4                HAL_GetTick
 .text.HAL_Delay
                0x0000000090046ab0       0x24 ../../../libDaisy//build/libdaisy.a(stm32h7xx_hal.o)
                0x0000000090046ab0                HAL_Delay
 .text.HAL_GetREVID
                0x0000000090046ad4        0xc ../../../libDaisy//build/libdaisy.a(stm32h7xx_hal.o)
                0x0000000090046ad4                HAL_GetREVID
 .text.HAL_ADC_ConvHalfCpltCallback
                0x0000000090046ae0        0x4 ../../../libDaisy//build/libdaisy.a(stm32h7xx_hal_adc.o)
                0x0000000090046ae0                HAL_ADC_ConvHalfCpltCallback
 .text.ADC_DMAHalfConvCplt
                0x0000000090046ae4        0xc ../../../libDaisy//build/libdaisy.a(stm32h7xx_hal_adc.o)
                0x0000000090046ae4                ADC_DMAHalfConvCplt
 .text.ADC_DMAConvCplt
                0x0000000090046af0       0x6c ../../../libDaisy//build/libdaisy.a(stm32h7xx_hal_adc.o)
                0x0000000090046af0                ADC_DMAConvCplt
 .text.ADC_DMAError
                0x0000000090046b5c       0x1c ../../../libDaisy//build/libdaisy.a(stm32h7xx_hal_adc.o)
                0x0000000090046b5c                ADC_DMAError
 .text.HAL_ADC_ConfigChannel
                0x0000000090046b78      0x3fc ../../../libDaisy//build/libdaisy.a(stm32h7xx_hal_adc.o)
                0x0000000090046b78                HAL_ADC_ConfigChannel
 .text.ADC_Enable
                0x0000000090046f74       0xac ../../../libDaisy//build/libdaisy.a(stm32h7xx_hal_adc.o)
                0x0000000090046f74                ADC_Enable
 .text.HAL_ADC_Start_DMA
                0x0000000090047020      0x114 ../../../libDaisy//build/libdaisy.a(stm32h7xx_hal_adc.o)
                0x0000000090047020                HAL_ADC_Start_DMA
 .text.ADC_Disable
                0x0000000090047134       0x68 ../../../libDaisy//build/libdaisy.a(stm32h7xx_hal_adc.o)
                0x0000000090047134                ADC_Disable
 .text.ADC_ConfigureBoostMode
                0x000000009004719c      0x184 ../../../libDaisy//build/libdaisy.a(stm32h7xx_hal_adc.o)
                0x000000009004719c                ADC_ConfigureBoostMode
 .text.HAL_ADC_Init
                0x0000000090047320      0x218 ../../../libDaisy//build/libdaisy.a(stm32h7xx_hal_adc.o)
                0x0000000090047320                HAL_ADC_Init
 .text.HAL_ADCEx_Calibration_Start
                0x0000000090047538       0xa4 ../../../libDaisy//build/libdaisy.a(stm32h7xx_hal_adc_ex.o)
                0x0000000090047538                HAL_ADCEx_Calibration_Start
 .text.HAL_ADCEx_MultiModeConfigChannel
                0x00000000900475dc       0xc4 ../../../libDaisy//build/libdaisy.a(stm32h7xx_hal_adc_ex.o)
                0x00000000900475dc                HAL_ADCEx_MultiModeConfigChannel
 .text.HAL_NVIC_SetPriorityGrouping
                0x00000000900476a0       0x24 ../../../libDaisy//build/libdaisy.a(stm32h7xx_hal_cortex.o)
                0x00000000900476a0                HAL_NVIC_SetPriorityGrouping
 .text.HAL_NVIC_SetPriority
                0x00000000900476c4       0x7c ../../../libDaisy//build/libdaisy.a(stm32h7xx_hal_cortex.o)
                0x00000000900476c4                HAL_NVIC_SetPriority
 .text.HAL_NVIC_EnableIRQ
                0x0000000090047740       0x1c ../../../libDaisy//build/libdaisy.a(stm32h7xx_hal_cortex.o)
                0x0000000090047740                HAL_NVIC_EnableIRQ
 .text.HAL_NVIC_DisableIRQ
                0x000000009004775c       0x28 ../../../libDaisy//build/libdaisy.a(stm32h7xx_hal_cortex.o)
                0x000000009004775c                HAL_NVIC_DisableIRQ
 .text.HAL_SYSTICK_Config
                0x0000000090047784       0x2c ../../../libDaisy//build/libdaisy.a(stm32h7xx_hal_cortex.o)
                0x0000000090047784                HAL_SYSTICK_Config
 .text.HAL_MPU_Disable
                0x00000000900477b0       0x1c ../../../libDaisy//build/libdaisy.a(stm32h7xx_hal_cortex.o)
                0x00000000900477b0                HAL_MPU_Disable
 .text.HAL_MPU_Enable
                0x00000000900477cc       0x20 ../../../libDaisy//build/libdaisy.a(stm32h7xx_hal_cortex.o)
                0x00000000900477cc                HAL_MPU_Enable
 .text.HAL_MPU_ConfigRegion
                0x00000000900477ec       0x64 ../../../libDaisy//build/libdaisy.a(stm32h7xx_hal_cortex.o)
                0x00000000900477ec                HAL_MPU_ConfigRegion
 .text.HAL_SYSTICK_Callback
                0x0000000090047850        0x4 ../../../libDaisy//build/libdaisy.a(stm32h7xx_hal_cortex.o)
                0x0000000090047850                HAL_SYSTICK_Callback
 .text.HAL_SYSTICK_IRQHandler
                0x0000000090047854        0x8 ../../../libDaisy//build/libdaisy.a(stm32h7xx_hal_cortex.o)
                0x0000000090047854                HAL_SYSTICK_IRQHandler
 .text.DMA_CalcBaseAndBitshift
                0x000000009004785c       0xf4 ../../../libDaisy//build/libdaisy.a(stm32h7xx_hal_dma.o)
 .text.DMA_CalcDMAMUXChannelBaseAndMask
                0x0000000090047950       0xd8 ../../../libDaisy//build/libdaisy.a(stm32h7xx_hal_dma.o)
 .text.HAL_DMA_Init
                0x0000000090047a28      0x37c ../../../libDaisy//build/libdaisy.a(stm32h7xx_hal_dma.o)
                0x0000000090047a28                HAL_DMA_Init
 .text.HAL_DMA_Start_IT
                0x0000000090047da4      0x240 ../../../libDaisy//build/libdaisy.a(stm32h7xx_hal_dma.o)
                0x0000000090047da4                HAL_DMA_Start_IT
 .text.HAL_DMA_Abort_IT
                0x0000000090047fe4      0x134 ../../../libDaisy//build/libdaisy.a(stm32h7xx_hal_dma.o)
                0x0000000090047fe4                HAL_DMA_Abort_IT
 .text.HAL_DMA_IRQHandler
                0x0000000090048118      0x6a0 ../../../libDaisy//build/libdaisy.a(stm32h7xx_hal_dma.o)
                0x0000000090048118                HAL_DMA_IRQHandler
 .text.HAL_DMA_GetError
                0x00000000900487b8        0x4 ../../../libDaisy//build/libdaisy.a(stm32h7xx_hal_dma.o)
                0x00000000900487b8                HAL_DMA_GetError
 .text.HAL_GPIO_Init
                0x00000000900487bc      0x280 ../../../libDaisy//build/libdaisy.a(stm32h7xx_hal_gpio.o)
                0x00000000900487bc                HAL_GPIO_Init
 .text.HAL_GPIO_DeInit
                0x0000000090048a3c      0x190 ../../../libDaisy//build/libdaisy.a(stm32h7xx_hal_gpio.o)
                0x0000000090048a3c                HAL_GPIO_DeInit
 .text.HAL_GPIO_ReadPin
                0x0000000090048bcc        0xc ../../../libDaisy//build/libdaisy.a(stm32h7xx_hal_gpio.o)
                0x0000000090048bcc                HAL_GPIO_ReadPin
 .text.HAL_GPIO_WritePin
                0x0000000090048bd8        0x8 ../../../libDaisy//build/libdaisy.a(stm32h7xx_hal_gpio.o)
                0x0000000090048bd8                HAL_GPIO_WritePin
 .text.HAL_HCD_IRQHandler
                0x0000000090048be0      0x780 ../../../libDaisy//build/libdaisy.a(stm32h7xx_hal_hcd.o)
                0x0000000090048be0                HAL_HCD_IRQHandler
 .text.HAL_HCD_Stop
                0x0000000090049360       0x28 ../../../libDaisy//build/libdaisy.a(stm32h7xx_hal_hcd.o)
                0x0000000090049360                HAL_HCD_Stop
 .text.I2C_WaitOnTXISFlagUntilTimeout
                0x0000000090049388       0xb8 ../../../libDaisy//build/libdaisy.a(stm32h7xx_hal_i2c.o)
 .text.I2C_WaitOnSTOPFlagUntilTimeout
                0x0000000090049440       0xac ../../../libDaisy//build/libdaisy.a(stm32h7xx_hal_i2c.o)
 .text.HAL_I2C_Init
                0x00000000900494ec       0xac ../../../libDaisy//build/libdaisy.a(stm32h7xx_hal_i2c.o)
                0x00000000900494ec                HAL_I2C_Init
 .text.HAL_I2C_Master_Transmit
                0x0000000090049598      0x1a8 ../../../libDaisy//build/libdaisy.a(stm32h7xx_hal_i2c.o)
                0x0000000090049598                HAL_I2C_Master_Transmit
 .text.HAL_I2C_Slave_Transmit
                0x0000000090049740      0x1c8 ../../../libDaisy//build/libdaisy.a(stm32h7xx_hal_i2c.o)
                0x0000000090049740                HAL_I2C_Slave_Transmit
 .text.HAL_I2C_EV_IRQHandler
                0x0000000090049908       0x10 ../../../libDaisy//build/libdaisy.a(stm32h7xx_hal_i2c.o)
                0x0000000090049908                HAL_I2C_EV_IRQHandler
 .text.HAL_I2C_GetState
                0x0000000090049918        0x8 ../../../libDaisy//build/libdaisy.a(stm32h7xx_hal_i2c.o)
                0x0000000090049918                HAL_I2C_GetState
 .text.HAL_I2CEx_ConfigAnalogFilter
                0x0000000090049920       0x54 ../../../libDaisy//build/libdaisy.a(stm32h7xx_hal_i2c_ex.o)
                0x0000000090049920                HAL_I2CEx_ConfigAnalogFilter
 .text.HAL_I2CEx_ConfigDigitalFilter
                0x0000000090049974       0x58 ../../../libDaisy//build/libdaisy.a(stm32h7xx_hal_i2c_ex.o)
                0x0000000090049974                HAL_I2CEx_ConfigDigitalFilter
 .text.HAL_PCD_IRQHandler
                0x00000000900499cc      0x69c ../../../libDaisy//build/libdaisy.a(stm32h7xx_hal_pcd.o)
                0x00000000900499cc                HAL_PCD_IRQHandler
 .text.HAL_PCD_SetAddress
                0x000000009004a068       0x2c ../../../libDaisy//build/libdaisy.a(stm32h7xx_hal_pcd.o)
                0x000000009004a068                HAL_PCD_SetAddress
 .text.HAL_PCD_EP_Open
                0x000000009004a094       0x7c ../../../libDaisy//build/libdaisy.a(stm32h7xx_hal_pcd.o)
                0x000000009004a094                HAL_PCD_EP_Open
 .text.HAL_PCD_EP_Receive
                0x000000009004a110       0x50 ../../../libDaisy//build/libdaisy.a(stm32h7xx_hal_pcd.o)
                0x000000009004a110                HAL_PCD_EP_Receive
 .text.HAL_PCD_EP_Transmit
                0x000000009004a160       0x50 ../../../libDaisy//build/libdaisy.a(stm32h7xx_hal_pcd.o)
                0x000000009004a160                HAL_PCD_EP_Transmit
 .text.HAL_PCD_EP_SetStall
                0x000000009004a1b0       0x88 ../../../libDaisy//build/libdaisy.a(stm32h7xx_hal_pcd.o)
                0x000000009004a1b0                HAL_PCD_EP_SetStall
 .text.HAL_PCD_EP_ClrStall
                0x000000009004a238       0x78 ../../../libDaisy//build/libdaisy.a(stm32h7xx_hal_pcd.o)
                0x000000009004a238                HAL_PCD_EP_ClrStall
 .text.HAL_PCDEx_LPM_Callback
                0x000000009004a2b0        0x4 ../../../libDaisy//build/libdaisy.a(stm32h7xx_hal_pcd_ex.o)
                0x000000009004a2b0                HAL_PCDEx_LPM_Callback
 .text.HAL_PWREx_ConfigSupply
                0x000000009004a2b4       0x4c ../../../libDaisy//build/libdaisy.a(stm32h7xx_hal_pwr_ex.o)
                0x000000009004a2b4                HAL_PWREx_ConfigSupply
 .text.HAL_PWREx_EnableUSBVoltageDetector
                0x000000009004a300       0x10 ../../../libDaisy//build/libdaisy.a(stm32h7xx_hal_pwr_ex.o)
                0x000000009004a300                HAL_PWREx_EnableUSBVoltageDetector
 .text.QSPI_Config
                0x000000009004a310      0x174 ../../../libDaisy//build/libdaisy.a(stm32h7xx_hal_qspi.o)
 .text.HAL_QSPI_Init
                0x000000009004a484       0xd8 ../../../libDaisy//build/libdaisy.a(stm32h7xx_hal_qspi.o)
                0x000000009004a484                HAL_QSPI_Init
 .text.HAL_QSPI_DeInit
                0x000000009004a55c       0x3c ../../../libDaisy//build/libdaisy.a(stm32h7xx_hal_qspi.o)
                0x000000009004a55c                HAL_QSPI_DeInit
 .text.HAL_QSPI_Command
                0x000000009004a598       0xd4 ../../../libDaisy//build/libdaisy.a(stm32h7xx_hal_qspi.o)
                0x000000009004a598                HAL_QSPI_Command
 .text.HAL_QSPI_Transmit
                0x000000009004a66c       0xfc ../../../libDaisy//build/libdaisy.a(stm32h7xx_hal_qspi.o)
                0x000000009004a66c                HAL_QSPI_Transmit
 .text.HAL_QSPI_Receive
                0x000000009004a768      0x108 ../../../libDaisy//build/libdaisy.a(stm32h7xx_hal_qspi.o)
                0x000000009004a768                HAL_QSPI_Receive
 .text.HAL_QSPI_AutoPolling
                0x000000009004a870       0xf0 ../../../libDaisy//build/libdaisy.a(stm32h7xx_hal_qspi.o)
                0x000000009004a870                HAL_QSPI_AutoPolling
 .text.HAL_QSPI_MemoryMapped
                0x000000009004a960       0xc0 ../../../libDaisy//build/libdaisy.a(stm32h7xx_hal_qspi.o)
                0x000000009004a960                HAL_QSPI_MemoryMapped
 .text.HAL_QSPI_ErrorCallback
                0x000000009004aa20        0x4 ../../../libDaisy//build/libdaisy.a(stm32h7xx_hal_qspi.o)
                0x000000009004aa20                HAL_QSPI_ErrorCallback
 .text.QSPI_DMAAbortCplt
                0x000000009004aa24       0x38 ../../../libDaisy//build/libdaisy.a(stm32h7xx_hal_qspi.o)
 .text.HAL_QSPI_AbortCpltCallback
                0x000000009004aa5c        0x4 ../../../libDaisy//build/libdaisy.a(stm32h7xx_hal_qspi.o)
                0x000000009004aa5c                HAL_QSPI_AbortCpltCallback
 .text.HAL_QSPI_CmdCpltCallback
                0x000000009004aa60        0x4 ../../../libDaisy//build/libdaisy.a(stm32h7xx_hal_qspi.o)
                0x000000009004aa60                HAL_QSPI_CmdCpltCallback
 .text.HAL_QSPI_RxCpltCallback
                0x000000009004aa64        0x4 ../../../libDaisy//build/libdaisy.a(stm32h7xx_hal_qspi.o)
                0x000000009004aa64                HAL_QSPI_RxCpltCallback
 .text.HAL_QSPI_TxCpltCallback
                0x000000009004aa68        0x4 ../../../libDaisy//build/libdaisy.a(stm32h7xx_hal_qspi.o)
                0x000000009004aa68                HAL_QSPI_TxCpltCallback
 .text.HAL_QSPI_FifoThresholdCallback
                0x000000009004aa6c        0x4 ../../../libDaisy//build/libdaisy.a(stm32h7xx_hal_qspi.o)
                0x000000009004aa6c                HAL_QSPI_FifoThresholdCallback
 .text.HAL_QSPI_StatusMatchCallback
                0x000000009004aa70        0x4 ../../../libDaisy//build/libdaisy.a(stm32h7xx_hal_qspi.o)
                0x000000009004aa70                HAL_QSPI_StatusMatchCallback
 .text.HAL_QSPI_TimeOutCallback
                0x000000009004aa74        0x4 ../../../libDaisy//build/libdaisy.a(stm32h7xx_hal_qspi.o)
                0x000000009004aa74                HAL_QSPI_TimeOutCallback
 .text.HAL_QSPI_IRQHandler
                0x000000009004aa78      0x210 ../../../libDaisy//build/libdaisy.a(stm32h7xx_hal_qspi.o)
                0x000000009004aa78                HAL_QSPI_IRQHandler
 .text.HAL_RCC_OscConfig
                0x000000009004ac88      0x51c ../../../libDaisy//build/libdaisy.a(stm32h7xx_hal_rcc.o)
                0x000000009004ac88                HAL_RCC_OscConfig
 .text.HAL_RCC_GetSysClockFreq
                0x000000009004b1a4      0x140 ../../../libDaisy//build/libdaisy.a(stm32h7xx_hal_rcc.o)
                0x000000009004b1a4                HAL_RCC_GetSysClockFreq
 .text.HAL_RCC_ClockConfig
                0x000000009004b2e4      0x234 ../../../libDaisy//build/libdaisy.a(stm32h7xx_hal_rcc.o)
                0x000000009004b2e4                HAL_RCC_ClockConfig
 .text.HAL_RCC_GetHCLKFreq
                0x000000009004b518       0x2c ../../../libDaisy//build/libdaisy.a(stm32h7xx_hal_rcc.o)
                0x000000009004b518                HAL_RCC_GetHCLKFreq
 .text.HAL_RCC_GetPCLK1Freq
                0x000000009004b544       0x38 ../../../libDaisy//build/libdaisy.a(stm32h7xx_hal_rcc.o)
                0x000000009004b544                HAL_RCC_GetPCLK1Freq
 .text.HAL_RCC_GetPCLK2Freq
                0x000000009004b57c       0x38 ../../../libDaisy//build/libdaisy.a(stm32h7xx_hal_rcc.o)
                0x000000009004b57c                HAL_RCC_GetPCLK2Freq
 .text.RCCEx_PLL2_Config
                0x000000009004b5b4       0xf4 ../../../libDaisy//build/libdaisy.a(stm32h7xx_hal_rcc_ex.o)
 .text.RCCEx_PLL3_Config
                0x000000009004b6a8       0xf4 ../../../libDaisy//build/libdaisy.a(stm32h7xx_hal_rcc_ex.o)
 .text.HAL_RCCEx_PeriphCLKConfig
                0x000000009004b79c      0xa7c ../../../libDaisy//build/libdaisy.a(stm32h7xx_hal_rcc_ex.o)
                0x000000009004b79c                HAL_RCCEx_PeriphCLKConfig
 .text.HAL_RCCEx_GetD3PCLK1Freq
                0x000000009004c218       0x24 ../../../libDaisy//build/libdaisy.a(stm32h7xx_hal_rcc_ex.o)
                0x000000009004c218                HAL_RCCEx_GetD3PCLK1Freq
 .text.HAL_RCCEx_GetPLL2ClockFreq
                0x000000009004c23c      0x17c ../../../libDaisy//build/libdaisy.a(stm32h7xx_hal_rcc_ex.o)
                0x000000009004c23c                HAL_RCCEx_GetPLL2ClockFreq
 .text.HAL_RCCEx_GetPLL3ClockFreq
                0x000000009004c3b8      0x17c ../../../libDaisy//build/libdaisy.a(stm32h7xx_hal_rcc_ex.o)
                0x000000009004c3b8                HAL_RCCEx_GetPLL3ClockFreq
 .text.HAL_RCCEx_GetPLL1ClockFreq
                0x000000009004c534      0x17c ../../../libDaisy//build/libdaisy.a(stm32h7xx_hal_rcc_ex.o)
                0x000000009004c534                HAL_RCCEx_GetPLL1ClockFreq
 .text.HAL_RCCEx_GetPeriphCLKFreq
                0x000000009004c6b0      0x198 ../../../libDaisy//build/libdaisy.a(stm32h7xx_hal_rcc_ex.o)
                0x000000009004c6b0                HAL_RCCEx_GetPeriphCLKFreq
 .text.HAL_RCCEx_GetD1SysClockFreq
                0x000000009004c848       0x2c ../../../libDaisy//build/libdaisy.a(stm32h7xx_hal_rcc_ex.o)
                0x000000009004c848                HAL_RCCEx_GetD1SysClockFreq
 .text.HAL_SAI_Init.part.0
                0x000000009004c874      0x348 ../../../libDaisy//build/libdaisy.a(stm32h7xx_hal_sai.o)
 .text.HAL_SAI_InitProtocol
                0x000000009004cbbc      0x178 ../../../libDaisy//build/libdaisy.a(stm32h7xx_hal_sai.o)
                0x000000009004cbbc                HAL_SAI_InitProtocol
 .text.HAL_SAI_Transmit_DMA
                0x000000009004cd34      0x124 ../../../libDaisy//build/libdaisy.a(stm32h7xx_hal_sai.o)
                0x000000009004cd34                HAL_SAI_Transmit_DMA
 .text.HAL_SAI_Receive_DMA
                0x000000009004ce58       0xd0 ../../../libDaisy//build/libdaisy.a(stm32h7xx_hal_sai.o)
                0x000000009004ce58                HAL_SAI_Receive_DMA
 .text.HAL_SAI_TxCpltCallback
                0x000000009004cf28        0x4 ../../../libDaisy//build/libdaisy.a(stm32h7xx_hal_sai.o)
                0x000000009004cf28                HAL_SAI_TxCpltCallback
 .text.SAI_DMATxCplt
                0x000000009004cf2c       0x64 ../../../libDaisy//build/libdaisy.a(stm32h7xx_hal_sai.o)
 .text.HAL_SAI_TxHalfCpltCallback
                0x000000009004cf90        0x4 ../../../libDaisy//build/libdaisy.a(stm32h7xx_hal_sai.o)
                0x000000009004cf90                HAL_SAI_TxHalfCpltCallback
 .text.SAI_DMATxHalfCplt
                0x000000009004cf94        0xc ../../../libDaisy//build/libdaisy.a(stm32h7xx_hal_sai.o)
 .text.SAI_DMARxCplt
                0x000000009004cfa0       0x64 ../../../libDaisy//build/libdaisy.a(stm32h7xx_hal_sai.o)
 .text.SAI_DMARxHalfCplt
                0x000000009004d004        0xc ../../../libDaisy//build/libdaisy.a(stm32h7xx_hal_sai.o)
 .text.HAL_SAI_ErrorCallback
                0x000000009004d010        0x4 ../../../libDaisy//build/libdaisy.a(stm32h7xx_hal_sai.o)
                0x000000009004d010                HAL_SAI_ErrorCallback
 .text.SAI_DMAError
                0x000000009004d014       0x6c ../../../libDaisy//build/libdaisy.a(stm32h7xx_hal_sai.o)
 .text.HAL_SDRAM_Init
                0x000000009004d080       0x54 ../../../libDaisy//build/libdaisy.a(stm32h7xx_hal_sdram.o)
                0x000000009004d080                HAL_SDRAM_Init
 .text.HAL_SDRAM_SendCommand
                0x000000009004d0d4       0x40 ../../../libDaisy//build/libdaisy.a(stm32h7xx_hal_sdram.o)
                0x000000009004d0d4                HAL_SDRAM_SendCommand
 .text.HAL_SDRAM_ProgramRefreshRate
                0x000000009004d114       0x30 ../../../libDaisy//build/libdaisy.a(stm32h7xx_hal_sdram.o)
                0x000000009004d114                HAL_SDRAM_ProgramRefreshRate
 .text.FMC_SDRAM_Init
                0x000000009004d144       0x7c ../../../libDaisy//build/libdaisy.a(stm32h7xx_ll_fmc.o)
                0x000000009004d144                FMC_SDRAM_Init
 .text.FMC_SDRAM_Timing_Init
                0x000000009004d1c0       0x98 ../../../libDaisy//build/libdaisy.a(stm32h7xx_ll_fmc.o)
                0x000000009004d1c0                FMC_SDRAM_Timing_Init
 .text.FMC_SDRAM_SendCommand
                0x000000009004d258       0x28 ../../../libDaisy//build/libdaisy.a(stm32h7xx_ll_fmc.o)
                0x000000009004d258                FMC_SDRAM_SendCommand
 .text.FMC_SDRAM_ProgramRefreshRate
                0x000000009004d280       0x1c ../../../libDaisy//build/libdaisy.a(stm32h7xx_ll_fmc.o)
                0x000000009004d280                FMC_SDRAM_ProgramRefreshRate
 .text.USB_SetTurnaroundTime
                0x000000009004d29c      0x104 ../../../libDaisy//build/libdaisy.a(stm32h7xx_ll_usb.o)
                0x000000009004d29c                USB_SetTurnaroundTime
 .text.USB_FlushTxFifo
                0x000000009004d3a0       0x34 ../../../libDaisy//build/libdaisy.a(stm32h7xx_ll_usb.o)
                0x000000009004d3a0                USB_FlushTxFifo
 .text.USB_GetDevSpeed
                0x000000009004d3d4       0x24 ../../../libDaisy//build/libdaisy.a(stm32h7xx_ll_usb.o)
                0x000000009004d3d4                USB_GetDevSpeed
 .text.USB_ActivateEndpoint
                0x000000009004d3f8       0x90 ../../../libDaisy//build/libdaisy.a(stm32h7xx_ll_usb.o)
                0x000000009004d3f8                USB_ActivateEndpoint
 .text.USB_EPStartXfer
                0x000000009004d488      0x230 ../../../libDaisy//build/libdaisy.a(stm32h7xx_ll_usb.o)
                0x000000009004d488                USB_EPStartXfer
 .text.USB_EP0StartXfer
                0x000000009004d6b8      0x174 ../../../libDaisy//build/libdaisy.a(stm32h7xx_ll_usb.o)
                0x000000009004d6b8                USB_EP0StartXfer
 .text.USB_WritePacket
                0x000000009004d82c       0x2c ../../../libDaisy//build/libdaisy.a(stm32h7xx_ll_usb.o)
                0x000000009004d82c                USB_WritePacket
 .text.USB_ReadPacket
                0x000000009004d858       0x20 ../../../libDaisy//build/libdaisy.a(stm32h7xx_ll_usb.o)
                0x000000009004d858                USB_ReadPacket
 .text.USB_EPSetStall
                0x000000009004d878       0x68 ../../../libDaisy//build/libdaisy.a(stm32h7xx_ll_usb.o)
                0x000000009004d878                USB_EPSetStall
 .text.USB_EPClearStall
                0x000000009004d8e0       0x58 ../../../libDaisy//build/libdaisy.a(stm32h7xx_ll_usb.o)
                0x000000009004d8e0                USB_EPClearStall
 .text.USB_SetDevAddress
                0x000000009004d938       0x24 ../../../libDaisy//build/libdaisy.a(stm32h7xx_ll_usb.o)
                0x000000009004d938                USB_SetDevAddress
 .text.USB_ReadInterrupts
                0x000000009004d95c       0x14 ../../../libDaisy//build/libdaisy.a(stm32h7xx_ll_usb.o)
                0x000000009004d95c                USB_ReadInterrupts
 .text.USB_ReadDevAllOutEpInterrupt
                0x000000009004d970       0x1c ../../../libDaisy//build/libdaisy.a(stm32h7xx_ll_usb.o)
                0x000000009004d970                USB_ReadDevAllOutEpInterrupt
 .text.USB_ReadDevAllInEpInterrupt
                0x000000009004d98c       0x1c ../../../libDaisy//build/libdaisy.a(stm32h7xx_ll_usb.o)
                0x000000009004d98c                USB_ReadDevAllInEpInterrupt
 .text.USB_ReadDevOutEPInterrupt
                0x000000009004d9a8       0x1c ../../../libDaisy//build/libdaisy.a(stm32h7xx_ll_usb.o)
                0x000000009004d9a8                USB_ReadDevOutEPInterrupt
 .text.USB_ReadDevInEPInterrupt
                0x000000009004d9c4       0x38 ../../../libDaisy//build/libdaisy.a(stm32h7xx_ll_usb.o)
                0x000000009004d9c4                USB_ReadDevInEPInterrupt
 .text.USB_GetMode
                0x000000009004d9fc        0x8 ../../../libDaisy//build/libdaisy.a(stm32h7xx_ll_usb.o)
                0x000000009004d9fc                USB_GetMode
 .text.USB_ActivateSetup
                0x000000009004da04       0x38 ../../../libDaisy//build/libdaisy.a(stm32h7xx_ll_usb.o)
                0x000000009004da04                USB_ActivateSetup
 .text.USB_EP0_OutStart
                0x000000009004da3c       0x58 ../../../libDaisy//build/libdaisy.a(stm32h7xx_ll_usb.o)
                0x000000009004da3c                USB_EP0_OutStart
 .text.USB_InitFSLSPClkSel
                0x000000009004da94       0x44 ../../../libDaisy//build/libdaisy.a(stm32h7xx_ll_usb.o)
                0x000000009004da94                USB_InitFSLSPClkSel
 .text.USB_HC_ReadInterrupt
                0x000000009004dad8        0x8 ../../../libDaisy//build/libdaisy.a(stm32h7xx_ll_usb.o)
                0x000000009004dad8                USB_HC_ReadInterrupt
 .text.USB_HC_Halt
                0x000000009004dae0       0xc0 ../../../libDaisy//build/libdaisy.a(stm32h7xx_ll_usb.o)
                0x000000009004dae0                USB_HC_Halt
 .text.USB_StopHost
                0x000000009004dba0      0x2ec ../../../libDaisy//build/libdaisy.a(stm32h7xx_ll_usb.o)
                0x000000009004dba0                USB_StopHost
 .text.USBD_SetClassConfig
                0x000000009004de8c       0x14 ../../../libDaisy//build/libdaisy.a(usbd_core.o)
                0x000000009004de8c                USBD_SetClassConfig
 .text.USBD_ClrClassConfig
                0x000000009004dea0       0x10 ../../../libDaisy//build/libdaisy.a(usbd_core.o)
                0x000000009004dea0                USBD_ClrClassConfig
 .text.USBD_LL_SetupStage
                0x000000009004deb0       0x5c ../../../libDaisy//build/libdaisy.a(usbd_core.o)
                0x000000009004deb0                USBD_LL_SetupStage
 .text.USBD_LL_DataOutStage
                0x000000009004df0c       0x7c ../../../libDaisy//build/libdaisy.a(usbd_core.o)
                0x000000009004df0c                USBD_LL_DataOutStage
 .text.USBD_LL_DataInStage
                0x000000009004df88       0xcc ../../../libDaisy//build/libdaisy.a(usbd_core.o)
                0x000000009004df88                USBD_LL_DataInStage
 .text.USBD_LL_Reset
                0x000000009004e054       0x50 ../../../libDaisy//build/libdaisy.a(usbd_core.o)
                0x000000009004e054                USBD_LL_Reset
 .text.USBD_LL_SetSpeed
                0x000000009004e0a4        0x8 ../../../libDaisy//build/libdaisy.a(usbd_core.o)
                0x000000009004e0a4                USBD_LL_SetSpeed
 .text.USBD_LL_Suspend
                0x000000009004e0ac       0x14 ../../../libDaisy//build/libdaisy.a(usbd_core.o)
                0x000000009004e0ac                USBD_LL_Suspend
 .text.USBD_LL_Resume
                0x000000009004e0c0       0x10 ../../../libDaisy//build/libdaisy.a(usbd_core.o)
                0x000000009004e0c0                USBD_LL_Resume
 .text.USBD_LL_SOF
                0x000000009004e0d0       0x1c ../../../libDaisy//build/libdaisy.a(usbd_core.o)
                0x000000009004e0d0                USBD_LL_SOF
 .text.USBD_LL_IsoINIncomplete
                0x000000009004e0ec        0x4 ../../../libDaisy//build/libdaisy.a(usbd_core.o)
                0x000000009004e0ec                USBD_LL_IsoINIncomplete
 .text.USBD_LL_IsoOUTIncomplete
                0x000000009004e0f0        0x4 ../../../libDaisy//build/libdaisy.a(usbd_core.o)
                0x000000009004e0f0                USBD_LL_IsoOUTIncomplete
 .text.USBD_LL_DevConnected
                0x000000009004e0f4        0x4 ../../../libDaisy//build/libdaisy.a(usbd_core.o)
                0x000000009004e0f4                USBD_LL_DevConnected
 .text.USBD_LL_DevDisconnected
                0x000000009004e0f8       0x18 ../../../libDaisy//build/libdaisy.a(usbd_core.o)
                0x000000009004e0f8                USBD_LL_DevDisconnected
 .text.USBD_StdDevReq
                0x000000009004e110      0x304 ../../../libDaisy//build/libdaisy.a(usbd_ctlreq.o)
                0x000000009004e110                USBD_StdDevReq
 .text.USBD_StdItfReq
                0x000000009004e414       0x68 ../../../libDaisy//build/libdaisy.a(usbd_ctlreq.o)
                0x000000009004e414                USBD_StdItfReq
 .text.USBD_StdEPReq
                0x000000009004e47c      0x13c ../../../libDaisy//build/libdaisy.a(usbd_ctlreq.o)
                0x000000009004e47c                USBD_StdEPReq
 .text.USBD_ParseSetupRequest
                0x000000009004e5b8       0x28 ../../../libDaisy//build/libdaisy.a(usbd_ctlreq.o)
                0x000000009004e5b8                USBD_ParseSetupRequest
 .text.USBD_CtlSendData
                0x000000009004e5e0       0x1c ../../../libDaisy//build/libdaisy.a(usbd_ioreq.o)
                0x000000009004e5e0                USBD_CtlSendData
 .text.USBD_CtlContinueSendData
                0x000000009004e5fc       0x14 ../../../libDaisy//build/libdaisy.a(usbd_ioreq.o)
                0x000000009004e5fc                USBD_CtlContinueSendData
 .text.USBD_CtlContinueRx
                0x000000009004e610       0x14 ../../../libDaisy//build/libdaisy.a(usbd_ioreq.o)
                0x000000009004e610                USBD_CtlContinueRx
 .text.USBD_CtlSendStatus
                0x000000009004e624       0x18 ../../../libDaisy//build/libdaisy.a(usbd_ioreq.o)
                0x000000009004e624                USBD_CtlSendStatus
 .text.USBD_CtlReceiveStatus
                0x000000009004e63c       0x18 ../../../libDaisy//build/libdaisy.a(usbd_ioreq.o)
                0x000000009004e63c                USBD_CtlReceiveStatus
 .text.USBH_LL_IncTimer
                0x000000009004e654       0x20 ../../../libDaisy//build/libdaisy.a(usbh_core.o)
                0x000000009004e654                USBH_LL_IncTimer
 .text.USBH_LL_PortEnabled
                0x000000009004e674        0x8 ../../../libDaisy//build/libdaisy.a(usbh_core.o)
                0x000000009004e674                USBH_LL_PortEnabled
 .text.USBH_LL_PortDisabled
                0x000000009004e67c        0x8 ../../../libDaisy//build/libdaisy.a(usbh_core.o)
                0x000000009004e67c                USBH_LL_PortDisabled
 .text.USBH_LL_Connect
                0x000000009004e684       0x18 ../../../libDaisy//build/libdaisy.a(usbh_core.o)
                0x000000009004e684                USBH_LL_Connect
 .text.USBH_LL_Disconnect
                0x000000009004e69c       0x2c ../../../libDaisy//build/libdaisy.a(usbh_core.o)