Archive member included to satisfy reference by file (symbol)

../../../libDaisy//build/libdaisy.a(daisy_seed.o)
                              build/LoopyTunes.o (daisy::DaisySeed::Configure())
../../../libDaisy//build/libdaisy.a(codec_ak4556.o)
                              ../../../libDaisy//build/libdaisy.a(daisy_seed.o) (daisy::Ak4556::Init(dsy_gpio_pin))
../../../libDaisy//build/libdaisy.a(codec_wm8731.o)
                              ../../../libDaisy//build/libdaisy.a(daisy_seed.o) (daisy::Wm8731::Init(daisy::Wm8731::Config const&, daisy::I2CHandle))
../../../libDaisy//build/libdaisy.a(sdram.o)
                              ../../../libDaisy//build/libdaisy.a(daisy_seed.o) (SdramHandle::Init())
../../../libDaisy//build/libdaisy.a(audio.o)
                              ../../../libDaisy//build/libdaisy.a(daisy_seed.o) (daisy::AudioHandle::Init(daisy::AudioHandle::Config const&, daisy::SaiHandle))
../../../libDaisy//build/libdaisy.a(logger.o)
                              build/LoopyTunes.o (daisy::Logger<(daisy::LoggerDestination)1>::StartLog(bool))
../../../libDaisy//build/libdaisy.a(switch.o)
                              build/Track.o (daisy::Switch::Init(dsy_gpio_pin, float))
../../../libDaisy//build/libdaisy.a(usb.o)
                              ../../../libDaisy//build/libdaisy.a(logger.o) (daisy::UsbHandle::Init(daisy::UsbHandle::UsbPeriph))
../../../libDaisy//build/libdaisy.a(adc.o)
                              build/LoopyTunes.o (daisy::AdcChannelConfig::InitSingle(dsy_gpio_pin))
../../../libDaisy//build/libdaisy.a(gpio.o)
                              ../../../libDaisy//build/libdaisy.a(daisy_seed.o) (dsy_gpio_init)
../../../libDaisy//build/libdaisy.a(i2c.o)
                              ../../../libDaisy//build/libdaisy.a(daisy_seed.o) (daisy::I2CHandle::Init(daisy::I2CHandle::Config const&))
../../../libDaisy//build/libdaisy.a(qspi.o)
                              ../../../libDaisy//build/libdaisy.a(daisy_seed.o) (daisy::QSPIHandle::Init(daisy::QSPIHandle::Config const&))
../../../libDaisy//build/libdaisy.a(sai.o)
                              ../../../libDaisy//build/libdaisy.a(daisy_seed.o) (daisy::SaiHandle::Init(daisy::SaiHandle::Config const&))
../../../libDaisy//build/libdaisy.a(system.o)
                              ../../../libDaisy//build/libdaisy.a(daisy_seed.o) (daisy::System::DeInit())
../../../libDaisy//build/libdaisy.a(usbd_cdc_if.o)
                              ../../../libDaisy//build/libdaisy.a(usb.o) (CDC_Transmit_FS)
../../../libDaisy//build/libdaisy.a(usbd_conf.o)
                              ../../../libDaisy//build/libdaisy.a(system.o) (hpcd_USB_OTG_HS)
../../../libDaisy//build/libdaisy.a(usbd_desc.o)
                              ../../../libDaisy//build/libdaisy.a(usb.o) (HS_Desc)
../../../libDaisy//build/libdaisy.a(usbh_conf.o)
                              ../../../libDaisy//build/libdaisy.a(system.o) (hhcd_USB_OTG_HS)
../../../libDaisy//build/libdaisy.a(hal_map.o)
                              ../../../libDaisy//build/libdaisy.a(gpio.o) (dsy_hal_map_get_port)
../../../libDaisy//build/libdaisy.a(stm32h7xx_hal.o)
                              ../../../libDaisy//build/libdaisy.a(system.o) (HAL_Init)
../../../libDaisy//build/libdaisy.a(stm32h7xx_hal_adc.o)
                              ../../../libDaisy//build/libdaisy.a(adc.o) (HAL_ADC_ConfigChannel)
../../../libDaisy//build/libdaisy.a(stm32h7xx_hal_adc_ex.o)
                              ../../../libDaisy//build/libdaisy.a(adc.o) (HAL_ADCEx_Calibration_Start)
../../../libDaisy//build/libdaisy.a(stm32h7xx_hal_cortex.o)
                              ../../../libDaisy//build/libdaisy.a(stm32h7xx_hal.o) (HAL_NVIC_SetPriorityGrouping)
../../../libDaisy//build/libdaisy.a(stm32h7xx_hal_dma.o)
                              ../../../libDaisy//build/libdaisy.a(adc.o) (HAL_DMA_Init)
../../../libDaisy//build/libdaisy.a(stm32h7xx_hal_gpio.o)
                              ../../../libDaisy//build/libdaisy.a(sdram.o) (HAL_GPIO_Init)
../../../libDaisy//build/libdaisy.a(stm32h7xx_hal_hcd.o)
                              ../../../libDaisy//build/libdaisy.a(usbh_conf.o) (HAL_HCD_HC_Init)
../../../libDaisy//build/libdaisy.a(stm32h7xx_hal_i2c.o)
                              ../../../libDaisy//build/libdaisy.a(i2c.o) (HAL_I2C_Init)
../../../libDaisy//build/libdaisy.a(stm32h7xx_hal_i2c_ex.o)
                              ../../../libDaisy//build/libdaisy.a(i2c.o) (HAL_I2CEx_ConfigAnalogFilter)
../../../libDaisy//build/libdaisy.a(stm32h7xx_hal_pcd.o)
                              ../../../libDaisy//build/libdaisy.a(usbd_conf.o) (HAL_PCD_Init)
../../../libDaisy//build/libdaisy.a(stm32h7xx_hal_pcd_ex.o)
                              ../../../libDaisy//build/libdaisy.a(usbd_conf.o) (HAL_PCDEx_SetTxFiFo)
../../../libDaisy//build/libdaisy.a(stm32h7xx_hal_pwr_ex.o)
                              ../../../libDaisy//build/libdaisy.a(system.o) (HAL_PWREx_ConfigSupply)
../../../libDaisy//build/libdaisy.a(stm32h7xx_hal_qspi.o)
[...]
Memory Configuration

Name             Origin             Length             Attributes
FLASH            0x0000000008000000 0x0000000000020000 xr
DTCMRAM          0x0000000020000000 0x0000000000020000 xrw
SRAM             0x0000000024000000 0x0000000000080000 xrw
RAM_D2_DMA       0x0000000030000000 0x0000000000008000 xrw
RAM_D2           0x0000000030008000 0x0000000000040000 xrw
RAM_D3           0x0000000038000000 0x0000000000010000 xrw
ITCMRAM          0x0000000000000000 0x0000000000010000 xrw
SDRAM            0x00000000c0000000 0x0000000004000000 xrw
QSPIFLASH        0x0000000090040000 0x00000000007c0000 xr
*default*        0x0000000000000000 0xffffffffffffffff

Linker script and memory map

LOAD /Library/DaisyToolchain/0.2.0/arm/bin/../lib/gcc/arm-none-eabi/10.3.1/thumb/v7e-m+dp/hard/crti.o
LOAD /Library/DaisyToolchain/0.2.0/arm/bin/../lib/gcc/arm-none-eabi/10.3.1/thumb/v7e-m+dp/hard/crtbegin.o
LOAD /Library/DaisyToolchain/0.2.0/arm/bin/../lib/gcc/arm-none-eabi/10.3.1/../../../../arm-none-eabi/lib/thumb/v7e-m+dp/hard/crt0.o
LOAD build/startup_stm32h750xx.o
LOAD build/LoopyTunes.o
LOAD build/Mixer.o
LOAD build/Track.o
LOAD build/Delay.o
LOAD build/Waveshaper.o
LOAD build/PitchShift.o
LOAD build/Reverb.o
LOAD build/revmodel.o
LOAD build/comb.o
LOAD build/allpass.o
LOAD ../../../libDaisy//build/libdaisy.a
LOAD /Library/DaisyToolchain/0.2.0/arm/bin/../lib/gcc/arm-none-eabi/10.3.1/../../../../arm-none-eabi/lib/thumb/v7e-m+dp/hard/libnosys.a
LOAD ../../../DaisySP//build/libdaisysp.a
LOAD /Library/DaisyToolchain/0.2.0/arm/bin/../lib/gcc/arm-none-eabi/10.3.1/../../../../arm-none-eabi/lib/thumb/v7e-m+dp/hard/libstdc++_nano.a
LOAD /Library/DaisyToolchain/0.2.0/arm/bin/../lib/gcc/arm-none-eabi/10.3.1/../../../../arm-none-eabi/lib/thumb/v7e-m+dp/hard/libm.a
LOAD /Library/DaisyToolchain/0.2.0/arm/bin/../lib/gcc/arm-none-eabi/10.3.1/../../../../arm-none-eabi/lib/thumb/v7e-m+dp/hard/libc_nano.a
START GROUP
LOAD /Library/DaisyToolchain/0.2.0/arm/bin/../lib/gcc/arm-none-eabi/10.3.1/thumb/v7e-m+dp/hard/libgcc.a
LOAD /Library/DaisyToolchain/0.2.0/arm/bin/../lib/gcc/arm-none-eabi/10.3.1/../../../../arm-none-eabi/lib/thumb/v7e-m+dp/hard/libc_nano.a
END GROUP
START GROUP
LOAD /Library/DaisyToolchain/0.2.0/arm/bin/../lib/gcc/arm-none-eabi/10.3.1/thumb/v7e-m+dp/hard/libgcc.a
LOAD /Library/DaisyToolchain/0.2.0/arm/bin/../lib/gcc/arm-none-eabi/10.3.1/../../../../arm-none-eabi/lib/thumb/v7e-m+dp/hard/libc_nano.a
LOAD /Library/DaisyToolchain/0.2.0/arm/bin/../lib/gcc/arm-none-eabi/10.3.1/../../../../arm-none-eabi/lib/thumb/v7e-m+dp/hard/libnosys.a
END GROUP
START GROUP
LOAD /Library/DaisyToolchain/0.2.0/arm/bin/../lib/gcc/arm-none-eabi/10.3.1/thumb/v7e-m+dp/hard/libgcc.a
LOAD /Library/DaisyToolchain/0.2.0/arm/bin/../lib/gcc/arm-none-eabi/10.3.1/../../../../arm-none-eabi/lib/thumb/v7e-m+dp/hard/libc_nano.a
LOAD /Library/DaisyToolchain/0.2.0/arm/bin/../lib/gcc/arm-none-eabi/10.3.1/../../../../arm-none-eabi/lib/thumb/v7e-m+dp/hard/libnosys.a
END GROUP
LOAD /Library/DaisyToolchain/0.2.0/arm/bin/../lib/gcc/arm-none-eabi/10.3.1/thumb/v7e-m+dp/hard/crtend.o
LOAD /Library/DaisyToolchain/0.2.0/arm/bin/../lib/gcc/arm-none-eabi/10.3.1/thumb/v7e-m+dp/hard/crtn.o
                0x0000000020020000                _estack = 0x20020000

.isr_vector     0x0000000090040000      0x298
                0x0000000090040000                . = ALIGN (0x4)
 *(.isr_vector)
 .isr_vector    0x0000000090040000      0x298 build/startup_stm32h750xx.o
                0x0000000090040000                g_pfnVectors
                0x0000000090040298                . = ALIGN (0x4)

.text           0x00000000900402a0    0x175ec
                0x00000000900402a0                . = ALIGN (0x4)
                0x00000000900402a0                _stext = .
 *(.text)
 .text          0x00000000900402a0       0x40 /Library/DaisyToolchain/0.2.0/arm/bin/../lib/gcc/arm-none-eabi/10.3.1/thumb/v7e-m+dp/hard/crtbegin.o
 .text          0x00000000900402e0       0x10 /Library/DaisyToolchain/0.2.0/arm/bin/../lib/gcc/arm-none-eabi/10.3.1/../../../../arm-none-eabi/lib/thumb/v7e-m+dp/hard/libc_nano.a(lib_a-strlen.o)
                0x00000000900402e0                strlen
 .text          0x00000000900402f0       0xa0 /Library/DaisyToolchain/0.2.0/arm/bin/../lib/gcc/arm-none-eabi/10.3.1/../../../../arm-none-eabi/lib/thumb/v7e-m+dp/hard/libc_nano.a(lib_a-memchr.o)
                0x00000000900402f0                memchr
 .text          0x0000000090040390       0x30 /Library/DaisyToolchain/0.2.0/arm/bin/../lib/gcc/arm-none-eabi/10.3.1/thumb/v7e-m+dp/hard/libgcc.a(_aeabi_uldivmod.o)
                0x0000000090040390                __aeabi_uldivmod
 .text          0x00000000900403c0      0x2d0 /Library/DaisyToolchain/0.2.0/arm/bin/../lib/gcc/arm-none-eabi/10.3.1/thumb/v7e-m+dp/hard/libgcc.a(_udivmoddi4.o)
                0x00000000900403c0                __udivmoddi4
 .text          0x0000000090040690        0x4 /Library/DaisyToolchain/0.2.0/arm/bin/../lib/gcc/arm-none-eabi/10.3.1/thumb/v7e-m+dp/hard/libgcc.a(_dvmd_tls.o)
                0x0000000090040690                __aeabi_ldiv0
                0x0000000090040690                __aeabi_idiv0
 *(.text*)
 .text.Default_Handler
                0x0000000090040694        0x2 build/startup_stm32h750xx.o
                0x0000000090040694                SAI1_IRQHandler
                0x0000000090040694                HASH_RNG_IRQHandler
                0x0000000090040694                EXTI2_IRQHandler
                0x0000000090040694                TIM8_CC_IRQHandler
                0x0000000090040694                HRTIM1_Master_IRQHandler
                0x0000000090040694                DebugMon_Handler
                0x0000000090040694                TIM1_CC_IRQHandler
                0x0000000090040694                BDMA_Channel6_IRQHandler
                0x0000000090040694                DMA2_Stream5_IRQHandler
                0x0000000090040694                HRTIM1_FLT_IRQHandler
                0x0000000090040694                JPEG_IRQHandler
                0x0000000090040694                BDMA_Channel1_IRQHandler
                0x0000000090040694                HRTIM1_TIMD_IRQHandler
                0x0000000090040694                TAMP_STAMP_IRQHandler
                0x0000000090040694                PendSV_Handler
                0x0000000090040694                NMI_Handler
                0x0000000090040694                EXTI3_IRQHandler
                0x0000000090040694                LPTIM4_IRQHandler
                0x0000000090040694                TIM8_TRG_COM_TIM14_IRQHandler
                0x0000000090040694                LPTIM2_IRQHandler
                0x0000000090040694                DFSDM1_FLT1_IRQHandler
                0x0000000090040694                DMAMUX2_OVR_IRQHandler
                0x0000000090040694                TIM8_UP_TIM13_IRQHandler
                0x0000000090040694                I2C3_ER_IRQHandler
                0x0000000090040694                DFSDM1_FLT2_IRQHandler
                0x0000000090040694                MDMA_IRQHandler
                0x0000000090040694                LPTIM3_IRQHandler
                0x0000000090040694                HSEM1_IRQHandler
                0x0000000090040694                EXTI0_IRQHandler
                0x0000000090040694                FPU_IRQHandler
                0x0000000090040694                OTG_HS_WKUP_IRQHandler
                0x0000000090040694                FDCAN1_IT1_IRQHandler
                0x0000000090040694                UsageFault_Handler
                0x0000000090040694                LTDC_ER_IRQHandler
                0x0000000090040694                HRTIM1_TIME_IRQHandler
                0x0000000090040694                TIM6_DAC_IRQHandler
                0x0000000090040694                DCMI_IRQHandler
                0x0000000090040694                HRTIM1_TIMC_IRQHandler
                0x0000000090040694                SAI2_IRQHandler
                0x0000000090040694                DFSDM1_FLT3_IRQHandler
                0x0000000090040694                TIM17_IRQHandler
                0x0000000090040694                CRYP_IRQHandler
                0x0000000090040694                BDMA_Channel7_IRQHandler
                0x0000000090040694                LPTIM5_IRQHandler
                0x0000000090040694                ADC3_IRQHandler
                0x0000000090040694                DMA2_Stream0_IRQHandler
                0x0000000090040694                BDMA_Channel2_IRQHandler
                0x0000000090040694                DMAMUX1_OVR_IRQHandler
                0x0000000090040694                TIM16_IRQHandler
                0x0000000090040694                BDMA_Channel5_IRQHandler
                0x0000000090040694                RCC_IRQHandler
                0x0000000090040694                TIM8_BRK_TIM12_IRQHandler
                0x0000000090040694                TIM1_TRG_COM_IRQHandler
                0x0000000090040694                Default_Handler
                0x0000000090040694                ECC_IRQHandler
                0x0000000090040694                CEC_IRQHandler
                0x0000000090040694                EXTI15_10_IRQHandler
                0x0000000090040694                BDMA_Channel0_IRQHandler
                0x0000000090040694                ADC_IRQHandler
                0x0000000090040694                DMA1_Stream7_IRQHandler
                0x0000000090040694                HRTIM1_TIMA_IRQHandler
                0x0000000090040694                TIM7_IRQHandler
                0x0000000090040694                SDMMC1_IRQHandler
                0x0000000090040694                DMA2_Stream7_IRQHandler
                0x0000000090040694                TIM15_IRQHandler
                0x0000000090040694                PVD_AVD_IRQHandler
                0x0000000090040694                EXTI9_5_IRQHandler
                0x0000000090040694                RTC_WKUP_IRQHandler
                0x0000000090040694                LTDC_IRQHandler
                0x0000000090040694                SAI3_IRQHandler
                0x0000000090040694                ETH_WKUP_IRQHandler
                0x0000000090040694                SPDIF_RX_IRQHandler
                0x0000000090040694                MemManage_Handler
                0x0000000090040694                SVC_Handler
                0x0000000090040694                CRS_IRQHandler
                0x0000000090040694                EXTI4_IRQHandler
                0x0000000090040694                HRTIM1_TIMB_IRQHandler
                0x0000000090040694                FDCAN2_IT1_IRQHandler
                0x0000000090040694                ETH_IRQHandler
                0x0000000090040694                TIM1_UP_IRQHandler
                0x0000000090040694                BDMA_Channel4_IRQHandler
                0x0000000090040694                WWDG_IRQHandler
                0x0000000090040694                SPI6_IRQHandler
                0x0000000090040694                I2C4_EV_IRQHandler
                0x0000000090040694                MDIOS_IRQHandler
                0x0000000090040694                FDCAN2_IT0_IRQHandler
                0x0000000090040694                FDCAN1_IT0_IRQHandler
                0x0000000090040694                OTG_FS_WKUP_IRQHandler
                0x0000000090040694                DMA2D_IRQHandler
                0x0000000090040694                TIM1_BRK_IRQHandler
                0x0000000090040694                EXTI1_IRQHandler
                0x0000000090040694                SDMMC2_IRQHandler
                0x0000000090040694                BDMA_Channel3_IRQHandler
                0x0000000090040694                MDIOS_WKUP_IRQHandler
                0x0000000090040694                DFSDM1_FLT0_IRQHandler
                0x0000000090040694                SAI4_IRQHandler
                0x0000000090040694                I2C2_ER_IRQHandler
                0x0000000090040694                DMA2_Stream1_IRQHandler
                0x0000000090040694                FLASH_IRQHandler
                0x0000000090040694                BusFault_Handler
                0x0000000090040694                WAKEUP_PIN_IRQHandler
                0x0000000090040694                I2C1_ER_IRQHandler
                0x0000000090040694                FMC_IRQHandler
                0x0000000090040694                FDCAN_CAL_IRQHandler
                0x0000000090040694                SWPMI1_IRQHandler
                0x0000000090040694                COMP1_IRQHandler
                0x0000000090040694                LPTIM1_IRQHandler
                0x0000000090040694                I2C4_ER_IRQHandler
                0x0000000090040694                DMA2_Stream6_IRQHandler
                0x0000000090040694                RTC_Alarm_IRQHandler
 *fill*         0x0000000090040696        0x2 
 .text.Reset_Handler
                0x0000000090040698       0x38 build/startup_stm32h750xx.o
                0x0000000090040698                Reset_Handler
 .text._ZN5daisy9DaisySeedD2Ev
                0x00000000900406d0        0x2 build/LoopyTunes.o
                0x00000000900406d0                daisy::DaisySeed::~DaisySeed()
                0x00000000900406d0                daisy::DaisySeed::~DaisySeed()
 .text.__tcf_0  0x00000000900406d2        0x2 build/LoopyTunes.o
 .text._Z13AudioCallbackPKPKfPPfj
                0x00000000900406d4       0x2c build/LoopyTunes.o
                0x00000000900406d4                AudioCallback(float const* const*, float**, unsigned int)
 .text.__tcf_2  0x0000000090040700        0x2 build/LoopyTunes.o
 .text.__tcf_3  0x0000000090040702        0x2 build/LoopyTunes.o
 .text.__tcf_1  0x0000000090040704        0x2 build/LoopyTunes.o
 .text._ZNSt14_Function_baseD2Ev
                0x0000000090040706       0x12 build/LoopyTunes.o
                0x0000000090040706                std::_Function_base::~_Function_base()
                0x0000000090040706                std::_Function_base::~_Function_base()
 .text._ZN5TrackD2Ev
                0x0000000090040718       0xcc build/LoopyTunes.o
                0x0000000090040718                Track::~Track()
                0x0000000090040718                Track::~Track()
 .text._ZN5Mixer12MixerChannelC2Ev
                0x00000000900407e4       0xe4 build/LoopyTunes.o
                0x00000000900407e4                Mixer::MixerChannel::MixerChannel()
                0x00000000900407e4                Mixer::MixerChannel::MixerChannel()
 .text._ZN5Mixer12MixerChannelD2Ev
                0x00000000900408c8       0x24 build/LoopyTunes.o
                0x00000000900408c8                Mixer::MixerChannel::~MixerChannel()
                0x00000000900408c8                Mixer::MixerChannel::~MixerChannel()
 .text._ZN5MixerD2Ev
                0x00000000900408ec       0x36 build/LoopyTunes.o
                0x00000000900408ec                Mixer::~Mixer()
                0x00000000900408ec                Mixer::~Mixer()
 *fill*         0x0000000090040922        0x2 
 .text._Z4initv
                0x0000000090040924       0xa0 build/LoopyTunes.o
                0x0000000090040924                init()
 .text._Z11initTrackIOv
                0x00000000900409c4       0x98 build/LoopyTunes.o
                0x00000000900409c4                initTrackIO()
 .text.startup.main
                0x0000000090040a5c       0xb8 build/LoopyTunes.o
                0x0000000090040a5c                main
 .text.startup._GLOBAL__sub_I_hw
                0x0000000090040b14       0xa4 build/LoopyTunes.o
 .text._ZNSt17_Function_handlerIFvfEZN5Mixer4initEPN5daisy9DaisySeedEPPfS6_S6_S6_S6_EUlfE_E9_M_invokeERKSt9_Any_dataOf
                0x0000000090040bb8        0xe build/Mixer.o
 .text._ZNSt17_Function_handlerIFvfEZN5Mixer11initTrackIOEPN5daisy9DaisySeedE7TrackIOS5_S5_S5_EUlfE_E9_M_invokeERKSt9_Any_dataOf
                0x0000000090040bc6        0xc build/Mixer.o
 .text._ZNSt17_Function_handlerIFvfEZN5Mixer11initTrackIOEPN5daisy9DaisySeedE7TrackIOS5_S5_S5_EUlfE0_E9_M_invokeERKSt9_Any_dataOf
                0x0000000090040bd2        0xc build/Mixer.o
 .text._ZNSt17_Function_handlerIFvfEZN5Mixer11initTrackIOEPN5daisy9DaisySeedE7TrackIOS5_S5_S5_EUlfE1_E9_M_invokeERKSt9_Any_dataOf
                0x0000000090040bde        0xc build/Mixer.o
 .text._ZNSt17_Function_handlerIFvfEZN5Mixer11initTrackIOEPN5daisy9DaisySeedE7TrackIOS5_S5_S5_EUlfE2_E9_M_invokeERKSt9_Any_dataOf
                0x0000000090040bea        0xc build/Mixer.o
 .text._ZNSt17_Function_handlerIFvfEZN5Mixer11initTrackIOEPN5daisy9DaisySeedE7TrackIOS5_S5_S5_EUlfE3_E9_M_invokeERKSt9_Any_dataOf
                0x0000000090040bf6        0xe build/Mixer.o
 .text._ZNSt17_Function_handlerIFvfEZN5Mixer11initTrackIOEPN5daisy9DaisySeedE7TrackIOS5_S5_S5_EUlfE4_E9_M_invokeERKSt9_Any_dataOf
                0x0000000090040c04        0xc build/Mixer.o
 .text._ZNSt17_Function_handlerIFvfEZN5Mixer11initTrackIOEPN5daisy9DaisySeedE7TrackIOS5_S5_S5_EUlfE5_E9_M_invokeERKSt9_Any_dataOf
                0x0000000090040c10        0xc build/Mixer.o
 .text._ZNSt17_Function_handlerIFvfEZN5Mixer11initTrackIOEPN5daisy9DaisySeedE7TrackIOS5_S5_S5_EUlfE6_E9_M_invokeERKSt9_Any_dataOf
                0x0000000090040c1c        0xc build/Mixer.o
 .text._ZNSt17_Function_handlerIFvfEZN5Mixer11initTrackIOEPN5daisy9DaisySeedE7TrackIOS5_S5_S5_EUlfE6_E10_M_managerERSt9_Any_dataRKS8_St18_Manager_operation
                0x0000000090040c28       0x14 build/Mixer.o
 .text._ZNSt17_Function_handlerIFvfEZN5Mixer11initTrackIOEPN5daisy9DaisySeedE7TrackIOS5_S5_S5_EUlfE5_E10_M_managerERSt9_Any_dataRKS8_St18_Manager_operation
                0x0000000090040c3c       0x14 build/Mixer.o
 .text._ZNSt17_Function_handlerIFvfEZN5Mixer11initTrackIOEPN5daisy9DaisySeedE7TrackIOS5_S5_S5_EUlfE4_E10_M_managerERSt9_Any_dataRKS8_St18_Manager_operation
                0x0000000090040c50       0x14 build/Mixer.o
 .text._ZNSt17_Function_handlerIFvfEZN5Mixer11initTrackIOEPN5daisy9DaisySeedE7TrackIOS5_S5_S5_EUlfE3_E10_M_managerERSt9_Any_dataRKS8_St18_Manager_operation
                0x0000000090040c64       0x14 build/Mixer.o
 .text._ZNSt17_Function_handlerIFvfEZN5Mixer11initTrackIOEPN5daisy9DaisySeedE7TrackIOS5_S5_S5_EUlfE2_E10_M_managerERSt9_Any_dataRKS8_St18_Manager_operation
                0x0000000090040c78       0x14 build/Mixer.o
 .text._ZNSt17_Function_handlerIFvfEZN5Mixer11initTrackIOEPN5daisy9DaisySeedE7TrackIOS5_S5_S5_EUlfE1_E10_M_managerERSt9_Any_dataRKS8_St18_Manager_operation
                0x0000000090040c8c       0x14 build/Mixer.o
 .text._ZNSt17_Function_handlerIFvfEZN5Mixer11initTrackIOEPN5daisy9DaisySeedE7TrackIOS5_S5_S5_EUlfE0_E10_M_managerERSt9_Any_dataRKS8_St18_Manager_operation
                0x0000000090040ca0       0x14 build/Mixer.o
 .text._ZNSt17_Function_handlerIFvfEZN5Mixer11initTrackIOEPN5daisy9DaisySeedE7TrackIOS5_S5_S5_EUlfE_E10_M_managerERSt9_Any_dataRKS8_St18_Manager_operation
                0x0000000090040cb4       0x14 build/Mixer.o
 .text._ZNSt17_Function_handlerIFvfEZN5Mixer4initEPN5daisy9DaisySeedEPPfS6_S6_S6_S6_EUlfE_E10_M_managerERSt9_Any_dataRKS9_St18_Manager_operation
                0x0000000090040cc8       0x14 build/Mixer.o
 *fill*         0x0000000090040cdc        0x4 
 .text._ZN5Mixer12MixerChannel9getCurValEij
                0x0000000090040ce0       0x4c build/Mixer.o
                0x0000000090040ce0                Mixer::MixerChannel::getCurVal(int, unsigned int)
 .text._ZN5Mixer15initMixChannelsEPPfS1_S1_S1_
                0x0000000090040d2c       0x42 build/Mixer.o
                0x0000000090040d2c                Mixer::initMixChannels(float**, float**, float**, float**)
 .text._ZN5Mixer6initFXEPN5daisy9DaisySeedEPPN7daisysp9DelayLineIfLj240000EEES7_S7_S7_
                0x0000000090040d6e       0x40 build/Mixer.o
                0x0000000090040d6e                Mixer::initFX(daisy::DaisySeed*, daisysp::DelayLine<float, 240000u>**, daisysp::DelayLine<float, 240000u>**, daisysp::DelayLine<float, 240000u>**, daisysp::DelayLine<float, 240000u>**)
 .text._ZN5Mixer17processInputBlockEPKfS1_j
                0x0000000090040dae       0x44 build/Mixer.o
                0x0000000090040dae                Mixer::processInputBlock(float const*, float const*, unsigned int)
 .text._ZN5Mixer9setMixDivEv
                0x0000000090040df2       0x52 build/Mixer.o
                0x0000000090040df2                Mixer::setMixDiv()
 .text._ZN5Mixer9mixOutputEj
                0x0000000090040e44       0xd4 build/Mixer.o
                0x0000000090040e44                Mixer::mixOutput(unsigned int)
 .text._ZN5Mixer18processOutputBlockEPfS0_j
                0x0000000090040f18       0xa0 build/Mixer.o
                0x0000000090040f18                Mixer::processOutputBlock(float*, float*, unsigned int)
 .text._ZN14AudioParameterIfE4initEPN5daisy9DaisySeedEff9CurveTypehSt8functionIFvfEE
                0x0000000090040fb8       0x78 build/Mixer.o
                0x0000000090040fb8                AudioParameter<float>::init(daisy::DaisySeed*, float, float, CurveType, unsigned char, std::function<void (float)>)
 .text._ZN5Mixer4initEPN5daisy9DaisySeedEPPfS4_S4_S4_S4_
                0x0000000090041030       0xd0 build/Mixer.o
                0x0000000090041030                Mixer::init(daisy::DaisySeed*, float**, float**, float**, float**, float**)
 .text._ZN5Mixer11initTrackIOEPN5daisy9DaisySeedE7TrackIOS3_S3_S3_
                0x0000000090041100      0x204 build/Mixer.o
                0x0000000090041100                Mixer::initTrackIO(daisy::DaisySeed*, TrackIO, TrackIO, TrackIO, TrackIO)
 .text._ZN14AudioParameterIfE4tickEv
                0x0000000090041304       0x7e build/Mixer.o
                0x0000000090041304                AudioParameter<float>::tick()
 .text._ZN5Mixer4tickEv
                0x0000000090041382       0x84 build/Mixer.o
                0x0000000090041382                Mixer::tick()
 .text._ZNSt17_Function_handlerIFvvEZN5Track6initIOE7TrackIOEUlvE0_E10_M_managerERSt9_Any_dataRKS5_St18_Manager_operation
                0x0000000090041406       0x14 build/Track.o
 .text._ZNSt17_Function_handlerIFvvEZN5Track6initIOE7TrackIOEUlvE_E10_M_managerERSt9_Any_dataRKS5_St18_Manager_operation
                0x000000009004141a       0x14 build/Track.o
 .text._ZN15BinaryParameter4initE12dsy_gpio_pinfSt8functionIFvvEE
                0x000000009004142e       0x64 build/Track.o
                0x000000009004142e                BinaryParameter::init(dsy_gpio_pin, float, std::function<void ()>)
 .text._ZN15BinaryParameter4tickEv
                0x0000000090041492       0x28 build/Track.o
                0x0000000090041492                BinaryParameter::tick()
 *fill*         0x00000000900414ba        0x2 
 .text._ZN5Track4initEPPf
                0x00000000900414bc       0x68 build/Track.o
                0x00000000900414bc                Track::init(float**)
 .text._ZN5Track6initIOE7TrackIO
                0x0000000090041524       0x7c build/Track.o
                0x0000000090041524                Track::initIO(TrackIO)
 .text._ZN5Track6initFXEPN5daisy9DaisySeedEPPN7daisysp9DelayLineIfLj240000EEE
                0x00000000900415a0       0x3a build/Track.o
                0x00000000900415a0                Track::initFX(daisy::DaisySeed*, daisysp::DelayLine<float, 240000u>**)
 .text._ZN5Track4tickEv
                0x00000000900415da       0x3c build/Track.o
                0x00000000900415da                Track::tick()
 .text._ZN5Track14setIsRecordingEv
                0x0000000090041616       0x22 build/Track.o
                0x0000000090041616                Track::setIsRecording()
 .text._ZNSt17_Function_handlerIFvvEZN5Track6initIOE7TrackIOEUlvE_E9_M_invokeERKSt9_Any_data
                0x0000000090041638        0x6 build/Track.o
 .text._ZN5Track12setIsPlayingEv
                0x000000009004163e       0x1c build/Track.o
                0x000000009004163e                Track::setIsPlaying()
 .text._ZNSt17_Function_handlerIFvvEZN5Track6initIOE7TrackIOEUlvE0_E9_M_invokeERKSt9_Any_data
                0x000000009004165a        0x6 build/Track.o
 .text._ZN5Track17incrementWritePosEv
                0x0000000090041660       0x10 build/Track.o
                0x0000000090041660                Track::incrementWritePos()
 .text._ZN5Track16incrementReadPosEv
                0x0000000090041670       0x22 build/Track.o
                0x0000000090041670                Track::incrementReadPos()
 .text._ZN5Track17processInputBlockEPKfS1_j
                0x0000000090041692       0x3a build/Track.o
                0x0000000090041692                Track::processInputBlock(float const*, float const*, unsigned int)
 .text._ZN5Track18processOutputBlockEPPfj
                0x00000000900416cc       0x4c build/Track.o
                0x00000000900416cc                Track::processOutputBlock(float**, unsigned int)
 .text._ZNSt17_Function_handlerIFvfEZN5Delay4initEPN5daisy9DaisySeedEPPN7daisysp9DelayLineIfLj240000EEEEUlfE0_E9_M_invokeERKSt9_Any_dataOf
                0x0000000090041718        0x8 build/Delay.o
 .text._ZNSt17_Function_handlerIFvfEZN5Delay4initEPN5daisy9DaisySeedEPPN7daisysp9DelayLineIfLj240000EEEEUlfE1_E9_M_invokeERKSt9_Any_dataOf
                0x0000000090041720        0xa build/Delay.o
 .text._ZNSt17_Function_handlerIFvfEZN5Delay4initEPN5daisy9DaisySeedEPPN7daisysp9DelayLineIfLj240000EEEEUlfE1_E10_M_managerERSt9_Any_dataRKSC_St18_Manager_operation
                0x000000009004172a       0x14 build/Delay.o
 .text._ZNSt17_Function_handlerIFvfEZN5Delay4initEPN5daisy9DaisySeedEPPN7daisysp9DelayLineIfLj240000EEEEUlfE0_E10_M_managerERSt9_Any_dataRKSC_St18_Manager_operation
                0x000000009004173e       0x14 build/Delay.o
 .text._ZNSt17_Function_handlerIFvjEZN5Delay4initEPN5daisy9DaisySeedEPPN7daisysp9DelayLineIfLj240000EEEEUljE_E10_M_managerERSt9_Any_dataRKSC_St18_Manager_operation
                0x0000000090041752       0x14 build/Delay.o
 *fill*         0x0000000090041766        0x2 
 .text._ZNSt17_Function_handlerIFvjEZN5Delay4initEPN5daisy9DaisySeedEPPN7daisysp9DelayLineIfLj240000EEEEUljE_E9_M_invokeERKSt9_Any_dataOj
                0x0000000090041768       0x28 build/Delay.o
 .text._ZN5Delay4tickEv
                0x0000000090041790       0xb6 build/Delay.o
                0x0000000090041790                Delay::tick()
 .text._ZSt4swapISt9_Any_dataENSt9enable_ifIXsrSt6__and_IJSt6__not_ISt15__is_tuple_likeIT_EESt21is_move_constructibleIS5_ESt18is_move_assignableIS5_EEE5valueEvE4typeERS5_SF_
                0x0000000090041846       0x24 build/Delay.o
                0x0000000090041846                std::enable_if<std::__and_<std::__not_<std::__is_tuple_like<std::_Any_data> >, std::is_move_constructible<std::_Any_data>, std::is_move_assignable<std::_Any_data> >::value, void>::type std::swap<std::_Any_data>(std::_Any_data&, std::_Any_data&)
 .text._ZNSt8functionIFvfEEaSERKS1_.isra.0
                0x000000009004186a       0x40 build/Delay.o
 *fill*         0x00000000900418aa        0x2 
 .text._ZN5Delay4initEPN5daisy9DaisySeedEPPN7daisysp9DelayLineIfLj240000EEE
                0x00000000900418ac      0x168 build/Delay.o
                0x00000000900418ac                Delay::init(daisy::DaisySeed*, daisysp::DelayLine<float, 240000u>**)
 .text._ZNSt17_Function_handlerIFvfEZN10Waveshaper4initEPN5daisy9DaisySeedEEUlfE0_E9_M_invokeERKSt9_Any_dataOf
                0x0000000090041a14        0x8 build/Waveshaper.o
 .text._ZNSt17_Function_handlerIFviEZN10Waveshaper4initEPN5daisy9DaisySeedEEUliE1_E9_M_invokeERKSt9_Any_dataOi
                0x0000000090041a1c        0xa build/Waveshaper.o
 .text._ZNSt17_Function_handlerIFvfEZN10Waveshaper4initEPN5daisy9DaisySeedEEUlfE2_E9_M_invokeERKSt9_Any_dataOf
                0x0000000090041a26        0xa build/Waveshaper.o
 .text._ZNSt17_Function_handlerIFvfEZN10Waveshaper4initEPN5daisy9DaisySeedEEUlfE2_E10_M_managerERSt9_Any_dataRKS7_St18_Manager_operation
                0x0000000090041a30       0x14 build/Waveshaper.o
 .text._ZNSt17_Function_handlerIFviEZN10Waveshaper4initEPN5daisy9DaisySeedEEUliE1_E10_M_managerERSt9_Any_dataRKS7_St18_Manager_operation
                0x0000000090041a44       0x14 build/Waveshaper.o
 .text._ZNSt17_Function_handlerIFvfEZN10Waveshaper4initEPN5daisy9DaisySeedEEUlfE0_E10_M_managerERSt9_Any_dataRKS7_St18_Manager_operation
                0x0000000090041a58       0x14 build/Waveshaper.o
 .text._ZNSt17_Function_handlerIFvvEZN10Waveshaper4initEPN5daisy9DaisySeedEEUlvE_E10_M_managerERSt9_Any_dataRKS7_St18_Manager_operation
                0x0000000090041a6c       0x14 build/Waveshaper.o
 .text._ZNSt17_Function_handlerIFvvEZN10Waveshaper4initEPN5daisy9DaisySeedEEUlvE_E9_M_invokeERKSt9_Any_data
                0x0000000090041a80       0x10 build/Waveshaper.o
 .text._ZN10Waveshaper4tickEv
                0x0000000090041a90       0xb6 build/Waveshaper.o
                0x0000000090041a90                Waveshaper::tick()
 .text._ZNSt8functionIFvfEEaSERKS1_.isra.0
                0x0000000090041b46       0x40 build/Waveshaper.o
 *fill*         0x0000000090041b86        0x2 
 .text._ZN10Waveshaper4initEPN5daisy9DaisySeedE
                0x0000000090041b88      0x188 build/Waveshaper.o
                0x0000000090041b88                Waveshaper::init(daisy::DaisySeed*)
 .text._ZNSt17_Function_handlerIFvfEZN10PitchShift4initEPN5daisy9DaisySeedEEUlfE_E9_M_invokeERKSt9_Any_dataOf
                0x0000000090041d10        0xc build/PitchShift.o
 .text._ZNSt17_Function_handlerIFvfEZN10PitchShift4initEPN5daisy9DaisySeedEEUlfE1_E9_M_invokeERKSt9_Any_dataOf
                0x0000000090041d1c        0xc build/PitchShift.o
 .text._ZNSt17_Function_handlerIFvfEZN10PitchShift4initEPN5daisy9DaisySeedEEUlfE1_E10_M_managerERSt9_Any_dataRKS7_St18_Manager_operation
                0x0000000090041d28       0x14 build/PitchShift.o
 .text._ZNSt17_Function_handlerIFviEZN10PitchShift4initEPN5daisy9DaisySeedEEUliE0_E10_M_managerERSt9_Any_dataRKS7_St18_Manager_operation
                0x0000000090041d3c       0x14 build/PitchShift.o
 .text._ZNSt17_Function_handlerIFvfEZN10PitchShift4initEPN5daisy9DaisySeedEEUlfE_E10_M_managerERSt9_Any_dataRKS7_St18_Manager_operation
                0x0000000090041d50       0x14 build/PitchShift.o
 .text._ZN7daisysp12PitchShifter16SetTranspositionERKf.isra.0
                0x0000000090041d64       0xf0 build/PitchShift.o
 .text._ZNSt17_Function_handlerIFviEZN10PitchShift4initEPN5daisy9DaisySeedEEUliE0_E9_M_invokeERKSt9_Any_dataOi
                0x0000000090041e54       0x10 build/PitchShift.o
 .text._ZN10PitchShift4tickEv
                0x0000000090041e64      0x136 build/PitchShift.o
                0x0000000090041e64                PitchShift::tick()
 .text._ZNSt8functionIFvfEEaSERKS1_.isra.0
                0x0000000090041f9a       0x40 build/PitchShift.o
 *fill*         0x0000000090041fda        0x2 
 .text._ZN10PitchShift4initEPN5daisy9DaisySeedE
                0x0000000090041fdc      0x268 build/PitchShift.o
                0x0000000090041fdc                PitchShift::init(daisy::DaisySeed*)
 .text._ZNSt17_Function_handlerIFvfEZN6Reverb4initEPN5daisy9DaisySeedEEUlfE2_E10_M_managerERSt9_Any_dataRKS7_St18_Manager_operation
                0x0000000090042244       0x14 build/Reverb.o
 .text._ZNSt17_Function_handlerIFvfEZN6Reverb4initEPN5daisy9DaisySeedEEUlfE1_E10_M_managerERSt9_Any_dataRKS7_St18_Manager_operation
                0x0000000090042258       0x14 build/Reverb.o
 .text._ZNSt17_Function_handlerIFvfEZN6Reverb4initEPN5daisy9DaisySeedEEUlfE0_E10_M_managerERSt9_Any_dataRKS7_St18_Manager_operation
                0x000000009004226c       0x14 build/Reverb.o
 .text._ZNSt17_Function_handlerIFvfEZN6Reverb4initEPN5daisy9DaisySeedEEUlfE_E10_M_managerERSt9_Any_dataRKS7_St18_Manager_operation
                0x0000000090042280       0x14 build/Reverb.o
 .text._ZNSt17_Function_handlerIFvfEZN6Reverb4initEPN5daisy9DaisySeedEEUlfE2_E9_M_invokeERKSt9_Any_dataOf
                0x0000000090042294        0xc build/Reverb.o
 .text._ZNSt17_Function_handlerIFvfEZN6Reverb4initEPN5daisy9DaisySeedEEUlfE1_E9_M_invokeERKSt9_Any_dataOf
                0x00000000900422a0        0xc build/Reverb.o
 .text._ZNSt17_Function_handlerIFvfEZN6Reverb4initEPN5daisy9DaisySeedEEUlfE0_E9_M_invokeERKSt9_Any_dataOf
                0x00000000900422ac        0xc build/Reverb.o
 .text._ZNSt17_Function_handlerIFvfEZN6Reverb4initEPN5daisy9DaisySeedEEUlfE_E9_M_invokeERKSt9_Any_dataOf
                0x00000000900422b8        0xc build/Reverb.o
 .text._ZN6Reverb12processBlockEPPfl
                0x00000000900422c4       0x46 build/Reverb.o
                0x00000000900422c4                Reverb::processBlock(float**, long)
 *fill*         0x000000009004230a        0x2 
 .text._ZN6Reverb4initEPN5daisy9DaisySeedE
                0x000000009004230c      0x108 build/Reverb.o
                0x000000009004230c                Reverb::init(daisy::DaisySeed*)
 .text._ZN6Reverb4tickEv
                0x0000000090042414       0x28 build/Reverb.o
                0x0000000090042414                Reverb::tick()
 .text._ZN4comb7processEf
                0x000000009004243c       0x70 build/revmodel.o
                0x000000009004243c                comb::process(float)
 .text._ZN7allpass7processEf
                0x00000000900424ac       0x44 build/revmodel.o
                0x00000000900424ac                allpass::process(float)
 .text._ZN8revmodel4muteEv
                0x00000000900424f0       0x50 build/revmodel.o
                0x00000000900424f0                revmodel::mute()
 .text._ZN8revmodel14processreplaceEPfS0_S0_S0_li
                0x0000000090042540      0x10c build/revmodel.o
                0x0000000090042540                revmodel::processreplace(float*, float*, float*, float*, long, int)
 .text._ZN8revmodel6updateEv
                0x000000009004264c       0xa0 build/revmodel.o
                0x000000009004264c                revmodel::update()
 .text._ZN8revmodelC2Ev
                0x00000000900426ec      0x2a4 build/revmodel.o
                0x00000000900426ec                revmodel::revmodel()
                0x00000000900426ec                revmodel::revmodel()
 .text._ZN8revmodel11setroomsizeEf
                0x0000000090042990       0x1c build/revmodel.o
                0x0000000090042990                revmodel::setroomsize(float)
 .text._ZN8revmodel7setdampEf
                0x00000000900429ac       0x14 build/revmodel.o
                0x00000000900429ac                revmodel::setdamp(float)
 .text._ZN8revmodel6setwetEf
                0x00000000900429c0       0x10 build/revmodel.o
                0x00000000900429c0                revmodel::setwet(float)
 .text._ZN8revmodel6setdryEf
                0x00000000900429d0        0xa build/revmodel.o
                0x00000000900429d0                revmodel::setdry(float)
 .text._ZN8revmodel8setwidthEf
                0x00000000900429da        0x8 build/revmodel.o
                0x00000000900429da                revmodel::setwidth(float)
 .text._ZN8revmodel7setmodeEf
                0x00000000900429e2        0x8 build/revmodel.o
                0x00000000900429e2                revmodel::setmode(float)
 .text._ZN4combC2Ev
                0x00000000900429ea        0xa build/comb.o
                0x00000000900429ea                comb::comb()
                0x00000000900429ea                comb::comb()
 .text._ZN4comb9setbufferEPfi
                0x00000000900429f4        0x6 build/comb.o
                0x00000000900429f4                comb::setbuffer(float*, int)
 .text._ZN4comb4muteEv
                0x00000000900429fa       0x1a build/comb.o
                0x00000000900429fa                comb::mute()
 .text._ZN4comb7setdampEf
                0x0000000090042a14       0x12 build/comb.o
                0x0000000090042a14                comb::setdamp(float)
 .text._ZN4comb11setfeedbackEf
                0x0000000090042a26        0x6 build/comb.o
                0x0000000090042a26                comb::setfeedback(float)
 .text._ZN7allpassC2Ev
                0x0000000090042a2c        0x6 build/allpass.o
                0x0000000090042a2c                allpass::allpass()
                0x0000000090042a2c                allpass::allpass()
 .text._ZN7allpass9setbufferEPfi
                0x0000000090042a32        0x6 build/allpass.o
                0x0000000090042a32                allpass::setbuffer(float*, int)
 .text._ZN7allpass4muteEv
                0x0000000090042a38       0x1a build/allpass.o
                0x0000000090042a38                allpass::mute()
 .text._ZN7allpass11setfeedbackEf
                0x0000000090042a52        0x6 build/allpass.o
                0x0000000090042a52                allpass::setfeedback(float)
 .text._ZN5daisy9DaisySeed9ConfigureEv
                0x0000000090042a58        0x4 ../../../libDaisy//build/libdaisy.a(daisy_seed.o)
                0x0000000090042a58                daisy::DaisySeed::Configure()
 .text._ZN5daisy9DaisySeed10StartAudioEPFvPKPKfPPfjE
                0x0000000090042a5c        0x8 ../../../libDaisy//build/libdaisy.a(daisy_seed.o)
                0x0000000090042a5c                daisy::DaisySeed::StartAudio(void (*)(float const* const*, float**, unsigned int))
 .text._ZN5daisy9DaisySeed18SetAudioSampleRateENS_9SaiHandle6Config10SampleRateE
                0x0000000090042a64       0x38 ../../../libDaisy//build/libdaisy.a(daisy_seed.o)
                0x0000000090042a64                daisy::DaisySeed::SetAudioSampleRate(daisy::SaiHandle::Config::SampleRate)
 .text._ZN5daisy9DaisySeed15AudioSampleRateEv
                0x0000000090042a9c        0x8 ../../../libDaisy//build/libdaisy.a(daisy_seed.o)
                0x0000000090042a9c                daisy::DaisySeed::AudioSampleRate()
 .text._ZN5daisy9DaisySeed17SetAudioBlockSizeEj
                0x0000000090042aa4       0x38 ../../../libDaisy//build/libdaisy.a(daisy_seed.o)
                0x0000000090042aa4                daisy::DaisySeed::SetAudioBlockSize(unsigned int)
 .text._ZN5daisy9DaisySeed14ConfigureAudioEv
                0x0000000090042adc       0xd0 ../../../libDaisy//build/libdaisy.a(daisy_seed.o)
                0x0000000090042adc                daisy::DaisySeed::ConfigureAudio()
 .text._ZN5daisy9DaisySeed4InitEb
                0x0000000090042bac       0xf0 ../../../libDaisy//build/libdaisy.a(daisy_seed.o)
                0x0000000090042bac                daisy::DaisySeed::Init(bool)
 .text._ZN5daisy6Ak45564InitE12dsy_gpio_pin
                0x0000000090042c9c       0x44 ../../../libDaisy//build/libdaisy.a(codec_ak4556.o)
                0x0000000090042c9c                daisy::Ak4556::Init(dsy_gpio_pin)
 .text._ZN5daisy6Wm873120WriteControlRegisterEht
                0x0000000090042ce0       0x3c ../../../libDaisy//build/libdaisy.a(codec_wm8731.o)
                0x0000000090042ce0                daisy::Wm8731::WriteControlRegister(unsigned char, unsigned short)
 .text._ZN5daisy6Wm87314InitERKNS0_6ConfigENS_9I2CHandleE
                0x0000000090042d1c      0x1bc ../../../libDaisy//build/libdaisy.a(codec_wm8731.o)
                0x0000000090042d1c                daisy::Wm8731::Init(daisy::Wm8731::Config const&, daisy::I2CHandle)
 .text._ZN11SdramHandle10DeviceInitEv
                0x0000000090042ed8       0x98 ../../../libDaisy//build/libdaisy.a(sdram.o)
                0x0000000090042ed8                SdramHandle::DeviceInit()
 .text._ZN11SdramHandle4InitEv
                0x0000000090042f70       0x7c ../../../libDaisy//build/libdaisy.a(sdram.o)
                0x0000000090042f70                SdramHandle::Init()
 .text.HAL_SDRAM_MspInit
                0x0000000090042fec      0x1a8 ../../../libDaisy//build/libdaisy.a(sdram.o)
                0x0000000090042fec                HAL_SDRAM_MspInit
 .text._ZN5daisy11AudioHandle4Impl16InternalCallbackEPlS2_j
                0x0000000090043194      0xbbc ../../../libDaisy//build/libdaisy.a(audio.o)
                0x0000000090043194                daisy::AudioHandle::Impl::InternalCallback(long*, long*, unsigned int)
 .text._ZN5daisy11AudioHandle4InitERKNS0_6ConfigENS_9SaiHandleE
                0x0000000090043d50       0x70 ../../../libDaisy//build/libdaisy.a(audio.o)
                0x0000000090043d50                daisy::AudioHandle::Init(daisy::AudioHandle::Config const&, daisy::SaiHandle)
 .text._ZNK5daisy11AudioHandle9GetConfigEv
                0x0000000090043dc0        0x8 ../../../libDaisy//build/libdaisy.a(audio.o)
                0x0000000090043dc0                daisy::AudioHandle::GetConfig() const
 .text._ZN5daisy11AudioHandle12SetBlockSizeEj
                0x0000000090043dc8       0x1c ../../../libDaisy//build/libdaisy.a(audio.o)
                0x0000000090043dc8                daisy::AudioHandle::SetBlockSize(unsigned int)
 .text._ZN5daisy11AudioHandle13GetSampleRateEv
                0x0000000090043de4        0x8 ../../../libDaisy//build/libdaisy.a(audio.o)
                0x0000000090043de4                daisy::AudioHandle::GetSampleRate()
 .text._ZN5daisy11AudioHandle13SetSampleRateENS_9SaiHandle6Config10SampleRateE
                0x0000000090043dec       0x88 ../../../libDaisy//build/libdaisy.a(audio.o)
                0x0000000090043dec                daisy::AudioHandle::SetSampleRate(daisy::SaiHandle::Config::SampleRate)
 .text._ZN5daisy11AudioHandle5StartEPFvPKPKfPPfjE
                0x0000000090043e74       0x44 ../../../libDaisy//build/libdaisy.a(audio.o)
                0x0000000090043e74                daisy::AudioHandle::Start(void (*)(float const* const*, float**, unsigned int))
 .text.startup._GLOBAL__sub_I__ZN5daisy11AudioHandle4Impl4InitENS0_6ConfigENS_9SaiHandleE
                0x0000000090043eb8       0x24 ../../../libDaisy//build/libdaisy.a(audio.o)
 .text._ZN5daisy9UsbHandleD2Ev
                0x0000000090043edc        0x4 ../../../libDaisy//build/libdaisy.a(logger.o)
                0x0000000090043edc                daisy::UsbHandle::~UsbHandle()
                0x0000000090043edc                daisy::UsbHandle::~UsbHandle()
 .text._ZN5daisy6LoggerILNS_17LoggerDestinationE1EE11TransmitBufEv
                0x0000000090043ee0       0x60 ../../../libDaisy//build/libdaisy.a(logger.o)
                0x0000000090043ee0                daisy::Logger<(daisy::LoggerDestination)1>::TransmitBuf()
 .text._ZN5daisy6LoggerILNS_17LoggerDestinationE1EE13AppendNewLineEv
                0x0000000090043f40       0x60 ../../../libDaisy//build/libdaisy.a(logger.o)
                0x0000000090043f40                daisy::Logger<(daisy::LoggerDestination)1>::AppendNewLine()
 .text._ZN5daisy6LoggerILNS_17LoggerDestinationE1EE10PrintLineVEPKcSt9__va_list
                0x0000000090043fa0       0x30 ../../../libDaisy//build/libdaisy.a(logger.o)
                0x0000000090043fa0                daisy::Logger<(daisy::LoggerDestination)1>::PrintLineV(char const*, std::__va_list)
 .text._ZN5daisy6LoggerILNS_17LoggerDestinationE1EE9PrintLineEPKcz
                0x0000000090043fd0       0x1c ../../../libDaisy//build/libdaisy.a(logger.o)
                0x0000000090043fd0                daisy::Logger<(daisy::LoggerDestination)1>::PrintLine(char const*, ...)
 .text._ZN5daisy6LoggerILNS_17LoggerDestinationE1EE8StartLogEb
                0x0000000090043fec       0x40 ../../../libDaisy//build/libdaisy.a(logger.o)
                0x0000000090043fec                daisy::Logger<(daisy::LoggerDestination)1>::StartLog(bool)
 .text.startup._GLOBAL__sub_I__ZN5daisy10LoggerImplILNS_17LoggerDestinationE1EE11usb_handle_E
                0x000000009004402c       0x2c ../../../libDaisy//build/libdaisy.a(logger.o)
 .text._ZN5daisy6Switch4InitE12dsy_gpio_pinf
                0x0000000090044058       0x34 ../../../libDaisy//build/libdaisy.a(switch.o)
                0x0000000090044058                daisy::Switch::Init(dsy_gpio_pin, float)
 .text._ZN5daisy6Switch8DebounceEv
                0x000000009004408c       0x5c ../../../libDaisy//build/libdaisy.a(switch.o)
                0x000000009004408c                daisy::Switch::Debounce()
 .text.DummyRxCallback
                0x00000000900440e8        0x4 ../../../libDaisy//build/libdaisy.a(usb.o)
                0x00000000900440e8                DummyRxCallback
 .text._ZN5daisy9UsbHandle4InitENS0_9UsbPeriphE
                0x00000000900440ec      0x10c ../../../libDaisy//build/libdaisy.a(usb.o)
                0x00000000900440ec                daisy::UsbHandle::Init(daisy::UsbHandle::UsbPeriph)
 .text._ZN5daisy9UsbHandle16TransmitInternalEPhj
                0x00000000900441f8       0x14 ../../../libDaisy//build/libdaisy.a(usb.o)
                0x00000000900441f8                daisy::UsbHandle::TransmitInternal(unsigned char*, unsigned int)
 .text.OTG_FS_EP1_OUT_IRQHandler
                0x000000009004420c        0xc ../../../libDaisy//build/libdaisy.a(usb.o)
                0x000000009004420c                OTG_FS_EP1_OUT_IRQHandler
 .text.OTG_FS_EP1_IN_IRQHandler
                0x0000000090044218        0xc ../../../libDaisy//build/libdaisy.a(usb.o)
                0x0000000090044218                OTG_FS_EP1_IN_IRQHandler
 .text.OTG_FS_IRQHandler
                0x0000000090044224        0xc ../../../libDaisy//build/libdaisy.a(usb.o)
                0x0000000090044224                OTG_FS_IRQHandler
 .text._ZN5daisy16AdcChannelConfig10InitSingleE12dsy_gpio_pin
                0x0000000090044230       0x1c ../../../libDaisy//build/libdaisy.a(adc.o)
                0x0000000090044230                daisy::AdcChannelConfig::InitSingle(dsy_gpio_pin)
 .text._ZN5daisy9AdcHandle4InitEPNS_16AdcChannelConfigEjNS0_12OverSamplingE
                0x000000009004424c      0x3c8 ../../../libDaisy//build/libdaisy.a(adc.o)
                0x000000009004424c                daisy::AdcHandle::Init(daisy::AdcChannelConfig*, unsigned int, daisy::AdcHandle::OverSampling)
 .text._ZN5daisy9AdcHandle5StartEv
                0x0000000090044614       0x2c ../../../libDaisy//build/libdaisy.a(adc.o)
                0x0000000090044614                daisy::AdcHandle::Start()
 .text._ZNK5daisy9AdcHandle8GetFloatEh
                0x0000000090044640       0x20 ../../../libDaisy//build/libdaisy.a(adc.o)
                0x0000000090044640                daisy::AdcHandle::GetFloat(unsigned char) const
 .text.HAL_ADC_MspInit
                0x0000000090044660       0x98 ../../../libDaisy//build/libdaisy.a(adc.o)
                0x0000000090044660                HAL_ADC_MspInit
 .text.DMA1_Stream2_IRQHandler
                0x00000000900446f8        0xc ../../../libDaisy//build/libdaisy.a(adc.o)
                0x00000000900446f8                DMA1_Stream2_IRQHandler
 .text.HAL_ADC_ConvCpltCallback
                0x0000000090044704      0x148 ../../../libDaisy//build/libdaisy.a(adc.o)
                0x0000000090044704                HAL_ADC_ConvCpltCallback
 .text.HAL_ADC_ErrorCallback
                0x000000009004484c        0x4 ../../../libDaisy//build/libdaisy.a(adc.o)
                0x000000009004484c                HAL_ADC_ErrorCallback
 .text.dsy_gpio_init
                0x0000000090044850      0x1b8 ../../../libDaisy//build/libdaisy.a(gpio.o)
                0x0000000090044850                dsy_gpio_init
 .text.dsy_gpio_read
                0x0000000090044a08       0x1c ../../../libDaisy//build/libdaisy.a(gpio.o)
                0x0000000090044a08                dsy_gpio_read
 .text.dsy_gpio_write
                0x0000000090044a24       0x24 ../../../libDaisy//build/libdaisy.a(gpio.o)
                0x0000000090044a24                dsy_gpio_write
 .text._ZN5daisy9I2CHandle4Impl8InitPinsEv
                0x0000000090044a48       0x58 ../../../libDaisy//build/libdaisy.a(i2c.o)
                0x0000000090044a48                daisy::I2CHandle::Impl::InitPins()
 .text.HAL_I2C_MspInit
                0x0000000090044aa0      0x1b4 ../../../libDaisy//build/libdaisy.a(i2c.o)
                0x0000000090044aa0                HAL_I2C_MspInit
 .text.dsy_i2c_global_init
                0x0000000090044c54       0x78 ../../../libDaisy//build/libdaisy.a(i2c.o)
                0x0000000090044c54                dsy_i2c_global_init
 .text.DMA1_Stream6_IRQHandler
                0x0000000090044ccc       0x34 ../../../libDaisy//build/libdaisy.a(i2c.o)
                0x0000000090044ccc                DMA1_Stream6_IRQHandler
 .text.I2C1_EV_IRQHandler
                0x0000000090044d00        0xc ../../../libDaisy//build/libdaisy.a(i2c.o)
                0x0000000090044d00                I2C1_EV_IRQHandler
 .text.I2C2_EV_IRQHandler
                0x0000000090044d0c        0xc ../../../libDaisy//build/libdaisy.a(i2c.o)
                0x0000000090044d0c                I2C2_EV_IRQHandler
 .text.I2C3_EV_IRQHandler
                0x0000000090044d18        0xc ../../../libDaisy//build/libdaisy.a(i2c.o)
                0x0000000090044d18                I2C3_EV_IRQHandler
 .text._ZN5daisy9I2CHandle4InitERKNS0_6ConfigE
                0x0000000090044d24      0x12c ../../../libDaisy//build/libdaisy.a(i2c.o)
                0x0000000090044d24                daisy::I2CHandle::Init(daisy::I2CHandle::Config const&)
 .text._ZN5daisy9I2CHandle16TransmitBlockingEtPhtm
                0x0000000090044e50       0x50 ../../../libDaisy//build/libdaisy.a(i2c.o)
                0x0000000090044e50                daisy::I2CHandle::TransmitBlocking(unsigned short, unsigned char*, unsigned short, unsigned long)
 .text.startup._GLOBAL__sub_I__ZN5daisy9I2CHandle4Impl10GlobalInitEv
                0x0000000090044ea0       0x18 ../../../libDaisy//build/libdaisy.a(i2c.o)
 .text._ZN5daisy10QSPIHandle4Impl11WriteEnableEv
                0x0000000090044eb8       0x8c ../../../libDaisy//build/libdaisy.a(qspi.o)
                0x0000000090044eb8                daisy::QSPIHandle::Impl::WriteEnable()
 *fill*         0x0000000090044f44        0x4 
 .text._ZN5daisy10QSPIHandle4Impl17DummyCyclesConfigENS0_6Config6DeviceE
                0x0000000090044f48      0x118 ../../../libDaisy//build/libdaisy.a(qspi.o)
                0x0000000090044f48                daisy::QSPIHandle::Impl::DummyCyclesConfig(daisy::QSPIHandle::Config::Device)
 .text._ZN5daisy10QSPIHandle4Impl10QuadEnableEv
                0x0000000090045060      0x158 ../../../libDaisy//build/libdaisy.a(qspi.o)
                0x0000000090045060                daisy::QSPIHandle::Impl::QuadEnable()
 .text._ZN5daisy10QSPIHandle4InitERKNS0_6ConfigE
                0x00000000900451b8      0x198 ../../../libDaisy//build/libdaisy.a(qspi.o)
                0x00000000900451b8                daisy::QSPIHandle::Init(daisy::QSPIHandle::Config const&)
 .text.HAL_QSPI_MspInit
                0x0000000090045350      0x11c ../../../libDaisy//build/libdaisy.a(qspi.o)
                0x0000000090045350                HAL_QSPI_MspInit
 .text.HAL_QSPI_MspDeInit
                0x000000009004546c       0x54 ../../../libDaisy//build/libdaisy.a(qspi.o)
                0x000000009004546c                HAL_QSPI_MspDeInit
 .text.QUADSPI_IRQHandler
                0x00000000900454c0        0xc ../../../libDaisy//build/libdaisy.a(qspi.o)
                0x00000000900454c0                QUADSPI_IRQHandler
 .text.startup._GLOBAL__sub_I__ZN5daisy10QSPIHandle4Impl4InitERKNS0_6ConfigE
                0x00000000900454cc       0x28 ../../../libDaisy//build/libdaisy.a(qspi.o)
 .text._ZN5daisy9SaiHandle4Impl7InitDmaENS1_15PeripheralBlockE
                0x00000000900454f4       0xa0 ../../../libDaisy//build/libdaisy.a(sai.o)
                0x00000000900454f4                daisy::SaiHandle::Impl::InitDma(daisy::SaiHandle::Impl::PeripheralBlock)
 .text._ZN5daisy9SaiHandle4Impl8InitPinsEv
                0x0000000090045594       0xa8 ../../../libDaisy//build/libdaisy.a(sai.o)
                0x0000000090045594                daisy::SaiHandle::Impl::InitPins()
 .text.HAL_SAI_MspInit
                0x000000009004563c      0x164 ../../../libDaisy//build/libdaisy.a(sai.o)
                0x000000009004563c                HAL_SAI_MspInit
 .text.DMA1_Stream0_IRQHandler
                0x00000000900457a0        0xc ../../../libDaisy//build/libdaisy.a(sai.o)
                0x00000000900457a0                DMA1_Stream0_IRQHandler
 .text.DMA1_Stream1_IRQHandler
                0x00000000900457ac        0xc ../../../libDaisy//build/libdaisy.a(sai.o)
                0x00000000900457ac                DMA1_Stream1_IRQHandler
 .text.DMA1_Stream3_IRQHandler
                0x00000000900457b8        0xc ../../../libDaisy//build/libdaisy.a(sai.o)
                0x00000000900457b8                DMA1_Stream3_IRQHandler
 .text.DMA1_Stream4_IRQHandler
                0x00000000900457c4        0xc ../../../libDaisy//build/libdaisy.a(sai.o)
                0x00000000900457c4                DMA1_Stream4_IRQHandler
 .text.HAL_SAI_RxHalfCpltCallback
                0x00000000900457d0       0x78 ../../../libDaisy//build/libdaisy.a(sai.o)
                0x00000000900457d0                HAL_SAI_RxHalfCpltCallback
 .text.HAL_SAI_RxCpltCallback
                0x0000000090045848       0x70 ../../../libDaisy//build/libdaisy.a(sai.o)
                0x0000000090045848                HAL_SAI_RxCpltCallback
 .text._ZN5daisy9SaiHandle4InitERKNS0_6ConfigE
                0x00000000900458b8      0x1f0 ../../../libDaisy//build/libdaisy.a(sai.o)
                0x00000000900458b8                daisy::SaiHandle::Init(daisy::SaiHandle::Config const&)
 .text._ZNK5daisy9SaiHandle9GetConfigEv
                0x0000000090045aa8        0x4 ../../../libDaisy//build/libdaisy.a(sai.o)
                0x0000000090045aa8                daisy::SaiHandle::GetConfig() const
 .text._ZN5daisy9SaiHandle8StartDmaEPlS1_jPFvS1_S1_jE
                0x0000000090045aac       0xbc ../../../libDaisy//build/libdaisy.a(sai.o)
                0x0000000090045aac                daisy::SaiHandle::StartDma(long*, long*, unsigned int, void (*)(long*, long*, unsigned int))
 .text._ZN5daisy9SaiHandle13GetSampleRateEv
                0x0000000090045b68       0x24 ../../../libDaisy//build/libdaisy.a(sai.o)
                0x0000000090045b68                daisy::SaiHandle::GetSampleRate()
 .text._ZNK5daisy9SaiHandle9GetOffsetEv
                0x0000000090045b8c        0x8 ../../../libDaisy//build/libdaisy.a(sai.o)
                0x0000000090045b8c                daisy::SaiHandle::GetOffset() const
 .text._ZN5daisy11TimerHandleD2Ev
                0x0000000090045b94        0x4 ../../../libDaisy//build/libdaisy.a(system.o)
                0x0000000090045b94                daisy::TimerHandle::~TimerHandle()
                0x0000000090045b94                daisy::TimerHandle::~TimerHandle()
 .text.SysTick_Handler
                0x0000000090045b98       0x10 ../../../libDaisy//build/libdaisy.a(system.o)
                0x0000000090045b98                SysTick_Handler
 .text.OTG_HS_EP1_OUT_IRQHandler
                0x0000000090045ba8       0x24 ../../../libDaisy//build/libdaisy.a(system.o)
                0x0000000090045ba8                OTG_HS_EP1_OUT_IRQHandler
 .text.OTG_HS_EP1_IN_IRQHandler
                0x0000000090045bcc       0x24 ../../../libDaisy//build/libdaisy.a(system.o)
                0x0000000090045bcc                OTG_HS_EP1_IN_IRQHandler
 .text.OTG_HS_IRQHandler
                0x0000000090045bf0       0x24 ../../../libDaisy//build/libdaisy.a(system.o)
                0x0000000090045bf0                OTG_HS_IRQHandler
 .text.HardFault_Handler
                0x0000000090045c14       0xe0 ../../../libDaisy//build/libdaisy.a(system.o)
                0x0000000090045c14                HardFault_Handler
 .text._ZN5daisy6System6GetNowEv
                0x0000000090045cf4        0x4 ../../../libDaisy//build/libdaisy.a(system.o)
                0x0000000090045cf4                daisy::System::GetNow()
 .text._ZN5daisy6System5DelayEm
                0x0000000090045cf8        0x4 ../../../libDaisy//build/libdaisy.a(system.o)
                0x0000000090045cf8                daisy::System::Delay(unsigned long)
 .text._ZN5daisy6System15ConfigureClocksEv
                0x0000000090045cfc      0x194 ../../../libDaisy//build/libdaisy.a(system.o)
                0x0000000090045cfc                daisy::System::ConfigureClocks()
 .text._ZN5daisy6System4InitERKNS0_6ConfigE
                0x0000000090045e90      0x140 ../../../libDaisy//build/libdaisy.a(system.o)
                0x0000000090045e90                daisy::System::Init(daisy::System::Config const&)
 .text._ZN5daisy6System12GetPClk1FreqEv
                0x0000000090045fd0        0x4 ../../../libDaisy//build/libdaisy.a(system.o)
                0x0000000090045fd0                daisy::System::GetPClk1Freq()
 .text._ZN5daisy6System22GetProgramMemoryRegionEv
                0x0000000090045fd4       0x78 ../../../libDaisy//build/libdaisy.a(system.o)
                0x0000000090045fd4                daisy::System::GetProgramMemoryRegion()
 .text.startup._GLOBAL__sub_I_SysTick_Handler
                0x000000009004604c       0x1c ../../../libDaisy//build/libdaisy.a(system.o)
 .text.dummy_rx_callback
                0x0000000090046068        0x4 ../../../libDaisy//build/libdaisy.a(usbd_cdc_if.o)
                0x0000000090046068                dummy_rx_callback
 .text.CDC_DeInit_FS
                0x000000009004606c        0x4 ../../../libDaisy//build/libdaisy.a(usbd_cdc_if.o)
 .text.CDC_Receive_FS
                0x0000000090046070       0x2c ../../../libDaisy//build/libdaisy.a(usbd_cdc_if.o)
 .text.CDC_Receive_HS
                0x000000009004609c       0x2c ../../../libDaisy//build/libdaisy.a(usbd_cdc_if.o)
 .text.CDC_Init_FS
                0x00000000900460c8       0x3c ../../../libDaisy//build/libdaisy.a(usbd_cdc_if.o)
 .text.CDC_Init_HS
                0x0000000090046104       0x3c ../../../libDaisy//build/libdaisy.a(usbd_cdc_if.o)
 .text.CDC_Control_FS
                0x0000000090046140       0x34 ../../../libDaisy//build/libdaisy.a(usbd_cdc_if.o)
 .text.CDC_Control_HS
                0x0000000090046174       0x34 ../../../libDaisy//build/libdaisy.a(usbd_cdc_if.o)
 .text.CDC_DeInit_HS
                0x00000000900461a8        0x4 ../../../libDaisy//build/libdaisy.a(usbd_cdc_if.o)
 .text.CDC_Transmit_FS
                0x00000000900461ac       0x2c ../../../libDaisy//build/libdaisy.a(usbd_cdc_if.o)
                0x00000000900461ac                CDC_Transmit_FS
 .text.HAL_PCD_MspInit
                0x00000000900461d8      0x144 ../../../libDaisy//build/libdaisy.a(usbd_conf.o)
                0x00000000900461d8                HAL_PCD_MspInit
 .text.HAL_PCD_SetupStageCallback
                0x000000009004631c        0xc ../../../libDaisy//build/libdaisy.a(usbd_conf.o)
                0x000000009004631c                HAL_PCD_SetupStageCallback
 .text.HAL_PCD_DataOutStageCallback
                0x0000000090046328       0x14 ../../../libDaisy//build/libdaisy.a(usbd_conf.o)
                0x0000000090046328                HAL_PCD_DataOutStageCallback
 .text.HAL_PCD_DataInStageCallback
                0x000000009004633c       0x14 ../../../libDaisy//build/libdaisy.a(usbd_conf.o)
                0x000000009004633c                HAL_PCD_DataInStageCallback
 .text.HAL_PCD_SOFCallback
                0x0000000090046350        0x8 ../../../libDaisy//build/libdaisy.a(usbd_conf.o)
                0x0000000090046350                HAL_PCD_SOFCallback
 .text.HAL_PCD_ResetCallback
                0x0000000090046358       0x24 ../../../libDaisy//build/libdaisy.a(usbd_conf.o)
                0x0000000090046358                HAL_PCD_ResetCallback
 .text.HAL_PCD_SuspendCallback
                0x000000009004637c       0x30 ../../../libDaisy//build/libdaisy.a(usbd_conf.o)
                0x000000009004637c                HAL_PCD_SuspendCallback
 .text.HAL_PCD_ResumeCallback
                0x00000000900463ac        0x8 ../../../libDaisy//build/libdaisy.a(usbd_conf.o)
                0x00000000900463ac                HAL_PCD_ResumeCallback
 .text.HAL_PCD_ISOOUTIncompleteCallback
                0x00000000900463b4        0x8 ../../../libDaisy//build/libdaisy.a(usbd_conf.o)
                0x00000000900463b4                HAL_PCD_ISOOUTIncompleteCallback
 .text.HAL_PCD_ISOINIncompleteCallback
                0x00000000900463bc        0x8 ../../../libDaisy//build/libdaisy.a(usbd_conf.o)
                0x00000000900463bc                HAL_PCD_ISOINIncompleteCallback
 .text.HAL_PCD_ConnectCallback
                0x00000000900463c4        0x8 ../../../libDaisy//build/libdaisy.a(usbd_conf.o)
                0x00000000900463c4                HAL_PCD_ConnectCallback
 .text.HAL_PCD_DisconnectCallback
                0x00000000900463cc        0x8 ../../../libDaisy//build/libdaisy.a(usbd_conf.o)
                0x00000000900463cc                HAL_PCD_DisconnectCallback
 .text.USBD_LL_Init
                0x00000000900463d4       0xe4 ../../../libDaisy//build/libdaisy.a(usbd_conf.o)
                0x00000000900463d4                USBD_LL_Init
 .text.USBD_LL_Start
                0x00000000900464b8       0x1c ../../../libDaisy//build/libdaisy.a(usbd_conf.o)
                0x00000000900464b8                USBD_LL_Start
 .text.USBD_LL_OpenEP
                0x00000000900464d4       0x24 ../../../libDaisy//build/libdaisy.a(usbd_conf.o)
                0x00000000900464d4                USBD_LL_OpenEP
 .text.USBD_LL_CloseEP
                0x00000000900464f8       0x1c ../../../libDaisy//build/libdaisy.a(usbd_conf.o)
                0x00000000900464f8                USBD_LL_CloseEP
 .text.USBD_LL_StallEP
                0x0000000090046514       0x1c ../../../libDaisy//build/libdaisy.a(usbd_conf.o)
                0x0000000090046514                USBD_LL_StallEP
 .text.USBD_LL_ClearStallEP
                0x0000000090046530       0x1c ../../../libDaisy//build/libdaisy.a(usbd_conf.o)
                0x0000000090046530                USBD_LL_ClearStallEP
 .text.USBD_LL_IsStallEP
                0x000000009004654c       0x28 ../../../libDaisy//build/libdaisy.a(usbd_conf.o)
                0x000000009004654c                USBD_LL_IsStallEP
 .text.USBD_LL_SetUSBAddress
                0x0000000090046574       0x1c ../../../libDaisy//build/libdaisy.a(usbd_conf.o)
                0x0000000090046574                USBD_LL_SetUSBAddress
 .text.USBD_LL_Transmit
                0x0000000090046590       0x1c ../../../libDaisy//build/libdaisy.a(usbd_conf.o)
                0x0000000090046590                USBD_LL_Transmit
 .text.USBD_LL_PrepareReceive
                0x00000000900465ac       0x1c ../../../libDaisy//build/libdaisy.a(usbd_conf.o)
                0x00000000900465ac                USBD_LL_PrepareReceive
 .text.USBD_LL_GetRxDataSize
                0x00000000900465c8        0x8 ../../../libDaisy//build/libdaisy.a(usbd_conf.o)
                0x00000000900465c8                USBD_LL_GetRxDataSize
 .text.USBD_HS_DeviceDescriptor
                0x00000000900465d0        0xc ../../../libDaisy//build/libdaisy.a(usbd_desc.o)
                0x00000000900465d0                USBD_HS_DeviceDescriptor
 .text.USBD_FS_DeviceDescriptor
                0x00000000900465dc        0xc ../../../libDaisy//build/libdaisy.a(usbd_desc.o)
                0x00000000900465dc                USBD_FS_DeviceDescriptor
 .text.USBD_FS_LangIDStrDescriptor
                0x00000000900465e8        0xc ../../../libDaisy//build/libdaisy.a(usbd_desc.o)
                0x00000000900465e8                USBD_FS_LangIDStrDescriptor
 .text.USBD_FS_ManufacturerStrDescriptor
                0x00000000900465f4       0x1c ../../../libDaisy//build/libdaisy.a(usbd_desc.o)
                0x00000000900465f4                USBD_FS_ManufacturerStrDescriptor
 .text.USBD_HS_ProductStrDescriptor
                0x0000000090046610       0x1c ../../../libDaisy//build/libdaisy.a(usbd_desc.o)
                0x0000000090046610                USBD_HS_ProductStrDescriptor
 .text.USBD_FS_ConfigStrDescriptor
                0x000000009004662c       0x1c ../../../libDaisy//build/libdaisy.a(usbd_desc.o)
                0x000000009004662c                USBD_FS_ConfigStrDescriptor
 .text.USBD_FS_InterfaceStrDescriptor
                0x0000000090046648       0x1c ../../../libDaisy//build/libdaisy.a(usbd_desc.o)
                0x0000000090046648                USBD_FS_InterfaceStrDescriptor
 .text.USBD_FS_ProductStrDescriptor
                0x0000000090046664       0x1c ../../../libDaisy//build/libdaisy.a(usbd_desc.o)
                0x0000000090046664                USBD_FS_ProductStrDescriptor
 .text.USBD_HS_LangIDStrDescriptor
                0x0000000090046680        0xc ../../../libDaisy//build/libdaisy.a(usbd_desc.o)
                0x0000000090046680                USBD_HS_LangIDStrDescriptor
 .text.USBD_HS_ManufacturerStrDescriptor
                0x000000009004668c       0x1c ../../../libDaisy//build/libdaisy.a(usbd_desc.o)
                0x000000009004668c                USBD_HS_ManufacturerStrDescriptor
 .text.USBD_FS_SerialStrDescriptor
                0x00000000900466a8      0x124 ../../../libDaisy//build/libdaisy.a(usbd_desc.o)
                0x00000000900466a8                USBD_FS_SerialStrDescriptor
 .text.USBD_HS_SerialStrDescriptor
                0x00000000900467cc      0x124 ../../../libDaisy//build/libdaisy.a(usbd_desc.o)
                0x00000000900467cc                USBD_HS_SerialStrDescriptor
 .text.USBD_HS_InterfaceStrDescriptor
                0x00000000900468f0       0x1c ../../../libDaisy//build/libdaisy.a(usbd_desc.o)
                0x00000000900468f0                USBD_HS_InterfaceStrDescriptor
 .text.USBD_HS_ConfigStrDescriptor
                0x000000009004690c       0x1c ../../../libDaisy//build/libdaisy.a(usbd_desc.o)
                0x000000009004690c                USBD_HS_ConfigStrDescriptor
 .text.HAL_HCD_SOF_Callback
                0x0000000090046928        0x8 ../../../libDaisy//build/libdaisy.a(usbh_conf.o)
                0x0000000090046928                HAL_HCD_SOF_Callback
 .text.HAL_HCD_Connect_Callback
                0x0000000090046930        0x8 ../../../libDaisy//build/libdaisy.a(usbh_conf.o)
                0x0000000090046930                HAL_HCD_Connect_Callback
 .text.HAL_HCD_Disconnect_Callback
                0x0000000090046938        0x8 ../../../libDaisy//build/libdaisy.a(usbh_conf.o)
                0x0000000090046938                HAL_HCD_Disconnect_Callback
 .text.HAL_HCD_HC_NotifyURBChange_Callback
                0x0000000090046940        0x4 ../../../libDaisy//build/libdaisy.a(usbh_conf.o)
                0x0000000090046940                HAL_HCD_HC_NotifyURBChange_Callback
 .text.HAL_HCD_PortEnabled_Callback
                0x0000000090046944        0x8 ../../../libDaisy//build/libdaisy.a(usbh_conf.o)
                0x0000000090046944                HAL_HCD_PortEnabled_Callback
 .text.HAL_HCD_PortDisabled_Callback
                0x000000009004694c        0x8 ../../../libDaisy//build/libdaisy.a(usbh_conf.o)
                0x000000009004694c                HAL_HCD_PortDisabled_Callback
 .text.USBH_LL_Stop
                0x0000000090046954       0x1c ../../../libDaisy//build/libdaisy.a(usbh_conf.o)
                0x0000000090046954                USBH_LL_Stop
 .text.dsy_hal_map_get_port
                0x0000000090046970       0x10 ../../../libDaisy//build/libdaisy.a(hal_map.o)
                0x0000000090046970                dsy_hal_map_get_port
 .text.dsy_hal_map_get_pin
                0x0000000090046980       0x10 ../../../libDaisy//build/libdaisy.a(hal_map.o)
                0x0000000090046980                dsy_hal_map_get_pin
 .text.dsy_hal_map_gpio_clk_enable
                0x0000000090046990      0x150 ../../../libDaisy//build/libdaisy.a(hal_map.o)
                0x0000000090046990                dsy_hal_map_gpio_clk_enable
 .text.HAL_MspInit
                0x0000000090046ae0        0x4 ../../../libDaisy//build/libdaisy.a(stm32h7xx_hal.o)
                0x0000000090046ae0                HAL_MspInit
 .text.HAL_InitTick
                0x0000000090046ae4       0x4c ../../../libDaisy//build/libdaisy.a(stm32h7xx_hal.o)
                0x0000000090046ae4                HAL_InitTick
 .text.HAL_Init
                0x0000000090046b30       0x60 ../../../libDaisy//build/libdaisy.a(stm32h7xx_hal.o)
                0x0000000090046b30                HAL_Init
 .text.HAL_IncTick
                0x0000000090046b90       0x18 ../../../libDaisy//build/libdaisy.a(stm32h7xx_hal.o)
                0x0000000090046b90                HAL_IncTick
 .text.HAL_GetTick
                0x0000000090046ba8        0xc ../../../libDaisy//build/libdaisy.a(stm32h7xx_hal.o)
                0x0000000090046ba8                HAL_GetTick
 .text.HAL_Delay
                0x0000000090046bb4       0x24 ../../../libDaisy//build/libdaisy.a(stm32h7xx_hal.o)
                0x0000000090046bb4                HAL_Delay
 .text.HAL_GetREVID
                0x0000000090046bd8        0xc ../../../libDaisy//build/libdaisy.a(stm32h7xx_hal.o)
                0x0000000090046bd8                HAL_GetREVID
 .text.HAL_ADC_ConvHalfCpltCallback
                0x0000000090046be4        0x4 ../../../libDaisy//build/libdaisy.a(stm32h7xx_hal_adc.o)
                0x0000000090046be4                HAL_ADC_ConvHalfCpltCallback
 .text.ADC_DMAHalfConvCplt
                0x0000000090046be8        0xc ../../../libDaisy//build/libdaisy.a(stm32h7xx_hal_adc.o)
                0x0000000090046be8                ADC_DMAHalfConvCplt
 .text.ADC_DMAConvCplt
                0x0000000090046bf4       0x6c ../../../libDaisy//build/libdaisy.a(stm32h7xx_hal_adc.o)
                0x0000000090046bf4                ADC_DMAConvCplt
 .text.ADC_DMAError
                0x0000000090046c60       0x1c ../../../libDaisy//build/libdaisy.a(stm32h7xx_hal_adc.o)
                0x0000000090046c60                ADC_DMAError
 .text.HAL_ADC_ConfigChannel
                0x0000000090046c7c      0x3fc ../../../libDaisy//build/libdaisy.a(stm32h7xx_hal_adc.o)
                0x0000000090046c7c                HAL_ADC_ConfigChannel
 .text.ADC_Enable
                0x0000000090047078       0xac ../../../libDaisy//build/libdaisy.a(stm32h7xx_hal_adc.o)
                0x0000000090047078                ADC_Enable
 .text.HAL_ADC_Start_DMA
                0x0000000090047124      0x114 ../../../libDaisy//build/libdaisy.a(stm32h7xx_hal_adc.o)
                0x0000000090047124                HAL_ADC_Start_DMA
 .text.ADC_Disable
                0x0000000090047238       0x68 ../../../libDaisy//build/libdaisy.a(stm32h7xx_hal_adc.o)
                0x0000000090047238                ADC_Disable
 .text.ADC_ConfigureBoostMode
                0x00000000900472a0      0x184 ../../../libDaisy//build/libdaisy.a(stm32h7xx_hal_adc.o)
                0x00000000900472a0                ADC_ConfigureBoostMode
 .text.HAL_ADC_Init
                0x0000000090047424      0x218 ../../../libDaisy//build/libdaisy.a(stm32h7xx_hal_adc.o)
                0x0000000090047424                HAL_ADC_Init
 .text.HAL_ADCEx_Calibration_Start
                0x000000009004763c       0xa4 ../../../libDaisy//build/libdaisy.a(stm32h7xx_hal_adc_ex.o)
                0x000000009004763c                HAL_ADCEx_Calibration_Start
 .text.HAL_ADCEx_MultiModeConfigChannel
                0x00000000900476e0       0xc4 ../../../libDaisy//build/libdaisy.a(stm32h7xx_hal_adc_ex.o)
                0x00000000900476e0                HAL_ADCEx_MultiModeConfigChannel
 .text.HAL_NVIC_SetPriorityGrouping
                0x00000000900477a4       0x24 ../../../libDaisy//build/libdaisy.a(stm32h7xx_hal_cortex.o)
                0x00000000900477a4                HAL_NVIC_SetPriorityGrouping
 .text.HAL_NVIC_SetPriority
                0x00000000900477c8       0x7c ../../../libDaisy//build/libdaisy.a(stm32h7xx_hal_cortex.o)
                0x00000000900477c8                HAL_NVIC_SetPriority
 .text.HAL_NVIC_EnableIRQ
                0x0000000090047844       0x1c ../../../libDaisy//build/libdaisy.a(stm32h7xx_hal_cortex.o)
                0x0000000090047844                HAL_NVIC_EnableIRQ
 .text.HAL_NVIC_DisableIRQ
                0x0000000090047860       0x28 ../../../libDaisy//build/libdaisy.a(stm32h7xx_hal_cortex.o)
                0x0000000090047860                HAL_NVIC_DisableIRQ
 .text.HAL_SYSTICK_Config
                0x0000000090047888       0x2c ../../../libDaisy//build/libdaisy.a(stm32h7xx_hal_cortex.o)
                0x0000000090047888                HAL_SYSTICK_Config
 .text.HAL_MPU_Disable
                0x00000000900478b4       0x1c ../../../libDaisy//build/libdaisy.a(stm32h7xx_hal_cortex.o)
                0x00000000900478b4                HAL_MPU_Disable
 .text.HAL_MPU_Enable
                0x00000000900478d0       0x20 ../../../libDaisy//build/libdaisy.a(stm32h7xx_hal_cortex.o)
                0x00000000900478d0                HAL_MPU_Enable
 .text.HAL_MPU_ConfigRegion
                0x00000000900478f0       0x64 ../../../libDaisy//build/libdaisy.a(stm32h7xx_hal_cortex.o)
                0x00000000900478f0                HAL_MPU_ConfigRegion
 .text.HAL_SYSTICK_Callback
                0x0000000090047954        0x4 ../../../libDaisy//build/libdaisy.a(stm32h7xx_hal_cortex.o)
                0x0000000090047954                HAL_SYSTICK_Callback
 .text.HAL_SYSTICK_IRQHandler
                0x0000000090047958        0x8 ../../../libDaisy//build/libdaisy.a(stm32h7xx_hal_cortex.o)
                0x0000000090047958                HAL_SYSTICK_IRQHandler
 .text.DMA_CalcBaseAndBitshift
                0x0000000090047960       0xf4 ../../../libDaisy//build/libdaisy.a(stm32h7xx_hal_dma.o)
 .text.DMA_CalcDMAMUXChannelBaseAndMask
                0x0000000090047a54       0xd8 ../../../libDaisy//build/libdaisy.a(stm32h7xx_hal_dma.o)
 .text.HAL_DMA_Init
                0x0000000090047b2c      0x37c ../../../libDaisy//build/libdaisy.a(stm32h7xx_hal_dma.o)
                0x0000000090047b2c                HAL_DMA_Init
 .text.HAL_DMA_Start_IT
                0x0000000090047ea8      0x240 ../../../libDaisy//build/libdaisy.a(stm32h7xx_hal_dma.o)
                0x0000000090047ea8                HAL_DMA_Start_IT
 .text.HAL_DMA_Abort_IT
                0x00000000900480e8      0x134 ../../../libDaisy//build/libdaisy.a(stm32h7xx_hal_dma.o)
                0x00000000900480e8                HAL_DMA_Abort_IT
 .text.HAL_DMA_IRQHandler
                0x000000009004821c      0x6a0 ../../../libDaisy//build/libdaisy.a(stm32h7xx_hal_dma.o)
                0x000000009004821c                HAL_DMA_IRQHandler
 .text.HAL_DMA_GetError
                0x00000000900488bc        0x4 ../../../libDaisy//build/libdaisy.a(stm32h7xx_hal_dma.o)
                0x00000000900488bc                HAL_DMA_GetError
 .text.HAL_GPIO_Init
                0x00000000900488c0      0x280 ../../../libDaisy//build/libdaisy.a(stm32h7xx_hal_gpio.o)
                0x00000000900488c0                HAL_GPIO_Init
 .text.HAL_GPIO_DeInit
                0x0000000090048b40      0x190 ../../../libDaisy//build/libdaisy.a(stm32h7xx_hal_gpio.o)
                0x0000000090048b40                HAL_GPIO_DeInit
 .text.HAL_GPIO_ReadPin
                0x0000000090048cd0        0xc ../../../libDaisy//build/libdaisy.a(stm32h7xx_hal_gpio.o)
                0x0000000090048cd0                HAL_GPIO_ReadPin
 .text.HAL_GPIO_WritePin
                0x0000000090048cdc        0x8 ../../../libDaisy//build/libdaisy.a(stm32h7xx_hal_gpio.o)
                0x0000000090048cdc                HAL_GPIO_WritePin
 .text.HAL_HCD_IRQHandler
                0x0000000090048ce4      0x780 ../../../libDaisy//build/libdaisy.a(stm32h7xx_hal_hcd.o)
                0x0000000090048ce4                HAL_HCD_IRQHandler
 .text.HAL_HCD_Stop
                0x0000000090049464       0x28 ../../../libDaisy//build/libdaisy.a(stm32h7xx_hal_hcd.o)
                0x0000000090049464                HAL_HCD_Stop
 .text.I2C_WaitOnTXISFlagUntilTimeout
                0x000000009004948c       0xb8 ../../../libDaisy//build/libdaisy.a(stm32h7xx_hal_i2c.o)
 .text.I2C_WaitOnSTOPFlagUntilTimeout
                0x0000000090049544       0xac ../../../libDaisy//build/libdaisy.a(stm32h7xx_hal_i2c.o)
 .text.HAL_I2C_Init
                0x00000000900495f0       0xac ../../../libDaisy//build/libdaisy.a(stm32h7xx_hal_i2c.o)
                0x00000000900495f0                HAL_I2C_Init
 .text.HAL_I2C_Master_Transmit
                0x000000009004969c      0x1a8 ../../../libDaisy//build/libdaisy.a(stm32h7xx_hal_i2c.o)
                0x000000009004969c                HAL_I2C_Master_Transmit
 .text.HAL_I2C_Slave_Transmit
                0x0000000090049844      0x1c8 ../../../libDaisy//build/libdaisy.a(stm32h7xx_hal_i2c.o)
                0x0000000090049844                HAL_I2C_Slave_Transmit
 .text.HAL_I2C_EV_IRQHandler
                0x0000000090049a0c       0x10 ../../../libDaisy//build/libdaisy.a(stm32h7xx_hal_i2c.o)
                0x0000000090049a0c                HAL_I2C_EV_IRQHandler
 .text.HAL_I2C_GetState
                0x0000000090049a1c        0x8 ../../../libDaisy//build/libdaisy.a(stm32h7xx_hal_i2c.o)
                0x0000000090049a1c                HAL_I2C_GetState
 .text.HAL_I2CEx_ConfigAnalogFilter
                0x0000000090049a24       0x54 ../../../libDaisy//build/libdaisy.a(stm32h7xx_hal_i2c_ex.o)
                0x0000000090049a24                HAL_I2CEx_ConfigAnalogFilter
 .text.HAL_I2CEx_ConfigDigitalFilter
                0x0000000090049a78       0x58 ../../../libDaisy//build/libdaisy.a(stm32h7xx_hal_i2c_ex.o)
                0x0000000090049a78                HAL_I2CEx_ConfigDigitalFilter
 .text.HAL_PCD_Init
                0x0000000090049ad0      0x12c ../../../libDaisy//build/libdaisy.a(stm32h7xx_hal_pcd.o)
                0x0000000090049ad0                HAL_PCD_Init
 .text.HAL_PCD_Start
                0x0000000090049bfc       0x44 ../../../libDaisy//build/libdaisy.a(stm32h7xx_hal_pcd.o)
                0x0000000090049bfc                HAL_PCD_Start
 .text.HAL_PCD_IRQHandler
                0x0000000090049c40      0x69c ../../../libDaisy//build/libdaisy.a(stm32h7xx_hal_pcd.o)
                0x0000000090049c40                HAL_PCD_IRQHandler
 .text.HAL_PCD_SetAddress
                0x000000009004a2dc       0x2c ../../../libDaisy//build/libdaisy.a(stm32h7xx_hal_pcd.o)
                0x000000009004a2dc                HAL_PCD_SetAddress
 .text.HAL_PCD_EP_Open
                0x000000009004a308       0x7c ../../../libDaisy//build/libdaisy.a(stm32h7xx_hal_pcd.o)
                0x000000009004a308                HAL_PCD_EP_Open
 .text.HAL_PCD_EP_Close
                0x000000009004a384       0x6c ../../../libDaisy//build/libdaisy.a(stm32h7xx_hal_pcd.o)
                0x000000009004a384                HAL_PCD_EP_Close
 .text.HAL_PCD_EP_Receive
                0x000000009004a3f0       0x50 ../../../libDaisy//build/libdaisy.a(stm32h7xx_hal_pcd.o)
                0x000000009004a3f0                HAL_PCD_EP_Receive
 .text.HAL_PCD_EP_GetRxCount
                0x000000009004a440       0x14 ../../../libDaisy//build/libdaisy.a(stm32h7xx_hal_pcd.o)
                0x000000009004a440                HAL_PCD_EP_GetRxCount
 .text.HAL_PCD_EP_Transmit
                0x000000009004a454       0x50 ../../../libDaisy//build/libdaisy.a(stm32h7xx_hal_pcd.o)
                0x000000009004a454                HAL_PCD_EP_Transmit
 .text.HAL_PCD_EP_SetStall
                0x000000009004a4a4       0x88 ../../../libDaisy//build/libdaisy.a(stm32h7xx_hal_pcd.o)
                0x000000009004a4a4                HAL_PCD_EP_SetStall
 .text.HAL_PCD_EP_ClrStall
                0x000000009004a52c       0x78 ../../../libDaisy//build/libdaisy.a(stm32h7xx_hal_pcd.o)
                0x000000009004a52c                HAL_PCD_EP_ClrStall
 .text.HAL_PCDEx_SetTxFiFo
                0x000000009004a5a4       0x54 ../../../libDaisy//build/libdaisy.a(stm32h7xx_hal_pcd_ex.o)
                0x000000009004a5a4                HAL_PCDEx_SetTxFiFo
 .text.HAL_PCDEx_SetRxFiFo
                0x000000009004a5f8        0xc ../../../libDaisy//build/libdaisy.a(stm32h7xx_hal_pcd_ex.o)
                0x000000009004a5f8                HAL_PCDEx_SetRxFiFo
 .text.HAL_PCDEx_ActivateLPM
                0x000000009004a604       0x30 ../../../libDaisy//build/libdaisy.a(stm32h7xx_hal_pcd_ex.o)
                0x000000009004a604                HAL_PCDEx_ActivateLPM
 .text.HAL_PCDEx_LPM_Callback
                0x000000009004a634        0x4 ../../../libDaisy//build/libdaisy.a(stm32h7xx_hal_pcd_ex.o)
                0x000000009004a634                HAL_PCDEx_LPM_Callback
 .text.HAL_PWREx_ConfigSupply
                0x000000009004a638       0x4c ../../../libDaisy//build/libdaisy.a(stm32h7xx_hal_pwr_ex.o)
                0x000000009004a638                HAL_PWREx_ConfigSupply
 .text.HAL_PWREx_EnableUSBVoltageDetector
                0x000000009004a684       0x10 ../../../libDaisy//build/libdaisy.a(stm32h7xx_hal_pwr_ex.o)
                0x000000009004a684                HAL_PWREx_EnableUSBVoltageDetector
 .text.QSPI_Config
                0x000000009004a694      0x174 ../../../libDaisy//build/libdaisy.a(stm32h7xx_hal_qspi.o)
 .text.HAL_QSPI_Init
                0x000000009004a808       0xd8 ../../../libDaisy//build/libdaisy.a(stm32h7xx_hal_qspi.o)
                0x000000009004a808                HAL_QSPI_Init
 .text.HAL_QSPI_DeInit
                0x000000009004a8e0       0x3c ../../../libDaisy//build/libdaisy.a(stm32h7xx_hal_qspi.o)
                0x000000009004a8e0                HAL_QSPI_DeInit
 .text.HAL_QSPI_Command
                0x000000009004a91c       0xd4 ../../../libDaisy//build/libdaisy.a(stm32h7xx_hal_qspi.o)
                0x000000009004a91c                HAL_QSPI_Command
 .text.HAL_QSPI_Transmit
                0x000000009004a9f0       0xfc ../../../libDaisy//build/libdaisy.a(stm32h7xx_hal_qspi.o)
                0x000000009004a9f0                HAL_QSPI_Transmit
 .text.HAL_QSPI_Receive
                0x000000009004aaec      0x108 ../../../libDaisy//build/libdaisy.a(stm32h7xx_hal_qspi.o)
                0x000000009004aaec                HAL_QSPI_Receive
 .text.HAL_QSPI_AutoPolling
                0x000000009004abf4       0xf0 ../../../libDaisy//build/libdaisy.a(stm32h7xx_hal_qspi.o)
                0x000000009004abf4                HAL_QSPI_AutoPolling
 .text.HAL_QSPI_MemoryMapped
                0x000000009004ace4       0xc0 ../../../libDaisy//build/libdaisy.a(stm32h7xx_hal_qspi.o)
                0x000000009004ace4                HAL_QSPI_MemoryMapped
 .text.HAL_QSPI_ErrorCallback
                0x000000009004ada4        0x4 ../../../libDaisy//build/libdaisy.a(stm32h7xx_hal_qspi.o)
                0x000000009004ada4                HAL_QSPI_ErrorCallback
 .text.QSPI_DMAAbortCplt
                0x000000009004ada8       0x38 ../../../libDaisy//build/libdaisy.a(stm32h7xx_hal_qspi.o)
 .text.HAL_QSPI_AbortCpltCallback
                0x000000009004ade0        0x4 ../../../libDaisy//build/libdaisy.a(stm32h7xx_hal_qspi.o)
                0x000000009004ade0                HAL_QSPI_AbortCpltCallback
 .text.HAL_QSPI_CmdCpltCallback
                0x000000009004ade4        0x4 ../../../libDaisy//build/libdaisy.a(stm32h7xx_hal_qspi.o)
                0x000000009004ade4                HAL_QSPI_CmdCpltCallback
 .text.HAL_QSPI_RxCpltCallback
                0x000000009004ade8        0x4 ../../../libDaisy//build/libdaisy.a(stm32h7xx_hal_qspi.o)
                0x000000009004ade8                HAL_QSPI_RxCpltCallback
 .text.HAL_QSPI_TxCpltCallback
                0x000000009004adec        0x4 ../../../libDaisy//build/libdaisy.a(stm32h7xx_hal_qspi.o)
                0x000000009004adec                HAL_QSPI_TxCpltCallback
 .text.HAL_QSPI_FifoThresholdCallback
                0x000000009004adf0        0x4 ../../../libDaisy//build/libdaisy.a(stm32h7xx_hal_qspi.o)
                0x000000009004adf0                HAL_QSPI_FifoThresholdCallback
 .text.HAL_QSPI_StatusMatchCallback
                0x000000009004adf4        0x4 ../../../libDaisy//build/libdaisy.a(stm32h7xx_hal_qspi.o)
                0x000000009004adf4                HAL_QSPI_StatusMatchCallback
 .text.HAL_QSPI_TimeOutCallback
                0x000000009004adf8        0x4 ../../../libDaisy//build/libdaisy.a(stm32h7xx_hal_qspi.o)
                0x000000009004adf8                HAL_QSPI_TimeOutCallback
 .text.HAL_QSPI_IRQHandler
                0x000000009004adfc      0x210 ../../../libDaisy//build/libdaisy.a(stm32h7xx_hal_qspi.o)
                0x000000009004adfc                HAL_QSPI_IRQHandler
 .text.HAL_RCC_OscConfig
                0x000000009004b00c      0x51c ../../../libDaisy//build/libdaisy.a(stm32h7xx_hal_rcc.o)
                0x000000009004b00c                HAL_RCC_OscConfig
 .text.HAL_RCC_GetSysClockFreq
                0x000000009004b528      0x140 ../../../libDaisy//build/libdaisy.a(stm32h7xx_hal_rcc.o)
                0x000000009004b528                HAL_RCC_GetSysClockFreq
 .text.HAL_RCC_ClockConfig
                0x000000009004b668      0x234 ../../../libDaisy//build/libdaisy.a(stm32h7xx_hal_rcc.o)
                0x000000009004b668                HAL_RCC_ClockConfig
 .text.HAL_RCC_GetHCLKFreq
                0x000000009004b89c       0x2c ../../../libDaisy//build/libdaisy.a(stm32h7xx_hal_rcc.o)
                0x000000009004b89c                HAL_RCC_GetHCLKFreq
 .text.HAL_RCC_GetPCLK1Freq
                0x000000009004b8c8       0x38 ../../../libDaisy//build/libdaisy.a(stm32h7xx_hal_rcc.o)
                0x000000009004b8c8                HAL_RCC_GetPCLK1Freq
 .text.HAL_RCC_GetPCLK2Freq
                0x000000009004b900       0x38 ../../../libDaisy//build/libdaisy.a(stm32h7xx_hal_rcc.o)
                0x000000009004b900                HAL_RCC_GetPCLK2Freq
 .text.RCCEx_PLL2_Config
                0x000000009004b938       0xf4 ../../../libDaisy//build/libdaisy.a(stm32h7xx_hal_rcc_ex.o)
 .text.RCCEx_PLL3_Config
                0x000000009004ba2c       0xf4 ../../../libDaisy//build/libdaisy.a(stm32h7xx_hal_rcc_ex.o)
 .text.HAL_RCCEx_PeriphCLKConfig
                0x000000009004bb20      0xa7c ../../../libDaisy//build/libdaisy.a(stm32h7xx_hal_rcc_ex.o)
                0x000000009004bb20                HAL_RCCEx_PeriphCLKConfig
 .text.HAL_RCCEx_GetD3PCLK1Freq
                0x000000009004c59c       0x24 ../../../libDaisy//build/libdaisy.a(stm32h7xx_hal_rcc_ex.o)
                0x000000009004c59c                HAL_RCCEx_GetD3PCLK1Freq
 .text.HAL_RCCEx_GetPLL2ClockFreq
                0x000000009004c5c0      0x17c ../../../libDaisy//build/libdaisy.a(stm32h7xx_hal_rcc_ex.o)
                0x000000009004c5c0                HAL_RCCEx_GetPLL2ClockFreq
 .text.HAL_RCCEx_GetPLL3ClockFreq
                0x000000009004c73c      0x17c ../../../libDaisy//build/libdaisy.a(stm32h7xx_hal_rcc_ex.o)
                0x000000009004c73c                HAL_RCCEx_GetPLL3ClockFreq
 .text.HAL_RCCEx_GetPLL1ClockFreq
                0x000000009004c8b8      0x17c ../../../libDaisy//build/libdaisy.a(stm32h7xx_hal_rcc_ex.o)
                0x000000009004c8b8                HAL_RCCEx_GetPLL1ClockFreq
 .text.HAL_RCCEx_GetPeriphCLKFreq
                0x000000009004ca34      0x198 ../../../libDaisy//build/libdaisy.a(stm32h7xx_hal_rcc_ex.o)
                0x000000009004ca34                HAL_RCCEx_GetPeriphCLKFreq
 .text.HAL_RCCEx_GetD1SysClockFreq
                0x000000009004cbcc       0x2c ../../../libDaisy//build/libdaisy.a(stm32h7xx_hal_rcc_ex.o)
                0x000000009004cbcc                HAL_RCCEx_GetD1SysClockFreq
 .text.HAL_SAI_Init.part.0
                0x000000009004cbf8      0x348 ../../../libDaisy//build/libdaisy.a(stm32h7xx_hal_sai.o)
 .text.HAL_SAI_InitProtocol
                0x000000009004cf40      0x178 ../../../libDaisy//build/libdaisy.a(stm32h7xx_hal_sai.o)
                0x000000009004cf40                HAL_SAI_InitProtocol
 .text.HAL_SAI_Transmit_DMA
                0x000000009004d0b8      0x124 ../../../libDaisy//build/libdaisy.a(stm32h7xx_hal_sai.o)
                0x000000009004d0b8                HAL_SAI_Transmit_DMA
 .text.HAL_SAI_Receive_DMA
                0x000000009004d1dc       0xd0 ../../../libDaisy//build/libdaisy.a(stm32h7xx_hal_sai.o)
                0x000000009004d1dc                HAL_SAI_Receive_DMA
 .text.HAL_SAI_TxCpltCallback
                0x000000009004d2ac        0x4 ../../../libDaisy//build/libdaisy.a(stm32h7xx_hal_sai.o)
                0x000000009004d2ac                HAL_SAI_TxCpltCallback
 .text.SAI_DMATxCplt
                0x000000009004d2b0       0x64 ../../../libDaisy//build/libdaisy.a(stm32h7xx_hal_sai.o)
 .text.HAL_SAI_TxHalfCpltCallback
                0x000000009004d314        0x4 ../../../libDaisy//build/libdaisy.a(stm32h7xx_hal_sai.o)
                0x000000009004d314                HAL_SAI_TxHalfCpltCallback
 .text.SAI_DMATxHalfCplt
                0x000000009004d318        0xc ../../../libDaisy//build/libdaisy.a(stm32h7xx_hal_sai.o)
 .text.SAI_DMARxCplt
                0x000000009004d324       0x64 ../../../libDaisy//build/libdaisy.a(stm32h7xx_hal_sai.o)
 .text.SAI_DMARxHalfCplt
                0x000000009004d388        0xc ../../../libDaisy//build/libdaisy.a(stm32h7xx_hal_sai.o)
 .text.HAL_SAI_ErrorCallback
                0x000000009004d394        0x4 ../../../libDaisy//build/libdaisy.a(stm32h7xx_hal_sai.o)
                0x000000009004d394                HAL_SAI_ErrorCallback
 .text.SAI_DMAError
                0x000000009004d398       0x6c ../../../libDaisy//build/libdaisy.a(stm32h7xx_hal_sai.o)
 .text.HAL_SDRAM_Init
                0x000000009004d404       0x54 ../../../libDaisy//build/libdaisy.a(stm32h7xx_hal_sdram.o)
                0x000000009004d404                HAL_SDRAM_Init
 .text.HAL_SDRAM_SendCommand
                0x000000009004d458       0x40 ../../../libDaisy//build/libdaisy.a(stm32h7xx_hal_sdram.o)
                0x000000009004d458                HAL_SDRAM_SendCommand
 .text.HAL_SDRAM_ProgramRefreshRate
                0x000000009004d498       0x30 ../../../libDaisy//build/libdaisy.a(stm32h7xx_hal_sdram.o)
                0x000000009004d498                HAL_SDRAM_ProgramRefreshRate
 .text.FMC_SDRAM_Init
                0x000000009004d4c8       0x7c ../../../libDaisy//build/libdaisy.a(stm32h7xx_ll_fmc.o)
                0x000000009004d4c8                FMC_SDRAM_Init
 .text.FMC_SDRAM_Timing_Init
                0x000000009004d544       0x98 ../../../libDaisy//build/libdaisy.a(stm32h7xx_ll_fmc.o)
                0x000000009004d544                FMC_SDRAM_Timing_Init
 .text.FMC_SDRAM_SendCommand
                0x000000009004d5dc       0x28 ../../../libDaisy//build/libdaisy.a(stm32h7xx_ll_fmc.o)
                0x000000009004d5dc                FMC_SDRAM_SendCommand
 .text.FMC_SDRAM_ProgramRefreshRate
                0x000000009004d604       0x1c ../../../libDaisy//build/libdaisy.a(stm32h7xx_ll_fmc.o)
                0x000000009004d604                FMC_SDRAM_ProgramRefreshRate
 .text.USB_CoreInit
                0x000000009004d620      0x124 ../../../libDaisy//build/libdaisy.a(stm32h7xx_ll_usb.o)
                0x000000009004d620                USB_CoreInit
 .text.USB_SetTurnaroundTime
                0x000000009004d744      0x104 ../../../libDaisy//build/libdaisy.a(stm32h7xx_ll_usb.o)
                0x000000009004d744                USB_SetTurnaroundTime
 .text.USB_EnableGlobalInt
                0x000000009004d848       0x10 ../../../libDaisy//build/libdaisy.a(stm32h7xx_ll_usb.o)
                0x000000009004d848                USB_EnableGlobalInt
 .text.USB_DisableGlobalInt
                0x000000009004d858       0x10 ../../../libDaisy//build/libdaisy.a(stm32h7xx_ll_usb.o)
                0x000000009004d858                USB_DisableGlobalInt
 .text.USB_SetCurrentMode
                0x000000009004d868       0x30 ../../../libDaisy//build/libdaisy.a(stm32h7xx_ll_usb.o)
                0x000000009004d868                USB_SetCurrentMode
 .text.USB_DevInit
                0x000000009004d898      0x20c ../../../libDaisy//build/libdaisy.a(stm32h7xx_ll_usb.o)
                0x000000009004d898                USB_DevInit
 .text.USB_FlushTxFifo
                0x000000009004daa4       0x34 ../../../libDaisy//build/libdaisy.a(stm32h7xx_ll_usb.o)
                0x000000009004daa4                USB_FlushTxFifo
 .text.USB_GetDevSpeed
                0x000000009004dad8       0x24 ../../../libDaisy//build/libdaisy.a(stm32h7xx_ll_usb.o)
                0x000000009004dad8                USB_GetDevSpeed
 .text.USB_ActivateEndpoint
                0x000000009004dafc       0x90 ../../../libDaisy//build/libdaisy.a(stm32h7xx_ll_usb.o)
                0x000000009004dafc                USB_ActivateEndpoint
 .text.USB_DeactivateEndpoint
                0x000000009004db8c       0x84 ../../../libDaisy//build/libdaisy.a(stm32h7xx_ll_usb.o)
                0x000000009004db8c                USB_DeactivateEndpoint
 .text.USB_EPStartXfer
                0x000000009004dc10      0x230 ../../../libDaisy//build/libdaisy.a(stm32h7xx_ll_usb.o)
                0x000000009004dc10                USB_EPStartXfer
 .text.USB_EP0StartXfer
                0x000000009004de40      0x174 ../../../libDaisy//build/libdaisy.a(stm32h7xx_ll_usb.o)
                0x000000009004de40                USB_EP0StartXfer
 .text.USB_WritePacket
                0x000000009004dfb4       0x2c ../../../libDaisy//build/libdaisy.a(stm32h7xx_ll_usb.o)
                0x000000009004dfb4                USB_WritePacket
 .text.USB_ReadPacket
                0x000000009004dfe0       0x20 ../../../libDaisy//build/libdaisy.a(stm32h7xx_ll_usb.o)
                0x000000009004dfe0                USB_ReadPacket
 .text.USB_EPSetStall
                0x000000009004e000       0x68 ../../../libDaisy//build/libdaisy.a(stm32h7xx_ll_usb.o)
                0x000000009004e000                USB_EPSetStall
 .text.USB_EPClearStall
                0x000000009004e068       0x58 ../../../libDaisy//build/libdaisy.a(stm32h7xx_ll_usb.o)
                0x000000009004e068                USB_EPClearStall
 .text.USB_SetDevAddress
                0x000000009004e0c0       0x24 ../../../libDaisy//build/libdaisy.a(stm32h7xx_ll_usb.o)
                0x000000009004e0c0                USB_SetDevAddress
 .text.USB_DevConnect
                0x000000009004e0e4       0x1c ../../../libDaisy//build/libdaisy.a(stm32h7xx_ll_usb.o)
                0x000000009004e0e4                USB_DevConnect
 .text.USB_DevDisconnect
                0x000000009004e100       0x1c ../../../libDaisy//build/libdaisy.a(stm32h7xx_ll_usb.o)
                0x000000009004e100                USB_DevDisconnect
 .text.USB_ReadInterrupts
                0x000000009004e11c       0x14 ../../../libDaisy//build/libdaisy.a(stm32h7xx_ll_usb.o)